<?xml version="1.0" encoding="ISO-8859-1" ?>
<link_info>
   <banner>TI ARM Linker PC v18.12.1.LTS</banner>
   <copyright>Copyright (c) 1996-2018 Texas Instruments Incorporated</copyright>
   <link_time>0x60d1b89d</link_time>
   <link_errors>0x0</link_errors>
   <output_file>steering.out</output_file>
   <entry_point>
      <name>_c_int00_noargs</name>
      <address>0xd6d9</address>
   </entry_point>
   <input_file_list>
      <input_file id="fl-2">
         <path>.\</path>
         <kind>object</kind>
         <file>ADC.obj</file>
         <name>ADC.obj</name>
      </input_file>
      <input_file id="fl-3">
         <path>.\</path>
         <kind>object</kind>
         <file>enocder.obj</file>
         <name>enocder.obj</name>
      </input_file>
      <input_file id="fl-4">
         <path>.\</path>
         <kind>object</kind>
         <file>ether.obj</file>
         <name>ether.obj</name>
      </input_file>
      <input_file id="fl-5">
         <path>.\</path>
         <kind>object</kind>
         <file>main.obj</file>
         <name>main.obj</name>
      </input_file>
      <input_file id="fl-6">
         <path>.\</path>
         <kind>object</kind>
         <file>motor.obj</file>
         <name>motor.obj</name>
      </input_file>
      <input_file id="fl-7">
         <path>.\</path>
         <kind>object</kind>
         <file>pid.obj</file>
         <name>pid.obj</name>
      </input_file>
      <input_file id="fl-8">
         <path>.\</path>
         <kind>object</kind>
         <file>pwm.obj</file>
         <name>pwm.obj</name>
      </input_file>
      <input_file id="fl-9">
         <path>.\</path>
         <kind>object</kind>
         <file>single_ended.obj</file>
         <name>single_ended.obj</name>
      </input_file>
      <input_file id="fl-a">
         <path>.\</path>
         <kind>object</kind>
         <file>tm4c123gh6pm_startup_ccs.obj</file>
         <name>tm4c123gh6pm_startup_ccs.obj</name>
      </input_file>
      <input_file id="fl-b">
         <path>.\driverlib\</path>
         <kind>object</kind>
         <file>adc.obj</file>
         <name>adc.obj</name>
      </input_file>
      <input_file id="fl-c">
         <path>.\driverlib\</path>
         <kind>object</kind>
         <file>aes.obj</file>
         <name>aes.obj</name>
      </input_file>
      <input_file id="fl-d">
         <path>.\driverlib\</path>
         <kind>object</kind>
         <file>can.obj</file>
         <name>can.obj</name>
      </input_file>
      <input_file id="fl-e">
         <path>.\driverlib\</path>
         <kind>object</kind>
         <file>comp.obj</file>
         <name>comp.obj</name>
      </input_file>
      <input_file id="fl-f">
         <path>.\driverlib\</path>
         <kind>object</kind>
         <file>cpu.obj</file>
         <name>cpu.obj</name>
      </input_file>
      <input_file id="fl-10">
         <path>.\driverlib\</path>
         <kind>object</kind>
         <file>crc.obj</file>
         <name>crc.obj</name>
      </input_file>
      <input_file id="fl-11">
         <path>.\driverlib\</path>
         <kind>object</kind>
         <file>des.obj</file>
         <name>des.obj</name>
      </input_file>
      <input_file id="fl-12">
         <path>.\driverlib\</path>
         <kind>object</kind>
         <file>eeprom.obj</file>
         <name>eeprom.obj</name>
      </input_file>
      <input_file id="fl-13">
         <path>.\driverlib\</path>
         <kind>object</kind>
         <file>emac.obj</file>
         <name>emac.obj</name>
      </input_file>
      <input_file id="fl-14">
         <path>.\driverlib\</path>
         <kind>object</kind>
         <file>epi.obj</file>
         <name>epi.obj</name>
      </input_file>
      <input_file id="fl-15">
         <path>.\driverlib\</path>
         <kind>object</kind>
         <file>epi_workaround_ccs.obj</file>
         <name>epi_workaround_ccs.obj</name>
      </input_file>
      <input_file id="fl-16">
         <path>.\driverlib\</path>
         <kind>object</kind>
         <file>flash.obj</file>
         <name>flash.obj</name>
      </input_file>
      <input_file id="fl-17">
         <path>.\driverlib\</path>
         <kind>object</kind>
         <file>fpu.obj</file>
         <name>fpu.obj</name>
      </input_file>
      <input_file id="fl-18">
         <path>.\driverlib\</path>
         <kind>object</kind>
         <file>gpio.obj</file>
         <name>gpio.obj</name>
      </input_file>
      <input_file id="fl-19">
         <path>.\driverlib\</path>
         <kind>object</kind>
         <file>hibernate.obj</file>
         <name>hibernate.obj</name>
      </input_file>
      <input_file id="fl-1a">
         <path>.\driverlib\</path>
         <kind>object</kind>
         <file>i2c.obj</file>
         <name>i2c.obj</name>
      </input_file>
      <input_file id="fl-1b">
         <path>.\driverlib\</path>
         <kind>object</kind>
         <file>interrupt.obj</file>
         <name>interrupt.obj</name>
      </input_file>
      <input_file id="fl-1c">
         <path>.\driverlib\</path>
         <kind>object</kind>
         <file>lcd.obj</file>
         <name>lcd.obj</name>
      </input_file>
      <input_file id="fl-1d">
         <path>.\driverlib\</path>
         <kind>object</kind>
         <file>mpu.obj</file>
         <name>mpu.obj</name>
      </input_file>
      <input_file id="fl-1e">
         <path>.\driverlib\</path>
         <kind>object</kind>
         <file>onewire.obj</file>
         <name>onewire.obj</name>
      </input_file>
      <input_file id="fl-1f">
         <path>.\driverlib\</path>
         <kind>object</kind>
         <file>pwm.obj</file>
         <name>pwm.obj</name>
      </input_file>
      <input_file id="fl-20">
         <path>.\driverlib\</path>
         <kind>object</kind>
         <file>qei.obj</file>
         <name>qei.obj</name>
      </input_file>
      <input_file id="fl-21">
         <path>.\driverlib\</path>
         <kind>object</kind>
         <file>shamd5.obj</file>
         <name>shamd5.obj</name>
      </input_file>
      <input_file id="fl-22">
         <path>.\driverlib\</path>
         <kind>object</kind>
         <file>ssi.obj</file>
         <name>ssi.obj</name>
      </input_file>
      <input_file id="fl-23">
         <path>.\driverlib\</path>
         <kind>object</kind>
         <file>sw_crc.obj</file>
         <name>sw_crc.obj</name>
      </input_file>
      <input_file id="fl-24">
         <path>.\driverlib\</path>
         <kind>object</kind>
         <file>sysctl.obj</file>
         <name>sysctl.obj</name>
      </input_file>
      <input_file id="fl-25">
         <path>.\driverlib\</path>
         <kind>object</kind>
         <file>sysexc.obj</file>
         <name>sysexc.obj</name>
      </input_file>
      <input_file id="fl-26">
         <path>.\driverlib\</path>
         <kind>object</kind>
         <file>systick.obj</file>
         <name>systick.obj</name>
      </input_file>
      <input_file id="fl-27">
         <path>.\driverlib\</path>
         <kind>object</kind>
         <file>timer.obj</file>
         <name>timer.obj</name>
      </input_file>
      <input_file id="fl-28">
         <path>.\driverlib\</path>
         <kind>object</kind>
         <file>uart.obj</file>
         <name>uart.obj</name>
      </input_file>
      <input_file id="fl-29">
         <path>.\driverlib\</path>
         <kind>object</kind>
         <file>udma.obj</file>
         <name>udma.obj</name>
      </input_file>
      <input_file id="fl-2a">
         <path>.\driverlib\</path>
         <kind>object</kind>
         <file>usb.obj</file>
         <name>usb.obj</name>
      </input_file>
      <input_file id="fl-2b">
         <path>.\driverlib\</path>
         <kind>object</kind>
         <file>watchdog.obj</file>
         <name>watchdog.obj</name>
      </input_file>
      <input_file id="fl-2c">
         <path>.\interface\</path>
         <kind>object</kind>
         <file>interface.obj</file>
         <name>interface.obj</name>
      </input_file>
      <input_file id="fl-2d">
         <path>.\ports\</path>
         <kind>object</kind>
         <file>buttons.obj</file>
         <name>buttons.obj</name>
      </input_file>
      <input_file id="fl-2e">
         <path>.\ports\</path>
         <kind>object</kind>
         <file>config.obj</file>
         <name>config.obj</name>
      </input_file>
      <input_file id="fl-2f">
         <path>.\ports\</path>
         <kind>object</kind>
         <file>enc28j60.obj</file>
         <name>enc28j60.obj</name>
      </input_file>
      <input_file id="fl-30">
         <path>.\ports\</path>
         <kind>object</kind>
         <file>led.obj</file>
         <name>led.obj</name>
      </input_file>
      <input_file id="fl-31">
         <path>.\ports\</path>
         <kind>object</kind>
         <file>perf.obj</file>
         <name>perf.obj</name>
      </input_file>
      <input_file id="fl-32">
         <path>.\ports\</path>
         <kind>object</kind>
         <file>spi.obj</file>
         <name>spi.obj</name>
      </input_file>
      <input_file id="fl-33">
         <path>.\ports\</path>
         <kind>object</kind>
         <file>sys_arch.obj</file>
         <name>sys_arch.obj</name>
      </input_file>
      <input_file id="fl-34">
         <path>.\ports\</path>
         <kind>object</kind>
         <file>systick.obj</file>
         <name>systick.obj</name>
      </input_file>
      <input_file id="fl-35">
         <path>.\src\api\</path>
         <kind>object</kind>
         <file>sockets.obj</file>
         <name>sockets.obj</name>
      </input_file>
      <input_file id="fl-36">
         <path>.\src\core\</path>
         <kind>object</kind>
         <file>def.obj</file>
         <name>def.obj</name>
      </input_file>
      <input_file id="fl-37">
         <path>.\src\core\</path>
         <kind>object</kind>
         <file>dhcp.obj</file>
         <name>dhcp.obj</name>
      </input_file>
      <input_file id="fl-38">
         <path>.\src\core\</path>
         <kind>object</kind>
         <file>dns.obj</file>
         <name>dns.obj</name>
      </input_file>
      <input_file id="fl-39">
         <path>.\src\core\</path>
         <kind>object</kind>
         <file>etharp.obj</file>
         <name>etharp.obj</name>
      </input_file>
      <input_file id="fl-3a">
         <path>.\src\core\</path>
         <kind>object</kind>
         <file>ethernetif.obj</file>
         <name>ethernetif.obj</name>
      </input_file>
      <input_file id="fl-3b">
         <path>.\src\core\</path>
         <kind>object</kind>
         <file>init.obj</file>
         <name>init.obj</name>
      </input_file>
      <input_file id="fl-3c">
         <path>.\src\core\</path>
         <kind>object</kind>
         <file>mem.obj</file>
         <name>mem.obj</name>
      </input_file>
      <input_file id="fl-3d">
         <path>.\src\core\</path>
         <kind>object</kind>
         <file>memp.obj</file>
         <name>memp.obj</name>
      </input_file>
      <input_file id="fl-3e">
         <path>.\src\core\</path>
         <kind>object</kind>
         <file>netif.obj</file>
         <name>netif.obj</name>
      </input_file>
      <input_file id="fl-3f">
         <path>.\src\core\</path>
         <kind>object</kind>
         <file>pbuf.obj</file>
         <name>pbuf.obj</name>
      </input_file>
      <input_file id="fl-40">
         <path>.\src\core\</path>
         <kind>object</kind>
         <file>raw.obj</file>
         <name>raw.obj</name>
      </input_file>
      <input_file id="fl-41">
         <path>.\src\core\</path>
         <kind>object</kind>
         <file>stats.obj</file>
         <name>stats.obj</name>
      </input_file>
      <input_file id="fl-42">
         <path>.\src\core\</path>
         <kind>object</kind>
         <file>sys.obj</file>
         <name>sys.obj</name>
      </input_file>
      <input_file id="fl-43">
         <path>.\src\core\</path>
         <kind>object</kind>
         <file>tcp.obj</file>
         <name>tcp.obj</name>
      </input_file>
      <input_file id="fl-44">
         <path>.\src\core\</path>
         <kind>object</kind>
         <file>tcp_in.obj</file>
         <name>tcp_in.obj</name>
      </input_file>
      <input_file id="fl-45">
         <path>.\src\core\</path>
         <kind>object</kind>
         <file>tcp_out.obj</file>
         <name>tcp_out.obj</name>
      </input_file>
      <input_file id="fl-46">
         <path>.\src\core\</path>
         <kind>object</kind>
         <file>timers.obj</file>
         <name>timers.obj</name>
      </input_file>
      <input_file id="fl-47">
         <path>.\src\core\</path>
         <kind>object</kind>
         <file>udp.obj</file>
         <name>udp.obj</name>
      </input_file>
      <input_file id="fl-48">
         <path>.\src\core\ipv4\</path>
         <kind>object</kind>
         <file>autoip.obj</file>
         <name>autoip.obj</name>
      </input_file>
      <input_file id="fl-49">
         <path>.\src\core\ipv4\</path>
         <kind>object</kind>
         <file>icmp.obj</file>
         <name>icmp.obj</name>
      </input_file>
      <input_file id="fl-4a">
         <path>.\src\core\ipv4\</path>
         <kind>object</kind>
         <file>igmp.obj</file>
         <name>igmp.obj</name>
      </input_file>
      <input_file id="fl-4b">
         <path>.\src\core\ipv4\</path>
         <kind>object</kind>
         <file>inet.obj</file>
         <name>inet.obj</name>
      </input_file>
      <input_file id="fl-4c">
         <path>.\src\core\ipv4\</path>
         <kind>object</kind>
         <file>inet_chksum.obj</file>
         <name>inet_chksum.obj</name>
      </input_file>
      <input_file id="fl-4d">
         <path>.\src\core\ipv4\</path>
         <kind>object</kind>
         <file>ip.obj</file>
         <name>ip.obj</name>
      </input_file>
      <input_file id="fl-4e">
         <path>.\src\core\ipv4\</path>
         <kind>object</kind>
         <file>ip_addr.obj</file>
         <name>ip_addr.obj</name>
      </input_file>
      <input_file id="fl-4f">
         <path>.\src\core\ipv4\</path>
         <kind>object</kind>
         <file>ip_frag.obj</file>
         <name>ip_frag.obj</name>
      </input_file>
      <input_file id="fl-50">
         <path>.\utils\</path>
         <kind>object</kind>
         <file>cmdline.obj</file>
         <name>cmdline.obj</name>
      </input_file>
      <input_file id="fl-51">
         <path>.\utils\</path>
         <kind>object</kind>
         <file>cpu_usage.obj</file>
         <name>cpu_usage.obj</name>
      </input_file>
      <input_file id="fl-52">
         <path>.\utils\</path>
         <kind>object</kind>
         <file>eeprom_pb.obj</file>
         <name>eeprom_pb.obj</name>
      </input_file>
      <input_file id="fl-53">
         <path>.\utils\</path>
         <kind>object</kind>
         <file>flash_pb.obj</file>
         <name>flash_pb.obj</name>
      </input_file>
      <input_file id="fl-54">
         <path>.\utils\</path>
         <kind>object</kind>
         <file>isqrt.obj</file>
         <name>isqrt.obj</name>
      </input_file>
      <input_file id="fl-55">
         <path>.\utils\</path>
         <kind>object</kind>
         <file>lwiplib.obj</file>
         <name>lwiplib.obj</name>
      </input_file>
      <input_file id="fl-56">
         <path>.\utils\</path>
         <kind>object</kind>
         <file>random.obj</file>
         <name>random.obj</name>
      </input_file>
      <input_file id="fl-57">
         <path>.\utils\</path>
         <kind>object</kind>
         <file>ringbuf.obj</file>
         <name>ringbuf.obj</name>
      </input_file>
      <input_file id="fl-58">
         <path>.\utils\</path>
         <kind>object</kind>
         <file>scheduler.obj</file>
         <name>scheduler.obj</name>
      </input_file>
      <input_file id="fl-59">
         <path>.\utils\</path>
         <kind>object</kind>
         <file>sine.obj</file>
         <name>sine.obj</name>
      </input_file>
      <input_file id="fl-5a">
         <path>.\utils\</path>
         <kind>object</kind>
         <file>smbus.obj</file>
         <name>smbus.obj</name>
      </input_file>
      <input_file id="fl-5b">
         <path>.\utils\</path>
         <kind>object</kind>
         <file>softi2c.obj</file>
         <name>softi2c.obj</name>
      </input_file>
      <input_file id="fl-5c">
         <path>.\utils\</path>
         <kind>object</kind>
         <file>softssi.obj</file>
         <name>softssi.obj</name>
      </input_file>
      <input_file id="fl-5d">
         <path>.\utils\</path>
         <kind>object</kind>
         <file>softuart.obj</file>
         <name>softuart.obj</name>
      </input_file>
      <input_file id="fl-5e">
         <path>.\utils\</path>
         <kind>object</kind>
         <file>spi_flash.obj</file>
         <name>spi_flash.obj</name>
      </input_file>
      <input_file id="fl-5f">
         <path>.\utils\</path>
         <kind>object</kind>
         <file>uartstdio.obj</file>
         <name>uartstdio.obj</name>
      </input_file>
      <input_file id="fl-60">
         <path>.\utils\</path>
         <kind>object</kind>
         <file>ustdlib.obj</file>
         <name>ustdlib.obj</name>
      </input_file>
      <input_file id="fl-68">
         <kind>object</kind>
         <file>&lt;internal&gt;</file>
         <name>&lt;internal&gt;</name>
      </input_file>
      <input_file id="fl-11e">
         <path>C:\ti\ccs900\ccs\tools\compiler\ti-cgt-arm_18.12.1.LTS\lib\</path>
         <kind>archive</kind>
         <file>rtsv7M4_T_le_v4SPD16_eabi.lib</file>
         <name>memcpy_t2.asm.obj</name>
      </input_file>
      <input_file id="fl-11f">
         <path>C:\ti\ccs900\ccs\tools\compiler\ti-cgt-arm_18.12.1.LTS\lib\</path>
         <kind>archive</kind>
         <file>rtsv7M4_T_le_v4SPD16_eabi.lib</file>
         <name>u_divt2.asm.obj</name>
      </input_file>
      <input_file id="fl-120">
         <path>C:\ti\ccs900\ccs\tools\compiler\ti-cgt-arm_18.12.1.LTS\lib\</path>
         <kind>archive</kind>
         <file>rtsv7M4_T_le_v4SPD16_eabi.lib</file>
         <name>memset_t2.asm.obj</name>
      </input_file>
      <input_file id="fl-121">
         <path>C:\ti\ccs900\ccs\tools\compiler\ti-cgt-arm_18.12.1.LTS\lib\</path>
         <kind>archive</kind>
         <file>rtsv7M4_T_le_v4SPD16_eabi.lib</file>
         <name>copy_zero_init.c.obj</name>
      </input_file>
      <input_file id="fl-122">
         <path>C:\ti\ccs900\ccs\tools\compiler\ti-cgt-arm_18.12.1.LTS\lib\</path>
         <kind>archive</kind>
         <file>rtsv7M4_T_le_v4SPD16_eabi.lib</file>
         <name>copy_decompress_none.c.obj</name>
      </input_file>
      <input_file id="fl-123">
         <path>C:\ti\ccs900\ccs\tools\compiler\ti-cgt-arm_18.12.1.LTS\lib\</path>
         <kind>archive</kind>
         <file>rtsv7M4_T_le_v4SPD16_eabi.lib</file>
         <name>copy_decompress_lzss.c.obj</name>
      </input_file>
      <input_file id="fl-124">
         <path>C:\ti\ccs900\ccs\tools\compiler\ti-cgt-arm_18.12.1.LTS\lib\</path>
         <kind>archive</kind>
         <file>rtsv7M4_T_le_v4SPD16_eabi.lib</file>
         <name>memcmp.c.obj</name>
      </input_file>
      <input_file id="fl-125">
         <path>C:\ti\ccs900\ccs\tools\compiler\ti-cgt-arm_18.12.1.LTS\lib\</path>
         <kind>archive</kind>
         <file>rtsv7M4_T_le_v4SPD16_eabi.lib</file>
         <name>strcmp.c.obj</name>
      </input_file>
      <input_file id="fl-126">
         <path>C:\ti\ccs900\ccs\tools\compiler\ti-cgt-arm_18.12.1.LTS\lib\</path>
         <kind>archive</kind>
         <file>rtsv7M4_T_le_v4SPD16_eabi.lib</file>
         <name>strlen.c.obj</name>
      </input_file>
      <input_file id="fl-127">
         <path>C:\ti\ccs900\ccs\tools\compiler\ti-cgt-arm_18.12.1.LTS\lib\</path>
         <kind>archive</kind>
         <file>rtsv7M4_T_le_v4SPD16_eabi.lib</file>
         <name>boot_cortex_m.c.obj</name>
      </input_file>
      <input_file id="fl-128">
         <path>C:\ti\ccs900\ccs\tools\compiler\ti-cgt-arm_18.12.1.LTS\lib\</path>
         <kind>archive</kind>
         <file>rtsv7M4_T_le_v4SPD16_eabi.lib</file>
         <name>div0.asm.obj</name>
      </input_file>
      <input_file id="fl-129">
         <path>C:\ti\ccs900\ccs\tools\compiler\ti-cgt-arm_18.12.1.LTS\lib\</path>
         <kind>archive</kind>
         <file>rtsv7M4_T_le_v4SPD16_eabi.lib</file>
         <name>autoinit.c.obj</name>
      </input_file>
      <input_file id="fl-12a">
         <path>C:\ti\ccs900\ccs\tools\compiler\ti-cgt-arm_18.12.1.LTS\lib\</path>
         <kind>archive</kind>
         <file>rtsv7M4_T_le_v4SPD16_eabi.lib</file>
         <name>pre_init.c.obj</name>
      </input_file>
      <input_file id="fl-12b">
         <path>C:\ti\ccs900\ccs\tools\compiler\ti-cgt-arm_18.12.1.LTS\lib\</path>
         <kind>archive</kind>
         <file>rtsv7M4_T_le_v4SPD16_eabi.lib</file>
         <name>cpy_tbl.c.obj</name>
      </input_file>
      <input_file id="fl-12c">
         <path>C:\ti\ccs900\ccs\tools\compiler\ti-cgt-arm_18.12.1.LTS\lib\</path>
         <kind>archive</kind>
         <file>rtsv7M4_T_le_v4SPD16_eabi.lib</file>
         <name>exit.c.obj</name>
      </input_file>
      <input_file id="fl-12d">
         <path>C:\ti\ccs900\ccs\tools\compiler\ti-cgt-arm_18.12.1.LTS\lib\</path>
         <kind>archive</kind>
         <file>rtsv7M4_T_le_v4SPD16_eabi.lib</file>
         <name>_lock.c.obj</name>
      </input_file>
      <input_file id="fl-12e">
         <path>C:\ti\ccs900\ccs\tools\compiler\ti-cgt-arm_18.12.1.LTS\lib\</path>
         <kind>archive</kind>
         <file>rtsv7M4_T_le_v4SPD16_eabi.lib</file>
         <name>args_main.c.obj</name>
      </input_file>
   </input_file_list>
   <object_component_list>
      <object_component id="oc-f">
         <name>.intvecs</name>
         <load_address>0x0</load_address>
         <run_address>0x0</run_address>
         <size>0x26c</size>
         <input_file_ref idref="fl-a"/>
      </object_component>
      <object_component id="oc-31c">
         <name>.text</name>
         <load_address>0x26c</load_address>
         <run_address>0x26c</run_address>
         <size>0x1b14</size>
         <input_file_ref idref="fl-44"/>
      </object_component>
      <object_component id="oc-15a">
         <name>.text</name>
         <load_address>0x1d80</load_address>
         <run_address>0x1d80</run_address>
         <size>0x12e4</size>
         <input_file_ref idref="fl-43"/>
      </object_component>
      <object_component id="oc-2bf">
         <name>.text</name>
         <load_address>0x3064</load_address>
         <run_address>0x3064</run_address>
         <size>0x10b8</size>
         <input_file_ref idref="fl-45"/>
      </object_component>
      <object_component id="oc-89">
         <name>.text</name>
         <load_address>0x411c</load_address>
         <run_address>0x411c</run_address>
         <size>0xf80</size>
         <input_file_ref idref="fl-24"/>
      </object_component>
      <object_component id="oc-c5">
         <name>.text</name>
         <load_address>0x509c</load_address>
         <run_address>0x509c</run_address>
         <size>0xc8c</size>
         <input_file_ref idref="fl-39"/>
      </object_component>
      <object_component id="oc-30">
         <name>.text</name>
         <load_address>0x5d28</load_address>
         <run_address>0x5d28</run_address>
         <size>0xbc4</size>
         <input_file_ref idref="fl-2f"/>
      </object_component>
      <object_component id="oc-aa">
         <name>.text</name>
         <load_address>0x68ec</load_address>
         <run_address>0x68ec</run_address>
         <size>0xb94</size>
         <input_file_ref idref="fl-18"/>
      </object_component>
      <object_component id="oc-bf">
         <name>.text</name>
         <load_address>0x7480</load_address>
         <run_address>0x7480</run_address>
         <size>0xa88</size>
         <input_file_ref idref="fl-3f"/>
      </object_component>
      <object_component id="oc-33b">
         <name>.text</name>
         <load_address>0x7f08</load_address>
         <run_address>0x7f08</run_address>
         <size>0x83a</size>
         <input_file_ref idref="fl-b"/>
      </object_component>
      <object_component id="oc-3e1">
         <name>.text</name>
         <load_address>0x8742</load_address>
         <run_address>0x8742</run_address>
         <size>0x2</size>
         <input_file_ref idref="fl-128"/>
      </object_component>
      <object_component id="oc-16c">
         <name>.text</name>
         <load_address>0x8744</load_address>
         <run_address>0x8744</run_address>
         <size>0x680</size>
         <input_file_ref idref="fl-47"/>
      </object_component>
      <object_component id="oc-334">
         <name>.text</name>
         <load_address>0x8dc4</load_address>
         <run_address>0x8dc4</run_address>
         <size>0x642</size>
         <input_file_ref idref="fl-27"/>
      </object_component>
      <object_component id="oc-2a8">
         <name>.text</name>
         <load_address>0x9406</load_address>
         <run_address>0x9406</run_address>
         <size>0x2</size>
         <input_file_ref idref="fl-41"/>
      </object_component>
      <object_component id="oc-166">
         <name>.text</name>
         <load_address>0x9408</load_address>
         <run_address>0x9408</run_address>
         <size>0x62e</size>
         <input_file_ref idref="fl-28"/>
      </object_component>
      <object_component id="oc-1c3">
         <name>.text</name>
         <load_address>0x9a38</load_address>
         <run_address>0x9a38</run_address>
         <size>0x564</size>
         <input_file_ref idref="fl-3c"/>
      </object_component>
      <object_component id="oc-175">
         <name>.text</name>
         <load_address>0x9f9c</load_address>
         <run_address>0x9f9c</run_address>
         <size>0x4b8</size>
         <input_file_ref idref="fl-4d"/>
      </object_component>
      <object_component id="oc-160">
         <name>.text</name>
         <load_address>0xa454</load_address>
         <run_address>0xa454</run_address>
         <size>0x49c</size>
         <input_file_ref idref="fl-5f"/>
      </object_component>
      <object_component id="oc-300">
         <name>.text</name>
         <load_address>0xa8f0</load_address>
         <run_address>0xa8f0</run_address>
         <size>0x3c4</size>
         <input_file_ref idref="fl-4c"/>
      </object_component>
      <object_component id="oc-1e8">
         <name>.text</name>
         <load_address>0xacb4</load_address>
         <run_address>0xacb4</run_address>
         <size>0x3c4</size>
         <input_file_ref idref="fl-4e"/>
      </object_component>
      <object_component id="oc-83">
         <name>.text</name>
         <load_address>0xb078</load_address>
         <run_address>0xb078</run_address>
         <size>0x3c0</size>
         <input_file_ref idref="fl-1b"/>
      </object_component>
      <object_component id="oc-8f">
         <name>.text</name>
         <load_address>0xb438</load_address>
         <run_address>0xb438</run_address>
         <size>0x3bc</size>
         <input_file_ref idref="fl-2c"/>
      </object_component>
      <object_component id="oc-154">
         <name>.text</name>
         <load_address>0xb7f4</load_address>
         <run_address>0xb7f4</run_address>
         <size>0x338</size>
         <input_file_ref idref="fl-3e"/>
      </object_component>
      <object_component id="oc-1ad">
         <name>.text</name>
         <load_address>0xbb2c</load_address>
         <run_address>0xbb2c</run_address>
         <size>0x336</size>
         <input_file_ref idref="fl-22"/>
      </object_component>
      <object_component id="oc-185">
         <name>.text</name>
         <load_address>0xbe64</load_address>
         <run_address>0xbe64</run_address>
         <size>0x2d4</size>
         <input_file_ref idref="fl-3"/>
      </object_component>
      <object_component id="oc-309">
         <name>.text</name>
         <load_address>0xc138</load_address>
         <run_address>0xc138</run_address>
         <size>0x2bc</size>
         <input_file_ref idref="fl-49"/>
      </object_component>
      <object_component id="oc-2ae">
         <name>.text</name>
         <load_address>0xc3f4</load_address>
         <run_address>0xc3f4</run_address>
         <size>0x280</size>
         <input_file_ref idref="fl-46"/>
      </object_component>
      <object_component id="oc-316">
         <name>.text</name>
         <load_address>0xc674</load_address>
         <run_address>0xc674</run_address>
         <size>0x26c</size>
         <input_file_ref idref="fl-40"/>
      </object_component>
      <object_component id="oc-1bd">
         <name>.text</name>
         <load_address>0xc8e0</load_address>
         <run_address>0xc8e0</run_address>
         <size>0x210</size>
         <input_file_ref idref="fl-3d"/>
      </object_component>
      <object_component id="oc-197">
         <name>.text</name>
         <load_address>0xcaf0</load_address>
         <run_address>0xcaf0</run_address>
         <size>0x1a4</size>
         <input_file_ref idref="fl-7"/>
      </object_component>
      <object_component id="oc-191">
         <name>.text</name>
         <load_address>0xcc94</load_address>
         <run_address>0xcc94</run_address>
         <size>0x19c</size>
         <input_file_ref idref="fl-2"/>
      </object_component>
      <object_component id="oc-18b">
         <name>.text</name>
         <load_address>0xce30</load_address>
         <run_address>0xce30</run_address>
         <size>0x184</size>
         <input_file_ref idref="fl-6"/>
      </object_component>
      <object_component id="oc-95">
         <name>.text</name>
         <load_address>0xcfb4</load_address>
         <run_address>0xcfb4</run_address>
         <size>0x160</size>
         <input_file_ref idref="fl-5"/>
      </object_component>
      <object_component id="oc-b0">
         <name>.text</name>
         <load_address>0xd114</load_address>
         <run_address>0xd114</run_address>
         <size>0x108</size>
         <input_file_ref idref="fl-32"/>
      </object_component>
      <object_component id="oc-36">
         <name>.text</name>
         <load_address>0xd21c</load_address>
         <run_address>0xd21c</run_address>
         <size>0xb0</size>
         <input_file_ref idref="fl-2d"/>
      </object_component>
      <object_component id="oc-4a">
         <name>.text</name>
         <load_address>0xd2cc</load_address>
         <run_address>0xd2cc</run_address>
         <size>0x9c</size>
         <input_file_ref idref="fl-11e"/>
      </object_component>
      <object_component id="oc-2a">
         <name>.text</name>
         <load_address>0xd368</load_address>
         <run_address>0xd368</run_address>
         <size>0x90</size>
         <input_file_ref idref="fl-34"/>
      </object_component>
      <object_component id="oc-7d">
         <name>.text</name>
         <load_address>0xd3f8</load_address>
         <run_address>0xd3f8</run_address>
         <size>0x88</size>
         <input_file_ref idref="fl-26"/>
      </object_component>
      <object_component id="oc-ba">
         <name>.text</name>
         <load_address>0xd480</load_address>
         <run_address>0xd480</run_address>
         <size>0x7a</size>
         <input_file_ref idref="fl-120"/>
      </object_component>
      <object_component id="oc-14e">
         <name>.text</name>
         <load_address>0xd4fa</load_address>
         <run_address>0xd4fa</run_address>
         <size>0x6c</size>
         <input_file_ref idref="fl-36"/>
      </object_component>
      <object_component id="oc-12">
         <name>.text:decompress:lzss:__TI_decompress_lzss</name>
         <load_address>0xd566</load_address>
         <run_address>0xd566</run_address>
         <size>0x68</size>
         <input_file_ref idref="fl-123"/>
      </object_component>
      <object_component id="oc-255">
         <name>.text:__TI_auto_init_nobinit_nopinit:__TI_auto_init_nobinit_nopinit</name>
         <load_address>0xd5d0</load_address>
         <run_address>0xd5d0</run_address>
         <size>0x44</size>
         <input_file_ref idref="fl-129"/>
      </object_component>
      <object_component id="oc-9b">
         <name>.text</name>
         <load_address>0xd614</load_address>
         <run_address>0xd614</run_address>
         <size>0x44</size>
         <input_file_ref idref="fl-30"/>
      </object_component>
      <object_component id="oc-2e6">
         <name>.text</name>
         <load_address>0xd658</load_address>
         <run_address>0xd658</run_address>
         <size>0x40</size>
         <input_file_ref idref="fl-11f"/>
      </object_component>
      <object_component id="oc-118">
         <name>.text</name>
         <load_address>0xd698</load_address>
         <run_address>0xd698</run_address>
         <size>0x3e</size>
         <input_file_ref idref="fl-f"/>
      </object_component>
      <object_component id="oc-68">
         <name>.text:_c_int00_noargs:_c_int00_noargs</name>
         <load_address>0xd6d8</load_address>
         <run_address>0xd6d8</run_address>
         <size>0x34</size>
         <input_file_ref idref="fl-127"/>
      </object_component>
      <object_component id="oc-1b7">
         <name>.text</name>
         <load_address>0xd70c</load_address>
         <run_address>0xd70c</run_address>
         <size>0x28</size>
         <input_file_ref idref="fl-33"/>
      </object_component>
      <object_component id="oc-1f7">
         <name>.text:memcmp</name>
         <load_address>0xd734</load_address>
         <run_address>0xd734</run_address>
         <size>0x24</size>
         <input_file_ref idref="fl-124"/>
      </object_component>
      <object_component id="oc-148">
         <name>.text</name>
         <load_address>0xd758</load_address>
         <run_address>0xd758</run_address>
         <size>0x20</size>
         <input_file_ref idref="fl-3b"/>
      </object_component>
      <object_component id="oc-1cf">
         <name>.text:strlen</name>
         <load_address>0xd778</load_address>
         <run_address>0xd778</run_address>
         <size>0x14</size>
         <input_file_ref idref="fl-126"/>
      </object_component>
      <object_component id="oc-18">
         <name>.text:decompress:none:__TI_decompress_none</name>
         <load_address>0xd78c</load_address>
         <run_address>0xd78c</run_address>
         <size>0xe</size>
         <input_file_ref idref="fl-122"/>
      </object_component>
      <object_component id="oc-5c">
         <name>.text:decompress:ZI:__TI_zero_init</name>
         <load_address>0xd79a</load_address>
         <run_address>0xd79a</run_address>
         <size>0xc</size>
         <input_file_ref idref="fl-121"/>
      </object_component>
      <object_component id="oc-24">
         <name>.text</name>
         <load_address>0xd7a6</load_address>
         <run_address>0xd7a6</run_address>
         <size>0xc</size>
         <input_file_ref idref="fl-a"/>
      </object_component>
      <object_component id="oc-b6">
         <name>.text:SysCtlDelay</name>
         <load_address>0xd7b2</load_address>
         <run_address>0xd7b2</run_address>
         <size>0x6</size>
         <input_file_ref idref="fl-24"/>
      </object_component>
      <object_component id="oc-104">
         <name>.text:_system_pre_init</name>
         <load_address>0xd7b8</load_address>
         <run_address>0xd7b8</run_address>
         <size>0x4</size>
         <input_file_ref idref="fl-12a"/>
      </object_component>
      <object_component id="oc-249">
         <name>.text:abort:abort</name>
         <load_address>0xd7bc</load_address>
         <run_address>0xd7bc</run_address>
         <size>0x4</size>
         <input_file_ref idref="fl-12c"/>
      </object_component>
      <object_component id="oc-13e">
         <name>.const:g_pppui32XTALtoVCO</name>
         <load_address>0xd7c0</load_address>
         <run_address>0xd7c0</run_address>
         <size>0x1b0</size>
         <input_file_ref idref="fl-24"/>
      </object_component>
      <object_component id="oc-1a5">
         <name>.const:g_ppui32GPIOIntMapSnowflake</name>
         <load_address>0xd970</load_address>
         <run_address>0xd970</run_address>
         <size>0xd8</size>
         <input_file_ref idref="fl-18"/>
      </object_component>
      <object_component id="oc-1a2">
         <name>.const:g_ppui32GPIOIntMapBlizzard</name>
         <load_address>0xda48</load_address>
         <run_address>0xda48</run_address>
         <size>0xc0</size>
         <input_file_ref idref="fl-18"/>
      </object_component>
      <object_component id="oc-124">
         <name>.const:g_pui32Regs</name>
         <load_address>0xdb08</load_address>
         <run_address>0xdb08</run_address>
         <size>0x9c</size>
         <input_file_ref idref="fl-1b"/>
      </object_component>
      <object_component id="oc-1a8">
         <name>.const:g_pui32GPIOBaseAddrs</name>
         <load_address>0xdba4</load_address>
         <run_address>0xdba4</run_address>
         <size>0x90</size>
         <input_file_ref idref="fl-18"/>
      </object_component>
      <object_component id="oc-3d8">
         <name>.const:.string</name>
         <load_address>0xdc34</load_address>
         <run_address>0xdc34</run_address>
         <size>0x76</size>
         <input_file_ref idref="fl-43"/>
      </object_component>
      <object_component id="oc-138">
         <name>.const:g_pui32Xtals</name>
         <load_address>0xdcac</load_address>
         <run_address>0xdcac</run_address>
         <size>0x6c</size>
         <input_file_ref idref="fl-24"/>
      </object_component>
      <object_component id="oc-41f">
         <name>.const:g_ppui32TimerIntMap</name>
         <load_address>0xdd18</load_address>
         <run_address>0xdd18</run_address>
         <size>0x60</size>
         <input_file_ref idref="fl-27"/>
      </object_component>
      <object_component id="oc-422">
         <name>.const:g_ppui32TimerIntMapSnowflake</name>
         <load_address>0xdd78</load_address>
         <run_address>0xdd78</run_address>
         <size>0x40</size>
         <input_file_ref idref="fl-27"/>
      </object_component>
      <object_component id="oc-2f5">
         <name>.const:g_ppui32UARTIntMap</name>
         <load_address>0xddb8</load_address>
         <run_address>0xddb8</run_address>
         <size>0x40</size>
         <input_file_ref idref="fl-28"/>
      </object_component>
      <object_component id="oc-2f8">
         <name>.const:g_ppui32UARTIntMapSnowflake</name>
         <load_address>0xddf8</load_address>
         <run_address>0xddf8</run_address>
         <size>0x40</size>
         <input_file_ref idref="fl-28"/>
      </object_component>
      <object_component id="oc-135">
         <name>.const:g_sXTALtoMEMTIM</name>
         <load_address>0xde38</load_address>
         <run_address>0xde38</run_address>
         <size>0x30</size>
         <input_file_ref idref="fl-24"/>
      </object_component>
      <object_component id="oc-2d9">
         <name>.const:tcp_state_str</name>
         <load_address>0xde68</load_address>
         <run_address>0xde68</run_address>
         <size>0x2c</size>
         <input_file_ref idref="fl-43"/>
      </object_component>
      <object_component id="oc-355">
         <name>.const:g_ppui32SSIIntMap</name>
         <load_address>0xde94</load_address>
         <run_address>0xde94</run_address>
         <size>0x20</size>
         <input_file_ref idref="fl-22"/>
      </object_component>
      <object_component id="oc-358">
         <name>.const:g_ppui32SSIIntMapSnowflake</name>
         <load_address>0xdeb4</load_address>
         <run_address>0xdeb4</run_address>
         <size>0x20</size>
         <input_file_ref idref="fl-22"/>
      </object_component>
      <object_component id="oc-121">
         <name>.const:g_pui32Priority</name>
         <load_address>0xded4</load_address>
         <run_address>0xded4</run_address>
         <size>0x20</size>
         <input_file_ref idref="fl-1b"/>
      </object_component>
      <object_component id="oc-12a">
         <name>.const:g_pui32Dii16Regs</name>
         <load_address>0xdef4</load_address>
         <run_address>0xdef4</run_address>
         <size>0x14</size>
         <input_file_ref idref="fl-1b"/>
      </object_component>
      <object_component id="oc-127">
         <name>.const:g_pui32EnRegs</name>
         <load_address>0xdf08</load_address>
         <run_address>0xdf08</run_address>
         <size>0x14</size>
         <input_file_ref idref="fl-1b"/>
      </object_component>
      <object_component id="oc-12d">
         <name>.const:g_pui32PendRegs</name>
         <load_address>0xdf1c</load_address>
         <run_address>0xdf1c</run_address>
         <size>0x14</size>
         <input_file_ref idref="fl-1b"/>
      </object_component>
      <object_component id="oc-130">
         <name>.const:g_pui32UnpendRegs</name>
         <load_address>0xdf30</load_address>
         <run_address>0xdf30</run_address>
         <size>0x14</size>
         <input_file_ref idref="fl-1b"/>
      </object_component>
      <object_component id="oc-3e7">
         <name>.const:.string</name>
         <load_address>0xdf44</load_address>
         <run_address>0xdf44</run_address>
         <size>0x12</size>
         <input_file_ref idref="fl-5f"/>
      </object_component>
      <object_component id="oc-35e">
         <name>.const:memp_num</name>
         <load_address>0xdf56</load_address>
         <run_address>0xdf56</run_address>
         <size>0x10</size>
         <input_file_ref idref="fl-3d"/>
      </object_component>
      <object_component id="oc-367">
         <name>.const:memp_sizes</name>
         <load_address>0xdf66</load_address>
         <run_address>0xdf66</run_address>
         <size>0x10</size>
         <input_file_ref idref="fl-3d"/>
      </object_component>
      <object_component id="oc-344">
         <name>.const</name>
         <load_address>0xdf78</load_address>
         <run_address>0xdf78</run_address>
         <size>0x10</size>
         <input_file_ref idref="fl-7"/>
      </object_component>
      <object_component id="oc-2cc">
         <name>.const:tcp_pcb_lists</name>
         <load_address>0xdf88</load_address>
         <run_address>0xdf88</run_address>
         <size>0x10</size>
         <input_file_ref idref="fl-43"/>
      </object_component>
      <object_component id="oc-2d6">
         <name>.const:.string:tcp_backoff</name>
         <load_address>0xdf98</load_address>
         <run_address>0xdf98</run_address>
         <size>0xd</size>
         <input_file_ref idref="fl-43"/>
      </object_component>
      <object_component id="oc-2e3">
         <name>.const:g_ui32UARTBase</name>
         <load_address>0xdfa8</load_address>
         <run_address>0xdfa8</run_address>
         <size>0xc</size>
         <input_file_ref idref="fl-5f"/>
      </object_component>
      <object_component id="oc-2dd">
         <name>.const:g_ui32UARTPeriph</name>
         <load_address>0xdfb4</load_address>
         <run_address>0xdfb4</run_address>
         <size>0xc</size>
         <input_file_ref idref="fl-5f"/>
      </object_component>
      <object_component id="oc-13b">
         <name>.const:g_pui32VCOFrequencies</name>
         <load_address>0xdfc0</load_address>
         <run_address>0xdfc0</run_address>
         <size>0x8</size>
         <input_file_ref idref="fl-24"/>
      </object_component>
      <object_component id="oc-2d3">
         <name>.const:.string:tcp_persist_backoff</name>
         <load_address>0xdfc8</load_address>
         <run_address>0xdfc8</run_address>
         <size>0x7</size>
         <input_file_ref idref="fl-43"/>
      </object_component>
      <object_component id="oc-17b">
         <name>.const:.string:mac</name>
         <load_address>0xdfcf</load_address>
         <run_address>0xdfcf</run_address>
         <size>0x6</size>
         <input_file_ref idref="fl-2e"/>
      </object_component>
      <object_component id="oc-1f1">
         <name>.const:ethbroadcast</name>
         <load_address>0xdfd5</load_address>
         <run_address>0xdfd5</run_address>
         <size>0x6</size>
         <input_file_ref idref="fl-39"/>
      </object_component>
      <object_component id="oc-1fd">
         <name>.const:ethzero</name>
         <load_address>0xdfdb</load_address>
         <run_address>0xdfdb</run_address>
         <size>0x6</size>
         <input_file_ref idref="fl-39"/>
      </object_component>
      <object_component id="oc-2eb">
         <name>.const</name>
         <load_address>0xdfe4</load_address>
         <run_address>0xdfe4</run_address>
         <size>0x4</size>
         <input_file_ref idref="fl-5f"/>
      </object_component>
      <object_component id="oc-4db">
         <name>.cinit..data.load</name>
         <load_address>0xdfe8</load_address>
         <run_address>0xdfe8</run_address>
         <size>0x24</size>
      </object_component>
      <object_component id="oc-4d8">
         <name>__TI_handler_table</name>
         <load_address>0xe00c</load_address>
         <run_address>0xe00c</run_address>
         <size>0xc</size>
      </object_component>
      <object_component id="oc-4dc">
         <name>.cinit..bss.load</name>
         <load_address>0xe018</load_address>
         <run_address>0xe018</run_address>
         <size>0x8</size>
      </object_component>
      <object_component id="oc-4da">
         <name>.cinit..vtable.load</name>
         <load_address>0xe020</load_address>
         <run_address>0xe020</run_address>
         <size>0x8</size>
      </object_component>
      <object_component id="oc-4d9">
         <name>__TI_cinit_table</name>
         <load_address>0xe028</load_address>
         <run_address>0xe028</run_address>
         <size>0x18</size>
      </object_component>
      <object_component id="oc-11e">
         <name>.vtable</name>
         <uninitialized>true</uninitialized>
         <run_address>0x20000000</run_address>
         <size>0x26c</size>
         <input_file_ref idref="fl-1b"/>
      </object_component>
      <object_component id="oc-32f">
         <name>.data</name>
         <load_address>0x200069ac</load_address>
         <run_address>0x200069ac</run_address>
         <size>0x12</size>
         <input_file_ref idref="fl-3"/>
      </object_component>
      <object_component id="oc-181">
         <name>.data:encoder_reading_buffer</name>
         <load_address>0x200068da</load_address>
         <run_address>0x200068da</run_address>
         <size>0x64</size>
         <input_file_ref idref="fl-5"/>
      </object_component>
      <object_component id="oc-17e">
         <name>.data:set_point_buffer</name>
         <load_address>0x200069cc</load_address>
         <run_address>0x200069cc</run_address>
         <size>0xa</size>
         <input_file_ref idref="fl-5"/>
      </object_component>
      <object_component id="oc-e3">
         <name>.data</name>
         <load_address>0x20006994</load_address>
         <run_address>0x20006994</run_address>
         <size>0x18</size>
         <input_file_ref idref="fl-5"/>
      </object_component>
      <object_component id="oc-347">
         <name>.data</name>
         <load_address>0x20006960</load_address>
         <run_address>0x20006960</run_address>
         <size>0x1c</size>
         <input_file_ref idref="fl-7"/>
      </object_component>
      <object_component id="oc-172">
         <name>.data</name>
         <load_address>0x20006940</load_address>
         <run_address>0x20006940</run_address>
         <size>0x20</size>
         <input_file_ref idref="fl-2c"/>
      </object_component>
      <object_component id="oc-e0">
         <name>.data</name>
         <load_address>0x2000693e</load_address>
         <run_address>0x2000693e</run_address>
         <size>0x2</size>
         <input_file_ref idref="fl-2d"/>
      </object_component>
      <object_component id="oc-cb">
         <name>.data</name>
         <load_address>0x200069c0</load_address>
         <run_address>0x200069c0</run_address>
         <size>0xc</size>
         <input_file_ref idref="fl-2f"/>
      </object_component>
      <object_component id="oc-ce">
         <name>.data:incomming_frame</name>
         <load_address>0x200062f0</load_address>
         <run_address>0x200062f0</run_address>
         <size>0x5ea</size>
         <input_file_ref idref="fl-2f"/>
      </object_component>
      <object_component id="oc-a1">
         <name>.data</name>
         <load_address>0x2000697c</load_address>
         <run_address>0x2000697c</run_address>
         <size>0x18</size>
         <input_file_ref idref="fl-34"/>
      </object_component>
      <object_component id="oc-2cf">
         <name>.data</name>
         <load_address>0x200069d8</load_address>
         <run_address>0x200069d8</run_address>
         <size>0x8</size>
         <input_file_ref idref="fl-43"/>
      </object_component>
      <object_component id="oc-2fd">
         <name>.data</name>
         <load_address>0x200069be</load_address>
         <run_address>0x200069be</run_address>
         <size>0x2</size>
         <input_file_ref idref="fl-47"/>
      </object_component>
      <object_component id="oc-2e0">
         <name>.data</name>
         <load_address>0x200069e0</load_address>
         <run_address>0x200069e0</run_address>
         <size>0x5</size>
         <input_file_ref idref="fl-5f"/>
      </object_component>
      <object_component id="oc-427">
         <name>.bss:g_pui8OversampleFactor</name>
         <uninitialized>true</uninitialized>
         <run_address>0x200052f4</run_address>
         <size>0x8</size>
         <input_file_ref idref="fl-b"/>
      </object_component>
      <object_component id="oc-b7">
         <name>.bss</name>
         <uninitialized>true</uninitialized>
         <run_address>0x200052fc</run_address>
         <size>0x4</size>
         <input_file_ref idref="fl-2f"/>
      </object_component>
      <object_component id="oc-1e5">
         <name>.bss:arp_table</name>
         <uninitialized>true</uninitialized>
         <run_address>0x20005188</run_address>
         <size>0xc8</size>
         <input_file_ref idref="fl-39"/>
      </object_component>
      <object_component id="oc-1f4">
         <name>.bss</name>
         <uninitialized>true</uninitialized>
         <run_address>0x20005346</run_address>
         <size>0x1</size>
         <input_file_ref idref="fl-39"/>
      </object_component>
      <object_component id="oc-371">
         <name>.bss</name>
         <uninitialized>true</uninitialized>
         <run_address>0x200052dc</run_address>
         <size>0xc</size>
         <input_file_ref idref="fl-3c"/>
      </object_component>
      <object_component id="oc-364">
         <name>.bss:memp_tab</name>
         <uninitialized>true</uninitialized>
         <run_address>0x20005280</run_address>
         <size>0x20</size>
         <input_file_ref idref="fl-3d"/>
      </object_component>
      <object_component id="oc-361">
         <name>.bss:memp_memory</name>
         <uninitialized>true</uninitialized>
         <run_address>0x2000026c</run_address>
         <size>0x2e1c</size>
         <input_file_ref idref="fl-3d"/>
      </object_component>
      <object_component id="oc-2b6">
         <name>.bss</name>
         <uninitialized>true</uninitialized>
         <run_address>0x20005347</run_address>
         <size>0x1</size>
         <input_file_ref idref="fl-3e"/>
      </object_component>
      <object_component id="oc-40b">
         <name>.bss</name>
         <uninitialized>true</uninitialized>
         <run_address>0x20005300</run_address>
         <size>0x4</size>
         <input_file_ref idref="fl-40"/>
      </object_component>
      <object_component id="oc-2c5">
         <name>.bss</name>
         <uninitialized>true</uninitialized>
         <run_address>0x20005344</run_address>
         <size>0x2</size>
         <input_file_ref idref="fl-43"/>
      </object_component>
      <object_component id="oc-413">
         <name>.bss:inseg</name>
         <uninitialized>true</uninitialized>
         <run_address>0x200052bc</run_address>
         <size>0x10</size>
         <input_file_ref idref="fl-44"/>
      </object_component>
      <object_component id="oc-410">
         <name>.bss</name>
         <uninitialized>true</uninitialized>
         <run_address>0x200052a0</run_address>
         <size>0x1c</size>
         <input_file_ref idref="fl-44"/>
      </object_component>
      <object_component id="oc-3c0">
         <name>.bss</name>
         <uninitialized>true</uninitialized>
         <run_address>0x200052e8</run_address>
         <size>0xc</size>
         <input_file_ref idref="fl-46"/>
      </object_component>
      <object_component id="oc-324">
         <name>.bss</name>
         <uninitialized>true</uninitialized>
         <run_address>0x20005186</run_address>
         <size>0x2</size>
         <input_file_ref idref="fl-4d"/>
      </object_component>
      <object_component id="oc-385">
         <name>.bss:str$1</name>
         <uninitialized>true</uninitialized>
         <run_address>0x200052cc</run_address>
         <size>0x10</size>
         <input_file_ref idref="fl-4e"/>
      </object_component>
      <object_component id="oc-342">
         <name>.common:set_point_ratio</name>
         <uninitialized>true</uninitialized>
         <run_address>0x20005320</run_address>
         <size>0x4</size>
      </object_component>
      <object_component id="oc-341">
         <name>.common:pui32ADC0Value</name>
         <uninitialized>true</uninitialized>
         <run_address>0x2000531c</run_address>
         <size>0x4</size>
      </object_component>
      <object_component id="oc-d1">
         <name>.common:g_sNetIF</name>
         <uninitialized>true</uninitialized>
         <run_address>0x20005250</run_address>
         <size>0x30</size>
      </object_component>
      <object_component id="oc-374">
         <name>.common:ram_heap</name>
         <uninitialized>true</uninitialized>
         <run_address>0x20003088</run_address>
         <size>0x2014</size>
      </object_component>
      <object_component id="oc-2b9">
         <name>.common:netif_list</name>
         <uninitialized>true</uninitialized>
         <run_address>0x20005318</run_address>
         <size>0x4</size>
      </object_component>
      <object_component id="oc-2bc">
         <name>.common:netif_default</name>
         <uninitialized>true</uninitialized>
         <run_address>0x20005314</run_address>
         <size>0x4</size>
      </object_component>
      <object_component id="oc-1c9">
         <name>.common:pbuf_free_ooseq_pending</name>
         <uninitialized>true</uninitialized>
         <run_address>0x20005348</run_address>
         <size>0x1</size>
      </object_component>
      <object_component id="oc-1ee">
         <name>.common:lwip_stats</name>
         <uninitialized>true</uninitialized>
         <run_address>0x2000509c</run_address>
         <size>0xea</size>
      </object_component>
      <object_component id="oc-2d2">
         <name>.common:tcp_ticks</name>
         <uninitialized>true</uninitialized>
         <run_address>0x20005334</run_address>
         <size>0x4</size>
      </object_component>
      <object_component id="oc-2cb">
         <name>.common:tcp_bound_pcbs</name>
         <uninitialized>true</uninitialized>
         <run_address>0x20005328</run_address>
         <size>0x4</size>
      </object_component>
      <object_component id="oc-2bd">
         <name>.common:tcp_listen_pcbs</name>
         <uninitialized>true</uninitialized>
         <run_address>0x20005330</run_address>
         <size>0x4</size>
      </object_component>
      <object_component id="oc-1cc">
         <name>.common:tcp_active_pcbs</name>
         <uninitialized>true</uninitialized>
         <run_address>0x20005324</run_address>
         <size>0x4</size>
      </object_component>
      <object_component id="oc-2ca">
         <name>.common:tcp_tw_pcbs</name>
         <uninitialized>true</uninitialized>
         <run_address>0x2000533c</run_address>
         <size>0x4</size>
      </object_component>
      <object_component id="oc-2c8">
         <name>.common:tcp_tmp_pcb</name>
         <uninitialized>true</uninitialized>
         <run_address>0x20005338</run_address>
         <size>0x4</size>
      </object_component>
      <object_component id="oc-2c9">
         <name>.common:tcp_active_pcbs_changed</name>
         <uninitialized>true</uninitialized>
         <run_address>0x20005349</run_address>
         <size>0x1</size>
      </object_component>
      <object_component id="oc-3c9">
         <name>.common:tcp_input_pcb</name>
         <uninitialized>true</uninitialized>
         <run_address>0x2000532c</run_address>
         <size>0x4</size>
      </object_component>
      <object_component id="oc-306">
         <name>.common:udp_pcbs</name>
         <uninitialized>true</uninitialized>
         <run_address>0x20005340</run_address>
         <size>0x4</size>
      </object_component>
      <object_component id="oc-322">
         <name>.common:current_netif</name>
         <uninitialized>true</uninitialized>
         <run_address>0x20005310</run_address>
         <size>0x4</size>
      </object_component>
      <object_component id="oc-323">
         <name>.common:current_header</name>
         <uninitialized>true</uninitialized>
         <run_address>0x20005304</run_address>
         <size>0x4</size>
      </object_component>
      <object_component id="oc-312">
         <name>.common:current_iphdr_src</name>
         <uninitialized>true</uninitialized>
         <run_address>0x2000530c</run_address>
         <size>0x4</size>
      </object_component>
      <object_component id="oc-30f">
         <name>.common:current_iphdr_dest</name>
         <uninitialized>true</uninitialized>
         <run_address>0x20005308</run_address>
         <size>0x4</size>
      </object_component>
      <object_component id="oc-21">
         <name>.stack</name>
         <uninitialized>true</uninitialized>
         <run_address>0x20005350</run_address>
         <size>0x4</size>
         <input_file_ref idref="fl-127"/>
      </object_component>
      <object_component id="oc-4dd">
         <name>.stack</name>
         <uninitialized>true</uninitialized>
         <run_address>0x20005350</run_address>
         <size>0x0</size>
      </object_component>
      <object_component id="oc-23d">
         <name>.debug_info</name>
         <load_address>0x0</load_address>
         <run_address>0x0</run_address>
         <size>0x53f</size>
         <input_file_ref idref="fl-2"/>
      </object_component>
      <object_component id="oc-192">
         <name>.debug_info</name>
         <load_address>0x53f</load_address>
         <run_address>0x53f</run_address>
         <size>0x2b2</size>
         <input_file_ref idref="fl-2"/>
      </object_component>
      <object_component id="oc-e9">
         <name>.debug_info</name>
         <load_address>0x7f1</load_address>
         <run_address>0x7f1</run_address>
         <size>0x26b</size>
         <input_file_ref idref="fl-2"/>
      </object_component>
      <object_component id="oc-a5">
         <name>.debug_info</name>
         <load_address>0xa5c</load_address>
         <run_address>0xa5c</run_address>
         <size>0x8b</size>
         <input_file_ref idref="fl-2"/>
      </object_component>
      <object_component id="oc-230">
         <name>.debug_info</name>
         <load_address>0xae7</load_address>
         <run_address>0xae7</run_address>
         <size>0x297</size>
         <input_file_ref idref="fl-2"/>
      </object_component>
      <object_component id="oc-142">
         <name>.debug_info</name>
         <load_address>0xd7e</load_address>
         <run_address>0xd7e</run_address>
         <size>0xef</size>
         <input_file_ref idref="fl-2"/>
      </object_component>
      <object_component id="oc-d5">
         <name>.debug_info</name>
         <load_address>0xe6d</load_address>
         <run_address>0xe6d</run_address>
         <size>0xbb</size>
         <input_file_ref idref="fl-2"/>
      </object_component>
      <object_component id="oc-2f0">
         <name>.debug_info</name>
         <load_address>0xf28</load_address>
         <run_address>0xf28</run_address>
         <size>0x2c</size>
         <input_file_ref idref="fl-2"/>
      </object_component>
      <object_component id="oc-333">
         <name>.debug_info</name>
         <load_address>0xf54</load_address>
         <run_address>0xf54</run_address>
         <size>0x362</size>
         <input_file_ref idref="fl-3"/>
      </object_component>
      <object_component id="oc-330">
         <name>.debug_info</name>
         <load_address>0x12b6</load_address>
         <run_address>0x12b6</run_address>
         <size>0x150</size>
         <input_file_ref idref="fl-3"/>
      </object_component>
      <object_component id="oc-187">
         <name>.debug_info</name>
         <load_address>0x1406</load_address>
         <run_address>0x1406</run_address>
         <size>0x393</size>
         <input_file_ref idref="fl-3"/>
      </object_component>
      <object_component id="oc-45">
         <name>.debug_info</name>
         <load_address>0x1799</load_address>
         <run_address>0x1799</run_address>
         <size>0x84</size>
         <input_file_ref idref="fl-3"/>
      </object_component>
      <object_component id="oc-23c">
         <name>.debug_info</name>
         <load_address>0x181d</load_address>
         <run_address>0x181d</run_address>
         <size>0x44c</size>
         <input_file_ref idref="fl-5"/>
      </object_component>
      <object_component id="oc-182">
         <name>.debug_info</name>
         <load_address>0x1c69</load_address>
         <run_address>0x1c69</run_address>
         <size>0xdf</size>
         <input_file_ref idref="fl-5"/>
      </object_component>
      <object_component id="oc-17f">
         <name>.debug_info</name>
         <load_address>0x1d48</load_address>
         <run_address>0x1d48</run_address>
         <size>0xd3</size>
         <input_file_ref idref="fl-5"/>
      </object_component>
      <object_component id="oc-e4">
         <name>.debug_info</name>
         <load_address>0x1e1b</load_address>
         <run_address>0x1e1b</run_address>
         <size>0x17a</size>
         <input_file_ref idref="fl-5"/>
      </object_component>
      <object_component id="oc-96">
         <name>.debug_info</name>
         <load_address>0x1f95</load_address>
         <run_address>0x1f95</run_address>
         <size>0x3bf</size>
         <input_file_ref idref="fl-5"/>
      </object_component>
      <object_component id="oc-18f">
         <name>.debug_info</name>
         <load_address>0x2354</load_address>
         <run_address>0x2354</run_address>
         <size>0x4f5</size>
         <input_file_ref idref="fl-6"/>
      </object_component>
      <object_component id="oc-42e">
         <name>.debug_info</name>
         <load_address>0x2849</load_address>
         <run_address>0x2849</run_address>
         <size>0x257</size>
         <input_file_ref idref="fl-7"/>
      </object_component>
      <object_component id="oc-345">
         <name>.debug_info</name>
         <load_address>0x2aa0</load_address>
         <run_address>0x2aa0</run_address>
         <size>0x103</size>
         <input_file_ref idref="fl-7"/>
      </object_component>
      <object_component id="oc-348">
         <name>.debug_info</name>
         <load_address>0x2ba3</load_address>
         <run_address>0x2ba3</run_address>
         <size>0x1ae</size>
         <input_file_ref idref="fl-7"/>
      </object_component>
      <object_component id="oc-19a">
         <name>.debug_info</name>
         <load_address>0x2d51</load_address>
         <run_address>0x2d51</run_address>
         <size>0x2b1</size>
         <input_file_ref idref="fl-7"/>
      </object_component>
      <object_component id="oc-3e">
         <name>.debug_info</name>
         <load_address>0x3002</load_address>
         <run_address>0x3002</run_address>
         <size>0x318</size>
         <input_file_ref idref="fl-a"/>
      </object_component>
      <object_component id="oc-10">
         <name>.debug_info</name>
         <load_address>0x331a</load_address>
         <run_address>0x331a</run_address>
         <size>0xdf</size>
         <input_file_ref idref="fl-a"/>
      </object_component>
      <object_component id="oc-25">
         <name>.debug_info</name>
         <load_address>0x33f9</load_address>
         <run_address>0x33f9</run_address>
         <size>0x25b</size>
         <input_file_ref idref="fl-a"/>
      </object_component>
      <object_component id="oc-42b">
         <name>.debug_info</name>
         <load_address>0x3654</load_address>
         <run_address>0x3654</run_address>
         <size>0x326</size>
         <input_file_ref idref="fl-b"/>
      </object_component>
      <object_component id="oc-428">
         <name>.debug_info</name>
         <load_address>0x397a</load_address>
         <run_address>0x397a</run_address>
         <size>0xe7</size>
         <input_file_ref idref="fl-b"/>
      </object_component>
      <object_component id="oc-33c">
         <name>.debug_info</name>
         <load_address>0x3a61</load_address>
         <run_address>0x3a61</run_address>
         <size>0x2b3b</size>
         <input_file_ref idref="fl-b"/>
      </object_component>
      <object_component id="oc-11c">
         <name>.debug_info</name>
         <load_address>0x659c</load_address>
         <run_address>0x659c</run_address>
         <size>0x32c</size>
         <input_file_ref idref="fl-f"/>
      </object_component>
      <object_component id="oc-1ac">
         <name>.debug_info</name>
         <load_address>0x68c8</load_address>
         <run_address>0x68c8</run_address>
         <size>0x350</size>
         <input_file_ref idref="fl-18"/>
      </object_component>
      <object_component id="oc-1a3">
         <name>.debug_info</name>
         <load_address>0x6c18</load_address>
         <run_address>0x6c18</run_address>
         <size>0xf0</size>
         <input_file_ref idref="fl-18"/>
      </object_component>
      <object_component id="oc-1a6">
         <name>.debug_info</name>
         <load_address>0x6d08</load_address>
         <run_address>0x6d08</run_address>
         <size>0xf2</size>
         <input_file_ref idref="fl-18"/>
      </object_component>
      <object_component id="oc-1a9">
         <name>.debug_info</name>
         <load_address>0x6dfa</load_address>
         <run_address>0x6dfa</run_address>
         <size>0xe4</size>
         <input_file_ref idref="fl-18"/>
      </object_component>
      <object_component id="oc-ac">
         <name>.debug_info</name>
         <load_address>0x6ede</load_address>
         <run_address>0x6ede</run_address>
         <size>0x3113</size>
         <input_file_ref idref="fl-18"/>
      </object_component>
      <object_component id="oc-134">
         <name>.debug_info</name>
         <load_address>0x9ff1</load_address>
         <run_address>0x9ff1</run_address>
         <size>0x32d</size>
         <input_file_ref idref="fl-1b"/>
      </object_component>
      <object_component id="oc-122">
         <name>.debug_info</name>
         <load_address>0xa31e</load_address>
         <run_address>0xa31e</run_address>
         <size>0xdf</size>
         <input_file_ref idref="fl-1b"/>
      </object_component>
      <object_component id="oc-125">
         <name>.debug_info</name>
         <load_address>0xa3fd</load_address>
         <run_address>0xa3fd</run_address>
         <size>0xd7</size>
         <input_file_ref idref="fl-1b"/>
      </object_component>
      <object_component id="oc-128">
         <name>.debug_info</name>
         <load_address>0xa4d4</load_address>
         <run_address>0xa4d4</run_address>
         <size>0xdb</size>
         <input_file_ref idref="fl-1b"/>
      </object_component>
      <object_component id="oc-12b">
         <name>.debug_info</name>
         <load_address>0xa5af</load_address>
         <run_address>0xa5af</run_address>
         <size>0xe1</size>
         <input_file_ref idref="fl-1b"/>
      </object_component>
      <object_component id="oc-12e">
         <name>.debug_info</name>
         <load_address>0xa690</load_address>
         <run_address>0xa690</run_address>
         <size>0xdf</size>
         <input_file_ref idref="fl-1b"/>
      </object_component>
      <object_component id="oc-131">
         <name>.debug_info</name>
         <load_address>0xa76f</load_address>
         <run_address>0xa76f</run_address>
         <size>0xe3</size>
         <input_file_ref idref="fl-1b"/>
      </object_component>
      <object_component id="oc-11f">
         <name>.debug_info</name>
         <load_address>0xa852</load_address>
         <run_address>0xa852</run_address>
         <size>0xe0</size>
         <input_file_ref idref="fl-1b"/>
      </object_component>
      <object_component id="oc-85">
         <name>.debug_info</name>
         <load_address>0xa932</load_address>
         <run_address>0xa932</run_address>
         <size>0xce0</size>
         <input_file_ref idref="fl-1b"/>
      </object_component>
      <object_component id="oc-35c">
         <name>.debug_info</name>
         <load_address>0xb612</load_address>
         <run_address>0xb612</run_address>
         <size>0x331</size>
         <input_file_ref idref="fl-22"/>
      </object_component>
      <object_component id="oc-356">
         <name>.debug_info</name>
         <load_address>0xb943</load_address>
         <run_address>0xb943</run_address>
         <size>0xdd</size>
         <input_file_ref idref="fl-22"/>
      </object_component>
      <object_component id="oc-359">
         <name>.debug_info</name>
         <load_address>0xba20</load_address>
         <run_address>0xba20</run_address>
         <size>0xef</size>
         <input_file_ref idref="fl-22"/>
      </object_component>
      <object_component id="oc-1b0">
         <name>.debug_info</name>
         <load_address>0xbb0f</load_address>
         <run_address>0xbb0f</run_address>
         <size>0x151c</size>
         <input_file_ref idref="fl-22"/>
      </object_component>
      <object_component id="oc-147">
         <name>.debug_info</name>
         <load_address>0xd02b</load_address>
         <run_address>0xd02b</run_address>
         <size>0x3b2</size>
         <input_file_ref idref="fl-24"/>
      </object_component>
      <object_component id="oc-139">
         <name>.debug_info</name>
         <load_address>0xd3dd</load_address>
         <run_address>0xd3dd</run_address>
         <size>0xd6</size>
         <input_file_ref idref="fl-24"/>
      </object_component>
      <object_component id="oc-13f">
         <name>.debug_info</name>
         <load_address>0xd4b3</load_address>
         <run_address>0xd4b3</run_address>
         <size>0xe2</size>
         <input_file_ref idref="fl-24"/>
      </object_component>
      <object_component id="oc-136">
         <name>.debug_info</name>
         <load_address>0xd595</load_address>
         <run_address>0xd595</run_address>
         <size>0xdc</size>
         <input_file_ref idref="fl-24"/>
      </object_component>
      <object_component id="oc-13c">
         <name>.debug_info</name>
         <load_address>0xd671</load_address>
         <run_address>0xd671</run_address>
         <size>0xe9</size>
         <input_file_ref idref="fl-24"/>
      </object_component>
      <object_component id="oc-8d">
         <name>.debug_info</name>
         <load_address>0xd75a</load_address>
         <run_address>0xd75a</run_address>
         <size>0x2b26</size>
         <input_file_ref idref="fl-24"/>
      </object_component>
      <object_component id="oc-2a4">
         <name>.debug_info</name>
         <load_address>0x10280</load_address>
         <run_address>0x10280</run_address>
         <size>0x51</size>
         <input_file_ref idref="fl-24"/>
      </object_component>
      <object_component id="oc-117">
         <name>.debug_info</name>
         <load_address>0x102d1</load_address>
         <run_address>0x102d1</run_address>
         <size>0x2bc</size>
         <input_file_ref idref="fl-26"/>
      </object_component>
      <object_component id="oc-7f">
         <name>.debug_info</name>
         <load_address>0x1058d</load_address>
         <run_address>0x1058d</run_address>
         <size>0x535</size>
         <input_file_ref idref="fl-26"/>
      </object_component>
      <object_component id="oc-426">
         <name>.debug_info</name>
         <load_address>0x10ac2</load_address>
         <run_address>0x10ac2</run_address>
         <size>0x33d</size>
         <input_file_ref idref="fl-27"/>
      </object_component>
      <object_component id="oc-420">
         <name>.debug_info</name>
         <load_address>0x10dff</load_address>
         <run_address>0x10dff</run_address>
         <size>0xe3</size>
         <input_file_ref idref="fl-27"/>
      </object_component>
      <object_component id="oc-423">
         <name>.debug_info</name>
         <load_address>0x10ee2</load_address>
         <run_address>0x10ee2</run_address>
         <size>0xf5</size>
         <input_file_ref idref="fl-27"/>
      </object_component>
      <object_component id="oc-337">
         <name>.debug_info</name>
         <load_address>0x10fd7</load_address>
         <run_address>0x10fd7</run_address>
         <size>0x246b</size>
         <input_file_ref idref="fl-27"/>
      </object_component>
      <object_component id="oc-2fc">
         <name>.debug_info</name>
         <load_address>0x13442</load_address>
         <run_address>0x13442</run_address>
         <size>0x332</size>
         <input_file_ref idref="fl-28"/>
      </object_component>
      <object_component id="oc-2f6">
         <name>.debug_info</name>
         <load_address>0x13774</load_address>
         <run_address>0x13774</run_address>
         <size>0xe0</size>
         <input_file_ref idref="fl-28"/>
      </object_component>
      <object_component id="oc-2f9">
         <name>.debug_info</name>
         <load_address>0x13854</load_address>
         <run_address>0x13854</run_address>
         <size>0xf2</size>
         <input_file_ref idref="fl-28"/>
      </object_component>
      <object_component id="oc-167">
         <name>.debug_info</name>
         <load_address>0x13946</load_address>
         <run_address>0x13946</run_address>
         <size>0x26f2</size>
         <input_file_ref idref="fl-28"/>
      </object_component>
      <object_component id="oc-d2">
         <name>.debug_info</name>
         <load_address>0x16038</load_address>
         <run_address>0x16038</run_address>
         <size>0xa95</size>
         <input_file_ref idref="fl-2c"/>
      </object_component>
      <object_component id="oc-173">
         <name>.debug_info</name>
         <load_address>0x16acd</load_address>
         <run_address>0x16acd</run_address>
         <size>0x23f</size>
         <input_file_ref idref="fl-2c"/>
      </object_component>
      <object_component id="oc-90">
         <name>.debug_info</name>
         <load_address>0x16d0c</load_address>
         <run_address>0x16d0c</run_address>
         <size>0xe18</size>
         <input_file_ref idref="fl-2c"/>
      </object_component>
      <object_component id="oc-1db">
         <name>.debug_info</name>
         <load_address>0x17b24</load_address>
         <run_address>0x17b24</run_address>
         <size>0x138</size>
         <input_file_ref idref="fl-2c"/>
      </object_component>
      <object_component id="oc-36c">
         <name>.debug_info</name>
         <load_address>0x17c5c</load_address>
         <run_address>0x17c5c</run_address>
         <size>0x87</size>
         <input_file_ref idref="fl-2c"/>
      </object_component>
      <object_component id="oc-21c">
         <name>.debug_info</name>
         <load_address>0x17ce3</load_address>
         <run_address>0x17ce3</run_address>
         <size>0x8a</size>
         <input_file_ref idref="fl-2c"/>
      </object_component>
      <object_component id="oc-226">
         <name>.debug_info</name>
         <load_address>0x17d6d</load_address>
         <run_address>0x17d6d</run_address>
         <size>0x651</size>
         <input_file_ref idref="fl-2c"/>
      </object_component>
      <object_component id="oc-22b">
         <name>.debug_info</name>
         <load_address>0x183be</load_address>
         <run_address>0x183be</run_address>
         <size>0x188</size>
         <input_file_ref idref="fl-2c"/>
      </object_component>
      <object_component id="oc-212">
         <name>.debug_info</name>
         <load_address>0x18546</load_address>
         <run_address>0x18546</run_address>
         <size>0x193</size>
         <input_file_ref idref="fl-2c"/>
      </object_component>
      <object_component id="oc-1d6">
         <name>.debug_info</name>
         <load_address>0x186d9</load_address>
         <run_address>0x186d9</run_address>
         <size>0x87</size>
         <input_file_ref idref="fl-2c"/>
      </object_component>
      <object_component id="oc-db">
         <name>.debug_info</name>
         <load_address>0x18760</load_address>
         <run_address>0x18760</run_address>
         <size>0x2c</size>
         <input_file_ref idref="fl-2c"/>
      </object_component>
      <object_component id="oc-378">
         <name>.debug_info</name>
         <load_address>0x1878c</load_address>
         <run_address>0x1878c</run_address>
         <size>0x2c</size>
         <input_file_ref idref="fl-2c"/>
      </object_component>
      <object_component id="oc-1e0">
         <name>.debug_info</name>
         <load_address>0x187b8</load_address>
         <run_address>0x187b8</run_address>
         <size>0x2c</size>
         <input_file_ref idref="fl-2c"/>
      </object_component>
      <object_component id="oc-207">
         <name>.debug_info</name>
         <load_address>0x187e4</load_address>
         <run_address>0x187e4</run_address>
         <size>0x14d</size>
         <input_file_ref idref="fl-2c"/>
      </object_component>
      <object_component id="oc-3fd">
         <name>.debug_info</name>
         <load_address>0x18931</load_address>
         <run_address>0x18931</run_address>
         <size>0xd5</size>
         <input_file_ref idref="fl-2c"/>
      </object_component>
      <object_component id="oc-202">
         <name>.debug_info</name>
         <load_address>0x18a06</load_address>
         <run_address>0x18a06</run_address>
         <size>0x9f</size>
         <input_file_ref idref="fl-2c"/>
      </object_component>
      <object_component id="oc-3f8">
         <name>.debug_info</name>
         <load_address>0x18aa5</load_address>
         <run_address>0x18aa5</run_address>
         <size>0x167</size>
         <input_file_ref idref="fl-2c"/>
      </object_component>
      <object_component id="oc-217">
         <name>.debug_info</name>
         <load_address>0x18c0c</load_address>
         <run_address>0x18c0c</run_address>
         <size>0x3f9</size>
         <input_file_ref idref="fl-2c"/>
      </object_component>
      <object_component id="oc-221">
         <name>.debug_info</name>
         <load_address>0x19005</load_address>
         <run_address>0x19005</run_address>
         <size>0x17e</size>
         <input_file_ref idref="fl-2c"/>
      </object_component>
      <object_component id="oc-239">
         <name>.debug_info</name>
         <load_address>0x19183</load_address>
         <run_address>0x19183</run_address>
         <size>0x506</size>
         <input_file_ref idref="fl-2d"/>
      </object_component>
      <object_component id="oc-e1">
         <name>.debug_info</name>
         <load_address>0x19689</load_address>
[...]
         <name>lwip_stats</name>
         <value>0x2000509c</value>
      </symbol>
      <symbol id="sm-b90">
         <name>stats_init</name>
         <value>0x9407</value>
         <object_component_ref idref="oc-2a8"/>
      </symbol>
      <symbol id="sm-cf1">
         <name>tcp_ticks</name>
         <value>0x20005334</value>
      </symbol>
      <symbol id="sm-cf2">
         <name>tcp_bound_pcbs</name>
         <value>0x20005328</value>
      </symbol>
      <symbol id="sm-cf3">
         <name>tcp_listen_pcbs</name>
         <value>0x20005330</value>
      </symbol>
      <symbol id="sm-cf4">
         <name>tcp_active_pcbs</name>
         <value>0x20005324</value>
      </symbol>
      <symbol id="sm-cf5">
         <name>tcp_tw_pcbs</name>
         <value>0x2000533c</value>
      </symbol>
      <symbol id="sm-cf6">
         <name>tcp_tmp_pcb</name>
         <value>0x20005338</value>
      </symbol>
      <symbol id="sm-cf7">
         <name>tcp_active_pcbs_changed</name>
         <value>0x20005349</value>
      </symbol>
      <symbol id="sm-cf8">
         <name>tcp_pcb_purge</name>
         <value>0x2ec9</value>
         <object_component_ref idref="oc-15a"/>
      </symbol>
      <symbol id="sm-cf9">
         <name>tcp_slowtmr</name>
         <value>0x261d</value>
         <object_component_ref idref="oc-15a"/>
      </symbol>
      <symbol id="sm-cfa">
         <name>tcp_connect</name>
         <value>0x2471</value>
         <object_component_ref idref="oc-15a"/>
      </symbol>
      <symbol id="sm-cfb">
         <name>tcp_recv_null</name>
         <value>0x2c19</value>
         <object_component_ref idref="oc-15a"/>
      </symbol>
      <symbol id="sm-cfc">
         <name>tcp_fasttmr</name>
         <value>0x2a55</value>
         <object_component_ref idref="oc-15a"/>
      </symbol>
      <symbol id="sm-cfd">
         <name>tcp_seg_free</name>
         <value>0x2bb5</value>
         <object_component_ref idref="oc-15a"/>
      </symbol>
      <symbol id="sm-cfe">
         <name>tcp_abandon</name>
         <value>0x2061</value>
         <object_component_ref idref="oc-15a"/>
      </symbol>
      <symbol id="sm-cff">
         <name>tcp_arg</name>
         <value>0x2e45</value>
         <object_component_ref idref="oc-15a"/>
      </symbol>
      <symbol id="sm-d00">
         <name>tcp_bind</name>
         <value>0x2131</value>
         <object_component_ref idref="oc-15a"/>
      </symbol>
      <symbol id="sm-d01">
         <name>tcp_recved</name>
         <value>0x2387</value>
         <object_component_ref idref="oc-15a"/>
      </symbol>
      <symbol id="sm-d02">
         <name>tcp_err</name>
         <value>0x2e7d</value>
         <object_component_ref idref="oc-15a"/>
      </symbol>
      <symbol id="sm-d03">
         <name>tcp_backoff</name>
         <value>0xdf98</value>
         <object_component_ref idref="oc-2d6"/>
      </symbol>
      <symbol id="sm-d04">
         <name>tcp_recv</name>
         <value>0x2e57</value>
         <object_component_ref idref="oc-15a"/>
      </symbol>
      <symbol id="sm-d05">
         <name>tcp_persist_backoff</name>
         <value>0xdfc8</value>
         <object_component_ref idref="oc-2d3"/>
      </symbol>
      <symbol id="sm-d06">
         <name>tcp_init</name>
         <value>0x1d81</value>
         <object_component_ref idref="oc-15a"/>
      </symbol>
      <symbol id="sm-d07">
         <name>tcp_alloc</name>
         <value>0x2d29</value>
         <object_component_ref idref="oc-15a"/>
      </symbol>
      <symbol id="sm-d08">
         <name>tcp_pcb_lists</name>
         <value>0xdf88</value>
         <object_component_ref idref="oc-2cc"/>
      </symbol>
      <symbol id="sm-d09">
         <name>tcp_poll</name>
         <value>0x2ea3</value>
         <object_component_ref idref="oc-15a"/>
      </symbol>
      <symbol id="sm-d0a">
         <name>tcp_next_iss</name>
         <value>0x2fd7</value>
         <object_component_ref idref="oc-15a"/>
      </symbol>
      <symbol id="sm-d0b">
         <name>tcp_segs_free</name>
         <value>0x2b95</value>
         <object_component_ref idref="oc-15a"/>
      </symbol>
      <symbol id="sm-d0c">
         <name>tcp_close</name>
         <value>0x1fbf</value>
         <object_component_ref idref="oc-15a"/>
      </symbol>
      <symbol id="sm-d0d">
         <name>tcp_update_rcv_ann_wnd</name>
         <value>0x2311</value>
         <object_component_ref idref="oc-15a"/>
      </symbol>
      <symbol id="sm-d0e">
         <name>tcp_new</name>
         <value>0x2e3b</value>
         <object_component_ref idref="oc-15a"/>
      </symbol>
      <symbol id="sm-d0f">
         <name>tcp_sent</name>
         <value>0x2e6b</value>
         <object_component_ref idref="oc-15a"/>
      </symbol>
      <symbol id="sm-d10">
         <name>tcp_tmr</name>
         <value>0x1d83</value>
         <object_component_ref idref="oc-15a"/>
      </symbol>
      <symbol id="sm-d11">
         <name>tcp_eff_send_mss</name>
         <value>0x2fed</value>
         <object_component_ref idref="oc-15a"/>
      </symbol>
      <symbol id="sm-d12">
         <name>tcp_process_refused_data</name>
         <value>0x2ad5</value>
         <object_component_ref idref="oc-15a"/>
      </symbol>
      <symbol id="sm-d13">
         <name>tcp_listen_with_backlog</name>
         <value>0x2217</value>
         <object_component_ref idref="oc-15a"/>
      </symbol>
      <symbol id="sm-d14">
         <name>tcp_seg_copy</name>
         <value>0x2bef</value>
         <object_component_ref idref="oc-15a"/>
      </symbol>
      <symbol id="sm-d15">
         <name>tcp_accept</name>
         <value>0x2e91</value>
         <object_component_ref idref="oc-15a"/>
      </symbol>
      <symbol id="sm-d16">
         <name>tcp_pcb_remove</name>
         <value>0x2f3d</value>
         <object_component_ref idref="oc-15a"/>
      </symbol>
      <symbol id="sm-d17">
         <name>tcp_debug_state_str</name>
         <value>0x3031</value>
         <object_component_ref idref="oc-15a"/>
      </symbol>
      <symbol id="sm-d18">
         <name>tcp_state_str</name>
         <value>0xde68</value>
         <object_component_ref idref="oc-2d9"/>
      </symbol>
      <symbol id="sm-d19">
         <name>tcp_abort</name>
         <value>0x211d</value>
         <object_component_ref idref="oc-15a"/>
      </symbol>
      <symbol id="sm-d1a">
         <name>tcp_shutdown</name>
         <value>0x1fe5</value>
         <object_component_ref idref="oc-15a"/>
      </symbol>
      <symbol id="sm-d1b">
         <name>tcp_setprio</name>
         <value>0x2bd9</value>
         <object_component_ref idref="oc-15a"/>
      </symbol>
      <symbol id="sm-e97">
         <name>tcp_input_pcb</name>
         <value>0x2000532c</value>
      </symbol>
      <symbol id="sm-e98">
         <name>tcp_input</name>
         <value>0x26d</value>
         <object_component_ref idref="oc-31c"/>
      </symbol>
      <symbol id="sm-f58">
         <name>tcp_write</name>
         <value>0x33a5</value>
         <object_component_ref idref="oc-2bf"/>
      </symbol>
      <symbol id="sm-f59">
         <name>tcp_rst</name>
         <value>0x3db3</value>
         <object_component_ref idref="oc-2bf"/>
      </symbol>
      <symbol id="sm-f5a">
         <name>tcp_rexmit</name>
         <value>0x3ead</value>
         <object_component_ref idref="oc-2bf"/>
      </symbol>
      <symbol id="sm-f5b">
         <name>tcp_output</name>
         <value>0x3a2d</value>
         <object_component_ref idref="oc-2bf"/>
      </symbol>
      <symbol id="sm-f5c">
         <name>tcp_rexmit_fast</name>
         <value>0x3f29</value>
         <object_component_ref idref="oc-2bf"/>
      </symbol>
      <symbol id="sm-f5d">
         <name>tcp_keepalive</name>
         <value>0x3fbd</value>
         <object_component_ref idref="oc-2bf"/>
      </symbol>
      <symbol id="sm-f5e">
         <name>tcp_rexmit_rto</name>
         <value>0x3e5d</value>
         <object_component_ref idref="oc-2bf"/>
      </symbol>
      <symbol id="sm-f5f">
         <name>tcp_send_empty_ack</name>
         <value>0x39a9</value>
         <object_component_ref idref="oc-2bf"/>
      </symbol>
      <symbol id="sm-f60">
         <name>tcp_enqueue_flags</name>
         <value>0x3835</value>
         <object_component_ref idref="oc-2bf"/>
      </symbol>
      <symbol id="sm-f61">
         <name>tcp_send_fin</name>
         <value>0x3111</value>
         <object_component_ref idref="oc-2bf"/>
      </symbol>
      <symbol id="sm-f62">
         <name>tcp_zero_window_probe</name>
         <value>0x402d</value>
         <object_component_ref idref="oc-2bf"/>
      </symbol>
      <symbol id="sm-fa0">
         <name>sys_restart_timeouts</name>
         <value>0xc647</value>
         <object_component_ref idref="oc-2ae"/>
      </symbol>
      <symbol id="sm-fa1">
         <name>tcp_timer_needed</name>
         <value>0xc41d</value>
         <object_component_ref idref="oc-2ae"/>
      </symbol>
      <symbol id="sm-fa2">
         <name>sys_timeouts_init</name>
         <value>0xc459</value>
         <object_component_ref idref="oc-2ae"/>
      </symbol>
      <symbol id="sm-fa3">
         <name>sys_untimeout</name>
         <value>0xc53f</value>
         <object_component_ref idref="oc-2ae"/>
      </symbol>
      <symbol id="sm-fa4">
         <name>sys_check_timeouts</name>
         <value>0xc5bd</value>
         <object_component_ref idref="oc-2ae"/>
      </symbol>
      <symbol id="sm-fa5">
         <name>sys_timeout</name>
         <value>0xc471</value>
         <object_component_ref idref="oc-2ae"/>
      </symbol>
      <symbol id="sm-101b">
         <name>udp_pcbs</name>
         <value>0x20005340</value>
      </symbol>
      <symbol id="sm-101c">
         <name>udp_disconnect</name>
         <value>0x8d0d</value>
         <object_component_ref idref="oc-16c"/>
      </symbol>
      <symbol id="sm-101d">
         <name>udp_sendto_if</name>
         <value>0x8a75</value>
         <object_component_ref idref="oc-16c"/>
      </symbol>
      <symbol id="sm-101e">
         <name>udp_bind</name>
         <value>0x8bc5</value>
         <object_component_ref idref="oc-16c"/>
      </symbol>
      <symbol id="sm-101f">
         <name>udp_sendto</name>
         <value>0x8a21</value>
         <object_component_ref idref="oc-16c"/>
      </symbol>
      <symbol id="sm-1020">
         <name>udp_input</name>
         <value>0x87b1</value>
         <object_component_ref idref="oc-16c"/>
      </symbol>
      <symbol id="sm-1021">
         <name>udp_new</name>
         <value>0x8d99</value>
         <object_component_ref idref="oc-16c"/>
      </symbol>
      <symbol id="sm-1022">
         <name>udp_recv</name>
         <value>0x8d2d</value>
         <object_component_ref idref="oc-16c"/>
      </symbol>
      <symbol id="sm-1023">
         <name>udp_init</name>
         <value>0x8745</value>
         <object_component_ref idref="oc-16c"/>
      </symbol>
      <symbol id="sm-1024">
         <name>udp_send</name>
         <value>0x8a05</value>
         <object_component_ref idref="oc-16c"/>
      </symbol>
      <symbol id="sm-1025">
         <name>udp_remove</name>
         <value>0x8d47</value>
         <object_component_ref idref="oc-16c"/>
      </symbol>
      <symbol id="sm-1026">
         <name>udp_connect</name>
         <value>0x8c85</value>
         <object_component_ref idref="oc-16c"/>
      </symbol>
      <symbol id="sm-1051">
         <name>icmp_dest_unreach</name>
         <value>0xc31f</value>
         <object_component_ref idref="oc-309"/>
      </symbol>
      <symbol id="sm-1052">
         <name>icmp_input</name>
         <value>0xc139</value>
         <object_component_ref idref="oc-309"/>
      </symbol>
      <symbol id="sm-1081">
         <name>inet_chksum_pseudo_partial</name>
         <value>0xaabf</value>
         <object_component_ref idref="oc-300"/>
      </symbol>
      <symbol id="sm-1082">
         <name>inet_chksum</name>
         <value>0xabfd</value>
         <object_component_ref idref="oc-300"/>
      </symbol>
      <symbol id="sm-1083">
         <name>inet_chksum_pbuf</name>
         <value>0xac15</value>
         <object_component_ref idref="oc-300"/>
      </symbol>
      <symbol id="sm-1084">
         <name>inet_chksum_pseudo</name>
         <value>0xa9a3</value>
         <object_component_ref idref="oc-300"/>
      </symbol>
      <symbol id="sm-10dd">
         <name>current_netif</name>
         <value>0x20005310</value>
      </symbol>
      <symbol id="sm-10de">
         <name>current_header</name>
         <value>0x20005304</value>
      </symbol>
      <symbol id="sm-10df">
         <name>current_iphdr_src</name>
         <value>0x2000530c</value>
      </symbol>
      <symbol id="sm-10e0">
         <name>current_iphdr_dest</name>
         <value>0x20005308</value>
      </symbol>
      <symbol id="sm-10e1">
         <name>ip_output_if</name>
         <value>0xa27d</value>
         <object_component_ref idref="oc-175"/>
      </symbol>
      <symbol id="sm-10e2">
         <name>ip_input</name>
         <value>0xa015</value>
         <object_component_ref idref="oc-175"/>
      </symbol>
      <symbol id="sm-10e3">
         <name>ip_output</name>
         <value>0xa3ef</value>
         <object_component_ref idref="oc-175"/>
      </symbol>
      <symbol id="sm-10e4">
         <name>ip_route</name>
         <value>0x9f9d</value>
         <object_component_ref idref="oc-175"/>
      </symbol>
      <symbol id="sm-112a">
         <name>ipaddr_addr</name>
         <value>0xad6b</value>
         <object_component_ref idref="oc-1e8"/>
      </symbol>
      <symbol id="sm-112b">
         <name>ipaddr_ntoa</name>
         <value>0xaf89</value>
         <object_component_ref idref="oc-1e8"/>
      </symbol>
      <symbol id="sm-112c">
         <name>ip4_addr_isbroadcast</name>
         <value>0xacb5</value>
         <object_component_ref idref="oc-1e8"/>
      </symbol>
      <symbol id="sm-112d">
         <name>ipaddr_ntoa_r</name>
         <value>0xaf99</value>
         <object_component_ref idref="oc-1e8"/>
      </symbol>
      <symbol id="sm-112e">
         <name>ipaddr_aton</name>
         <value>0xad83</value>
         <object_component_ref idref="oc-1e8"/>
      </symbol>
      <symbol id="sm-112f">
         <name>ip4_addr_netmask_valid</name>
         <value>0xad21</value>
         <object_component_ref idref="oc-1e8"/>
      </symbol>
      <symbol id="sm-11ae">
         <name>UARTgetc</name>
         <value>0xa59b</value>
         <object_component_ref idref="oc-160"/>
      </symbol>
      <symbol id="sm-11af">
         <name>UARTgets</name>
         <value>0xa4e1</value>
         <object_component_ref idref="oc-160"/>
      </symbol>
      <symbol id="sm-11b0">
         <name>UARTStdioConfig</name>
         <value>0xa455</value>
         <object_component_ref idref="oc-160"/>
      </symbol>
      <symbol id="sm-11b1">
         <name>UARTwrite</name>
         <value>0xa49b</value>
         <object_component_ref idref="oc-160"/>
      </symbol>
      <symbol id="sm-11b2">
         <name>UARTprintf</name>
         <value>0xa8bb</value>
         <object_component_ref idref="oc-160"/>
      </symbol>
      <symbol id="sm-11b3">
         <name>UARTvprintf</name>
         <value>0xa5c1</value>
         <object_component_ref idref="oc-160"/>
      </symbol>
      <symbol id="sm-11cf">
         <name>memcpy</name>
         <value>0xd2cd</value>
         <object_component_ref idref="oc-4a"/>
      </symbol>
      <symbol id="sm-11d0">
         <name>__aeabi_memcpy</name>
         <value>0xd2cd</value>
         <object_component_ref idref="oc-4a"/>
      </symbol>
      <symbol id="sm-11d1">
         <name>__aeabi_memcpy8</name>
         <value>0xd2cd</value>
         <object_component_ref idref="oc-4a"/>
      </symbol>
      <symbol id="sm-11d2">
         <name>__aeabi_memcpy4</name>
         <value>0xd2cd</value>
         <object_component_ref idref="oc-4a"/>
      </symbol>
      <symbol id="sm-11e1">
         <name>__aeabi_uidivmod</name>
         <value>0xd659</value>
         <object_component_ref idref="oc-2e6"/>
      </symbol>
      <symbol id="sm-11e2">
         <name>__aeabi_uidiv</name>
         <value>0xd659</value>
         <object_component_ref idref="oc-2e6"/>
      </symbol>
      <symbol id="sm-11f1">
         <name>__aeabi_memset</name>
         <value>0xd483</value>
         <object_component_ref idref="oc-ba"/>
      </symbol>
      <symbol id="sm-11f2">
         <name>memset</name>
         <value>0xd489</value>
         <object_component_ref idref="oc-ba"/>
      </symbol>
      <symbol id="sm-11f3">
         <name>__aeabi_memset8</name>
         <value>0xd483</value>
         <object_component_ref idref="oc-ba"/>
      </symbol>
      <symbol id="sm-11f4">
         <name>__aeabi_memset4</name>
         <value>0xd483</value>
         <object_component_ref idref="oc-ba"/>
      </symbol>
      <symbol id="sm-11f5">
         <name>__aeabi_memclr8</name>
         <value>0xd481</value>
         <object_component_ref idref="oc-ba"/>
      </symbol>
      <symbol id="sm-11f6">
         <name>__aeabi_memclr4</name>
         <value>0xd481</value>
         <object_component_ref idref="oc-ba"/>
      </symbol>
      <symbol id="sm-11f7">
         <name>__aeabi_memclr</name>
         <value>0xd481</value>
         <object_component_ref idref="oc-ba"/>
      </symbol>
      <symbol id="sm-1209">
         <name>__TI_zero_init</name>
         <value>0xd79b</value>
         <object_component_ref idref="oc-5c"/>
      </symbol>
      <symbol id="sm-1220">
         <name>__TI_decompress_none</name>
         <value>0xd78d</value>
         <object_component_ref idref="oc-18"/>
      </symbol>
      <symbol id="sm-1243">
         <name>__TI_decompress_lzss</name>
         <value>0xd567</value>
         <object_component_ref idref="oc-12"/>
      </symbol>
      <symbol id="sm-1253">
         <name>memcmp</name>
         <value>0xd735</value>
         <object_component_ref idref="oc-1f7"/>
      </symbol>
      <symbol id="sm-1262">
         <name>strlen</name>
         <value>0xd779</value>
         <object_component_ref idref="oc-1cf"/>
      </symbol>
      <symbol id="sm-1275">
         <name>__stack</name>
         <value>0x20005350</value>
         <object_component_ref idref="oc-21"/>
      </symbol>
      <symbol id="sm-1276">
         <name>_c_int00_noargs</name>
         <value>0xd6d9</value>
         <object_component_ref idref="oc-68"/>
      </symbol>
      <symbol id="sm-1280">
         <name>__aeabi_idiv0</name>
         <value>0x8743</value>
         <object_component_ref idref="oc-3e1"/>
      </symbol>
      <symbol id="sm-1281">
         <name>__aeabi_ldiv0</name>
         <value>0x8743</value>
         <object_component_ref idref="oc-3e1"/>
      </symbol>
      <symbol id="sm-12a9">
         <name>__TI_auto_init_nobinit_nopinit</name>
         <value>0xd5d1</value>
         <object_component_ref idref="oc-255"/>
      </symbol>
      <symbol id="sm-12b3">
         <name>_system_pre_init</name>
         <value>0xd7b9</value>
         <object_component_ref idref="oc-104"/>
      </symbol>
      <symbol id="sm-12bf">
         <name>C$$EXIT</name>
         <value>0xd7bd</value>
         <object_component_ref idref="oc-249"/>
      </symbol>
      <symbol id="sm-12c0">
         <name>abort</name>
         <value>0xd7bd</value>
         <object_component_ref idref="oc-249"/>
      </symbol>
      <symbol id="sm-12c3">
         <name>__TI_static_base__</name>
         <value>0x0</value>
      </symbol>
      <symbol id="sm-12c6">
         <name>__mpu_init</name>
         <value>0x0</value>
      </symbol>
      <symbol id="sm-12c7">
         <name>_system_post_cinit</name>
         <value>0x0</value>
      </symbol>
   </symbol_table>
   <title>Link successful</title>
</link_info>
