******************************************************************************
                  TI ARM Linker PC v18.12.1                    
******************************************************************************
>> Linked Wed Jun 23 13:41:29 2021

OUTPUT FILE NAME:   <steering.out>
ENTRY POINT SYMBOL: "_c_int00_noargs"  address: 0000cb7d


MEMORY CONFIGURATION

         name            origin    length      used     unused   attr    fill
----------------------  --------  ---------  --------  --------  ----  --------
  FLASH                 00000000   00040000  0000d500  00032b00  R  X
  SRAM                  20000000   00008000  0000695a  000016a6  RW X


SEGMENT ALLOCATION MAP

run origin  load origin   length   init length attrs members
----------  ----------- ---------- ----------- ----- -------
00000000    00000000    0000d500   0000d500    r-x
  00000000    00000000    0000026c   0000026c    r-- .intvecs
  0000026c    0000026c    0000c9f8   0000c9f8    r-x .text
  0000cc64    0000cc64    00000824   00000824    r-- .const
  0000d488    0000d488    00000078   00000078    r-- .cinit
20000000    20000000    00006960   00000000    rw-
  20000000    20000000    0000026c   00000000    rw- .vtable
  2000026c    2000026c    000050d6   00000000    rw- .bss
  20005348    20005348    00000fa0   00000000    rw- .stack
  200062e8    200062e8    00000678   00000000    rw- .data


SECTION ALLOCATION MAP

 output                                  attributes/
section   page    origin      length       input sections
--------  ----  ----------  ----------   ----------------
.intvecs   0    00000000    0000026c     
                  00000000    0000026c     tm4c123gh6pm_startup_ccs.obj (.intvecs)

.text      0    0000026c    0000c9f8     
                  0000026c    00001b14     tcp_in.obj (.text)
                  00001d80    000012e4     tcp.obj (.text)
                  00003064    000010b8     tcp_out.obj (.text)
                  0000411c    00000f80     sysctl.obj (.text)
                  0000509c    00000c8c     etharp.obj (.text)
                  00005d28    00000bc4     enc28j60.obj (.text)
                  000068ec    00000b94     gpio.obj (.text)
                  00007480    00000a88     pbuf.obj (.text)
                  00007f08    00000680     udp.obj (.text)
                  00008588    00000642     timer.obj (.text)
                  00008bca    00000002     rtsv7M4_T_le_v4SPD16_eabi.lib : div0.asm.obj (.text)
                  00008bcc    0000062e     uart.obj (.text)
                  000091fa    00000002     stats.obj (.text)
                  000091fc    00000564     mem.obj (.text)
                  00009760    000004b8     ip.obj (.text)
                  00009c18    0000049c     uartstdio.obj (.text)
                  0000a0b4    000003c4     inet_chksum.obj (.text)
                  0000a478    000003c4     ip_addr.obj (.text)
                  0000a83c    000003c0     interrupt.obj (.text)
                  0000abfc    00000338     netif.obj (.text)
                  0000af34    00000336     ssi.obj (.text)
                  0000b26a    00000002     --HOLE-- [fill = 0]
                  0000b26c    000002d4     enocder.obj (.text)
                  0000b540    000002bc     icmp.obj (.text)
                  0000b7fc    00000280     timers.obj (.text)
                  0000ba7c    0000026c     raw.obj (.text)
                  0000bce8    00000248     interface.obj (.text)
                  0000bf30    00000210     memp.obj (.text)
                  0000c140    000001b4     pid.obj (.text)
                  0000c2f4    00000184     motor.obj (.text)
                  0000c478    00000108     spi.obj (.text)
                  0000c580    000000f0     main.obj (.text)
                  0000c670    0000009c     rtsv7M4_T_le_v4SPD16_eabi.lib : memcpy_t2.asm.obj (.text)
                  0000c70c    00000094     systick.obj (.text)
                  0000c7a0    00000088     systick.obj (.text)
                  0000c828    00000088     buttons.obj (.text)
                  0000c8b0    0000007a     rtsv7M4_T_le_v4SPD16_eabi.lib : memset_t2.asm.obj (.text)
                  0000c92a    00000002     --HOLE-- [fill = 0]
                  0000c92c    00000074     application.obj (.text)
                  0000c9a0    0000006c     def.obj (.text)
                  0000ca0c    00000068     rtsv7M4_T_le_v4SPD16_eabi.lib : copy_decompress_lzss.c.obj (.text:decompress:lzss:__TI_decompress_lzss)
                  0000ca74    00000044                                   : autoinit.c.obj (.text:__TI_auto_init_nobinit_nopinit:__TI_auto_init_nobinit_nopinit)
                  0000cab8    00000044     led.obj (.text)
                  0000cafc    00000040     rtsv7M4_T_le_v4SPD16_eabi.lib : u_divt2.asm.obj (.text)
                  0000cb3c    0000003e     cpu.obj (.text)
                  0000cb7a    00000002     --HOLE-- [fill = 0]
                  0000cb7c    00000034     rtsv7M4_T_le_v4SPD16_eabi.lib : boot_cortex_m.c.obj (.text:_c_int00_noargs:_c_int00_noargs)
                  0000cbb0    00000028     sys_arch.obj (.text)
                  0000cbd8    00000024     rtsv7M4_T_le_v4SPD16_eabi.lib : memcmp.c.obj (.text:memcmp)
                  0000cbfc    00000020     init.obj (.text)
                  0000cc1c    00000014     rtsv7M4_T_le_v4SPD16_eabi.lib : strlen.c.obj (.text:strlen)
                  0000cc30    0000000e                                   : copy_decompress_none.c.obj (.text:decompress:none:__TI_decompress_none)
                  0000cc3e    0000000c                                   : copy_zero_init.c.obj (.text:decompress:ZI:__TI_zero_init)
                  0000cc4a    0000000c     tm4c123gh6pm_startup_ccs.obj (.text)
                  0000cc56    00000006     sysctl.obj (.text:SysCtlDelay)
                  0000cc5c    00000004     rtsv7M4_T_le_v4SPD16_eabi.lib : pre_init.c.obj (.text:_system_pre_init)
                  0000cc60    00000004                                   : exit.c.obj (.text:abort:abort)

.const     0    0000cc64    00000824     
                  0000cc64    000001b0     sysctl.obj (.const:g_pppui32XTALtoVCO)
                  0000ce14    000000d8     gpio.obj (.const:g_ppui32GPIOIntMapSnowflake)
                  0000ceec    000000c0     gpio.obj (.const:g_ppui32GPIOIntMapBlizzard)
                  0000cfac    0000009c     interrupt.obj (.const:g_pui32Regs)
                  0000d048    00000090     gpio.obj (.const:g_pui32GPIOBaseAddrs)
                  0000d0d8    00000076     tcp.obj (.const:.string)
                  0000d14e    00000002     --HOLE-- [fill = 0]
                  0000d150    0000006c     sysctl.obj (.const:g_pui32Xtals)
                  0000d1bc    00000060     timer.obj (.const:g_ppui32TimerIntMap)
                  0000d21c    00000040     timer.obj (.const:g_ppui32TimerIntMapSnowflake)
                  0000d25c    00000040     uart.obj (.const:g_ppui32UARTIntMap)
                  0000d29c    00000040     uart.obj (.const:g_ppui32UARTIntMapSnowflake)
                  0000d2dc    00000030     sysctl.obj (.const:g_sXTALtoMEMTIM)
                  0000d30c    0000002c     tcp.obj (.const:tcp_state_str)
                  0000d338    00000020     ssi.obj (.const:g_ppui32SSIIntMap)
                  0000d358    00000020     ssi.obj (.const:g_ppui32SSIIntMapSnowflake)
                  0000d378    00000020     interrupt.obj (.const:g_pui32Priority)
                  0000d398    00000014     interrupt.obj (.const:g_pui32Dii16Regs)
                  0000d3ac    00000014     interrupt.obj (.const:g_pui32EnRegs)
                  0000d3c0    00000014     interrupt.obj (.const:g_pui32PendRegs)
                  0000d3d4    00000014     interrupt.obj (.const:g_pui32UnpendRegs)
                  0000d3e8    00000012     uartstdio.obj (.const:.string)
                  0000d3fa    00000010     memp.obj (.const:memp_num)
                  0000d40a    00000010     memp.obj (.const:memp_sizes)
                  0000d41a    00000002     --HOLE-- [fill = 0]
                  0000d41c    00000010     tcp.obj (.const:tcp_pcb_lists)
                  0000d42c    0000000d     tcp.obj (.const:.string:tcp_backoff)
                  0000d439    00000003     --HOLE-- [fill = 0]
                  0000d43c    0000000c     uartstdio.obj (.const:g_ui32UARTBase)
                  0000d448    0000000c     uartstdio.obj (.const:g_ui32UARTPeriph)
                  0000d454    0000000c     pid.obj (.const)
                  0000d460    00000008     sysctl.obj (.const:g_pui32VCOFrequencies)
                  0000d468    00000007     tcp.obj (.const:.string:tcp_persist_backoff)
                  0000d46f    00000006     config.obj (.const:.string:mac)
                  0000d475    00000006     etharp.obj (.const:ethbroadcast)
                  0000d47b    00000006     etharp.obj (.const:ethzero)
                  0000d481    00000003     --HOLE-- [fill = 0]
                  0000d484    00000004     uartstdio.obj (.const)

.cinit     0    0000d488    00000078     
                  0000d488    0000003e     (.cinit..data.load) [load image, compression = lzss]
                  0000d4c6    00000002     --HOLE-- [fill = 0]
                  0000d4c8    0000000c     (__TI_handler_table)
                  0000d4d4    00000004     --HOLE-- [fill = 0]
                  0000d4d8    00000008     (.cinit..bss.load) [load image, compression = zero_init]
                  0000d4e0    00000008     (.cinit..vtable.load) [load image, compression = zero_init]
                  0000d4e8    00000018     (__TI_cinit_table)

.init_array 
*          0    00000000    00000000     UNINITIALIZED

.vtable    0    20000000    0000026c     UNINITIALIZED
                  20000000    0000026c     interrupt.obj (.vtable)

.bss       0    2000026c    000050d6     UNINITIALIZED
                  2000026c    00002e1c     memp.obj (.bss:memp_memory)
                  20003088    00002014     (.common:ram_heap)
                  2000509c    000000ea     (.common:lwip_stats)
                  20005186    00000002     ip.obj (.bss)
                  20005188    000000c8     etharp.obj (.bss:arp_table)
                  20005250    00000030     (.common:g_sNetIF)
                  20005280    00000020     memp.obj (.bss:memp_tab)
                  200052a0    0000001c     tcp_in.obj (.bss)
                  200052bc    00000010     tcp_in.obj (.bss:inseg)
                  200052cc    00000010     ip_addr.obj (.bss:str$1)
                  200052dc    0000000c     mem.obj (.bss)
                  200052e8    0000000c     timers.obj (.bss)
                  200052f4    00000004     enc28j60.obj (.bss)
                  200052f8    00000004     raw.obj (.bss)
                  200052fc    00000004     (.common:Udp_ptr_steering_encoder_reading)
                  20005300    00000004     (.common:Udp_ptr_steering_set_point)
                  20005304    00000004     (.common:current_header)
                  20005308    00000004     (.common:current_iphdr_dest)
                  2000530c    00000004     (.common:current_iphdr_src)
                  20005310    00000004     (.common:current_netif)
                  20005314    00000004     (.common:netif_default)
                  20005318    00000004     (.common:netif_list)
                  2000531c    00000004     (.common:tcp_active_pcbs)
                  20005320    00000004     (.common:tcp_bound_pcbs)
                  20005324    00000004     (.common:tcp_input_pcb)
                  20005328    00000004     (.common:tcp_listen_pcbs)
                  2000532c    00000004     (.common:tcp_ticks)
                  20005330    00000004     (.common:tcp_tmp_pcb)
                  20005334    00000004     (.common:tcp_tw_pcbs)
                  20005338    00000004     (.common:udp_pcbs)
                  2000533c    00000002     tcp.obj (.bss)
                  2000533e    00000001     etharp.obj (.bss)
                  2000533f    00000001     netif.obj (.bss)
                  20005340    00000001     (.common:pbuf_free_ooseq_pending)
                  20005341    00000001     (.common:tcp_active_pcbs_changed)

.data      0    200062e8    00000678     UNINITIALIZED
                  200062e8    000005ea     enc28j60.obj (.data:incomming_frame)
                  200068d2    00000002     buttons.obj (.data)
                  200068d4    00000020     interface.obj (.data)
                  200068f4    00000018     pid.obj (.data)
                  2000690c    00000012     enocder.obj (.data)
                  2000691e    00000002     udp.obj (.data)
                  20006920    0000000c     systick.obj (.data)
                  2000692c    0000000c     enc28j60.obj (.data)
                  20006938    00000008     application.obj (.data)
                  20006940    00000008     tcp.obj (.data)
                  20006948    00000005     uartstdio.obj (.data)
                  2000694d    00000003     --HOLE--
                  20006950    00000004     application.obj (.data:Remote_ip_addr)
                  20006954    00000004     application.obj (.data:gw_addr)
                  20006958    00000004     application.obj (.data:ip_addr)
                  2000695c    00000004     application.obj (.data:net_mask)

.stack     0    20005348    00000fa0     UNINITIALIZED
                  20005348    00000004     rtsv7M4_T_le_v4SPD16_eabi.lib : boot_cortex_m.c.obj (.stack)
                  2000534c    00000f9c     --HOLE--

MODULE SUMMARY

       Module                         code    ro data   rw data
       ------                         ----    -------   -------
    .\
       enocder.obj                    724     0         18     
       tm4c123gh6pm_startup_ccs.obj   12      620       0      
       pid.obj                        436     12        24     
       motor.obj                      388     0         0      
       main.obj                       240     0         0      
       application.obj                116     0         32     
    +--+------------------------------+-------+---------+---------+
       Total:                         1916    632       74     
                                                               
    .\driverlib\
       sysctl.obj                     3974    596       0      
       gpio.obj                       2964    552       0      
       interrupt.obj                  960     268       620    
       timer.obj                      1602    160       0      
       uart.obj                       1582    128       0      
       ssi.obj                        822     64        0      
       systick.obj                    136     0         0      
       cpu.obj                        62      0         0      
    +--+------------------------------+-------+---------+---------+
       Total:                         12102   1768      620    
                                                               
    .\interface\
       interface.obj                  584     0         80     
    +--+------------------------------+-------+---------+---------+
       Total:                         584     0         80     
                                                               
    .\ports\
       enc28j60.obj                   3012    0         1530   
       spi.obj                        264     0         0      
       systick.obj                    148     0         12     
       buttons.obj                    136     0         2      
       led.obj                        68      0         0      
       sys_arch.obj                   40      0         0      
       config.obj                     0       6         0      
    +--+------------------------------+-------+---------+---------+
       Total:                         3668    6         1544   
                                                               
    .\src\core\
       memp.obj                       528     32        11836  
       mem.obj                        1380    0         8224   
       tcp_in.obj                     6932    0         48     
       tcp.obj                        4836    198       35     
       tcp_out.obj                    4280    0         0      
       etharp.obj                     3212    12        201    
       pbuf.obj                       2696    0         1      
       udp.obj                        1664    0         6      
       netif.obj                      824     0         9      
       timers.obj                     640     0         12     
       raw.obj                        620     0         4      
       stats.obj                      2       0         234    
       def.obj                        108     0         0      
       init.obj                       32      0         0      
    +--+------------------------------+-------+---------+---------+
       Total:                         27754   242       20610  
                                                               
    .\src\core\ipv4\
       ip.obj                         1208    0         18     
       ip_addr.obj                    964     0         16     
       inet_chksum.obj                964     0         0      
       icmp.obj                       700     0         0      
    +--+------------------------------+-------+---------+---------+
       Total:                         3836    0         34     
                                                               
    .\utils\
       uartstdio.obj                  1180    46        5      
    +--+------------------------------+-------+---------+---------+
       Total:                         1180    46        5      
                                                               
    C:\ti\ccs900\ccs\tools\compiler\ti-cgt-arm_18.12.1.LTS\lib\rtsv7M4_T_le_v4SPD16_eabi.lib
       memcpy_t2.asm.obj              156     0         0      
       memset_t2.asm.obj              122     0         0      
       copy_decompress_lzss.c.obj     104     0         0      
       autoinit.c.obj                 68      0         0      
       u_divt2.asm.obj                64      0         0      
       boot_cortex_m.c.obj            52      0         0      
       memcmp.c.obj                   36      0         0      
       strlen.c.obj                   20      0         0      
       copy_decompress_none.c.obj     14      0         0      
       copy_zero_init.c.obj           12      0         0      
       exit.c.obj                     4       0         0      
       pre_init.c.obj                 4       0         0      
       div0.asm.obj                   2       0         0      
    +--+------------------------------+-------+---------+---------+
       Total:                         658     0         0      
                                                               
       Stack:                         0       0         4000   
       Linker Generated:              0       114       0      
    +--+------------------------------+-------+---------+---------+
       Grand Total:                   51698   2808      26967  


LINKER GENERATED COPY TABLES

__TI_cinit_table @ 0000d4e8 records: 3, size/record: 8, table size: 24
	.data: load addr=0000d488, load size=0000003e bytes, run addr=200062e8, run size=00000678 bytes, compression=lzss
	.bss: load addr=0000d4d8, load size=00000008 bytes, run addr=2000026c, run size=000050d6 bytes, compression=zero_init
	.vtable: load addr=0000d4e0, load size=00000008 bytes, run addr=20000000, run size=0000026c bytes, compression=zero_init


LINKER GENERATED HANDLER TABLE

__TI_handler_table @ 0000d4c8 records: 3, size/record: 4, table size: 12
	index: 0, handler: __TI_zero_init
	index: 1, handler: __TI_decompress_lzss
	index: 2, handler: __TI_decompress_none


GLOBAL SYMBOLS: SORTED ALPHABETICALLY BY Name 

address   name                                
-------   ----                                
0000c829  ButtonsInit                         
0000cc61  C$$EXIT                             
0000cb71  CPUbasepriGet                       
0000cb63  CPUbasepriSet                       
0000cb3d  CPUcpsid                            
0000cb53  CPUcpsie                            
0000cb49  CPUprimask                          
0000cb5f  CPUwfi                              
0000bdd9  ECU_int                             
0000687f  EthIf_ProvideTxBuffer               
00007459  GPIOADCTriggerDisable               
0000743b  GPIOADCTriggerEnable                
0000741d  GPIODMATriggerDisable               
000073ff  GPIODMATriggerEnable                
000069a7  GPIODirModeGet                      
0000694b  GPIODirModeSet                      
00006f0f  GPIOIntClear                        
00006ed3  GPIOIntDisable                      
00006eb9  GPIOIntEnable                       
00006f23  GPIOIntRegister                     
00006f5b  GPIOIntRegisterPin                  
00006eed  GPIOIntStatus                       
00006a97  GPIOIntTypeGet                      
000069f3  GPIOIntTypeSet                      
00006f41  GPIOIntUnregister                   
00006f89  GPIOIntUnregisterPin                
00006d67  GPIOPadConfigGet                    
00006b2d  GPIOPadConfigSet                    
000073a1  GPIOPinConfigure                    
00006fad  GPIOPinRead                         
00006fe5  GPIOPinTypeADC                      
00007009  GPIOPinTypeCAN                      
0000702d  GPIOPinTypeComparator               
00007051  GPIOPinTypeComparatorOutput         
00007075  GPIOPinTypeDIVSCLK                  
00007099  GPIOPinTypeEPI                      
000070bd  GPIOPinTypeEthernetLED              
000070e1  GPIOPinTypeEthernetMII              
00007105  GPIOPinTypeGPIOInput                
00007129  GPIOPinTypeGPIOOutput               
0000714d  GPIOPinTypeGPIOOutputOD             
00007171  GPIOPinTypeHibernateRTCCLK          
00007195  GPIOPinTypeI2C                      
000071b9  GPIOPinTypeI2CSCL                   
000071dd  GPIOPinTypeLCD                      
00007201  GPIOPinTypeOneWire                  
00007225  GPIOPinTypePWM                      
00007249  GPIOPinTypeQEI                      
0000726d  GPIOPinTypeSSI                      
00007291  GPIOPinTypeTimer                    
000072b5  GPIOPinTypeTrace                    
000072d9  GPIOPinTypeUART                     
000072fd  GPIOPinTypeUSBAnalog                
00007321  GPIOPinTypeUSBDigital               
00007345  GPIOPinTypeWakeHigh                 
0000736b  GPIOPinTypeWakeLow                  
00007391  GPIOPinWakeStatus                   
00006fc5  GPIOPinWrite                        
0000bea3  InitConsole                         
0000a9fd  IntDisable                          
0000a98b  IntEnable                           
0000aa6f  IntIsEnabled                        
0000a84f  IntMasterDisable                    
0000a83f  IntMasterEnable                     
0000ab65  IntPendClear                        
0000aaf5  IntPendSet                          
0000a967  IntPriorityGet                      
0000a8df  IntPriorityGroupingGet              
0000a8c5  IntPriorityGroupingSet              
0000abbf  IntPriorityMaskGet                  
0000abb3  IntPriorityMaskSet                  
0000a917  IntPrioritySet                      
0000a85f  IntRegister                         
0000abc7  IntTrigger                          
0000a8b1  IntUnregister                       
0000d45c  Kd                                  
0000d458  Ki                                  
0000d454  Kp                                  
0000be7d  LWIP_stack_int                      
0000c255  PID_task_t                          
20006950  Remote_ip_addr                      
0000cc4b  ResetISR                            
0000b1ed  SSIAdvDataPutFrameEnd               
0000b213  SSIAdvDataPutFrameEndNonBlocking    
0000b255  SSIAdvFrameHoldDisable              
0000b23f  SSIAdvFrameHoldEnable               
0000b1bb  SSIAdvModeSet                       
0000b179  SSIBusy                             
0000b1ab  SSIClockSourceGet                   
0000b197  SSIClockSourceSet                   
0000af93  SSIConfigSetExpClk                  
0000b161  SSIDMADisable                       
0000b149  SSIDMAEnable                        
0000b10b  SSIDataGet                          
0000b127  SSIDataGetNonBlocking               
0000b0d1  SSIDataPut                          
0000b0eb  SSIDataPutNonBlocking               
0000b023  SSIDisable                          
0000b00d  SSIEnable                           
0000b0bf  SSIIntClear                         
0000b089  SSIIntDisable                       
0000b071  SSIIntEnable                        
0000b039  SSIIntRegister                      
0000b0a1  SSIIntStatus                        
0000b057  SSIIntUnregister                    
0000be73  SimpleDelay_2                       
00005059  SysCtlAltClkConfig                  
00004781  SysCtlClockFreqSet                  
00004c49  SysCtlClockGet                      
0000503d  SysCtlClockOutConfig                
00004a79  SysCtlClockSet                      
00004685  SysCtlDeepSleep                     
00004e0d  SysCtlDeepSleepClockConfigSet       
00004def  SysCtlDeepSleepClockSet             
00004665  SysCtlDeepSleepPowerSet             
0000cc57  SysCtlDelay                         
00004213  SysCtlFlashSectorSizeGet            
000041e7  SysCtlFlashSizeGet                  
00004ee3  SysCtlGPIOAHBDisable                
00004ec7  SysCtlGPIOAHBEnable                 
000045f9  SysCtlIntClear                      
000045e1  SysCtlIntDisable                    
000045cd  SysCtlIntEnable                     
000045a5  SysCtlIntRegister                   
00004609  SysCtlIntStatus                     
000045bd  SysCtlIntUnregister                 
0000464b  SysCtlLDODeepSleepGet               
0000463b  SysCtlLDODeepSleepSet               
00004635  SysCtlLDOSleepGet                   
00004625  SysCtlLDOSleepSet                   
000046bb  SysCtlMOSCConfigSet                 
00005021  SysCtlNMIClear                      
0000500d  SysCtlNMIStatus                     
000046d1  SysCtlPIOSCCalibrate                
00004eb1  SysCtlPWMClockGet                   
00004e97  SysCtlPWMClockSet                   
00004551  SysCtlPeripheralClockGating         
00004509  SysCtlPeripheralDeepSleepDisable    
000044b9  SysCtlPeripheralDeepSleepEnable     
000043f5  SysCtlPeripheralDisable             
000043b9  SysCtlPeripheralEnable              
000042f5  SysCtlPeripheralPowerOff            
000042b9  SysCtlPeripheralPowerOn             
00004239  SysCtlPeripheralPresent             
00004279  SysCtlPeripheralReady               
00004331  SysCtlPeripheralReset               
0000447d  SysCtlPeripheralSleepDisable        
00004439  SysCtlPeripheralSleepEnable         
00004675  SysCtlReset                         
00004731  SysCtlResetBehaviorGet              
00004721  SysCtlResetBehaviorSet              
000046a7  SysCtlResetCauseClear               
000046a1  SysCtlResetCauseGet                 
000041dd  SysCtlSRAMSizeGet                   
0000467d  SysCtlSleep                         
00004651  SysCtlSleepPowerSet                 
00004f0b  SysCtlUSBPLLDisable                 
00004eff  SysCtlUSBPLLEnable                  
00004f51  SysCtlVCOGet                        
00004f39  SysCtlVoltageEventClear             
00004f1d  SysCtlVoltageEventConfig            
00004f2d  SysCtlVoltageEventStatus            
0000c7ad  SysTickDisable                      
0000c7a1  SysTickEnable                       
0000c7f1  SysTickIntDisable                   
0000c7e5  SysTickIntEnable                    
0000c729  SysTickIntHandler                   
0000c7b9  SysTickIntRegister                  
0000c7d1  SysTickIntUnregister                
0000c80f  SysTickPeriodGet                    
0000c7fd  SysTickPeriodSet                    
0000c817  SysTickValueGet                     
000067cf  TcpIp_RxIndication                  
00008b49  TimerADCEventGet                    
00008b37  TimerADCEventSet                    
0000886d  TimerClockSourceGet                 
00008843  TimerClockSourceSet                 
00008637  TimerConfigure                      
00008757  TimerControlEvent                   
000086b3  TimerControlLevel                   
00008781  TimerControlStall                   
000086e9  TimerControlTrigger                 
000087b7  TimerControlWaitOnTrigger           
00008b69  TimerDMAEventGet                    
00008b57  TimerDMAEventSet                    
00008619  TimerDisable                        
000085fb  TimerEnable                         
00008b13  TimerIntClear                       
00008add  TimerIntDisable                     
00008ac5  TimerIntEnable                      
00008a7f  TimerIntRegister                    
00008af5  TimerIntStatus                      
00008aa7  TimerIntUnregister                  
00008937  TimerLoadGet                        
0000896d  TimerLoadGet64                      
0000890d  TimerLoadSet                        
00008953  TimerLoadSet64                      
00008a17  TimerMatchGet                       
00008a4d  TimerMatchGet64                     
000089ed  TimerMatchSet                       
00008a33  TimerMatchSet64                     
000088a7  TimerPrescaleGet                    
000088f1  TimerPrescaleMatchGet               
000088c3  TimerPrescaleMatchSet               
0000887d  TimerPrescaleSet                    
0000882d  TimerRTCDisable                     
00008817  TimerRTCEnable                      
00008b25  TimerSynchronize                    
00008b77  TimerUpdateMode                     
0000899f  TimerValueGet                       
000089bb  TimerValueGet64                     
0000c3e1  Turn_Left                           
0000c399  Turn_Right                          
0000919d  UART9BitAddrSend                    
00009177  UART9BitAddrSet                     
00009161  UART9BitDisable                     
0000914b  UART9BitEnable                      
00008fef  UARTBreakCtl                        
00009019  UARTBusy                            
00008f97  UARTCharGet                         
00008f7b  UARTCharGetNonBlocking              
00008fd1  UARTCharPut                         
00008fad  UARTCharPutNonBlocking              
00008f3f  UARTCharsAvail                      
0000913b  UARTClockSourceGet                  
00009127  UARTClockSourceSet                  
00008d0f  UARTConfigGetExpClk                 
00008c99  UARTConfigSetExpClk                 
000090ed  UARTDMADisable                      
000090d5  UARTDMAEnable                       
00008d7f  UARTDisable                         
00008e03  UARTDisableSIR                      
00008d5b  UARTEnable                          
00008dd5  UARTEnableSIR                       
00008dbf  UARTFIFODisable                     
00008da9  UARTFIFOEnable                      
00008c71  UARTFIFOLevelGet                    
00008c59  UARTFIFOLevelSet                    
00008eff  UARTFlowControlGet                  
00008ee3  UARTFlowControlSet                  
000090c3  UARTIntClear                        
0000908d  UARTIntDisable                      
00009075  UARTIntEnable                       
00009037  UARTIntRegister                     
000090a5  UARTIntStatus                       
00009055  UARTIntUnregister                   
000091e5  UARTLoopbackEnable                  
00008e99  UARTModemControlClear               
00008ebd  UARTModemControlGet                 
00008e61  UARTModemControlSet                 
00008ecf  UARTModemStatusGet                  
00008c47  UARTParityModeGet                   
00008c2b  UARTParityModeSet                   
00009117  UARTRxErrorClear                    
00009105  UARTRxErrorGet                      
00008e4b  UARTSmartCardDisable                
00008e19  UARTSmartCardEnable                 
00008f5d  UARTSpaceAvail                      
00009c19  UARTStdioConfig                     
00008f2d  UARTTxIntModeGet                    
00008f11  UARTTxIntModeSet                    
00009d5f  UARTgetc                            
00009ca5  UARTgets                            
0000a07f  UARTprintf                          
00009d85  UARTvprintf                         
00009c5f  UARTwrite                           
0000c92d  UDP_recv_steering_set_point         
200068d8  Udp_ptr_Set_point                   
200068dc  Udp_ptr_encoder_reading             
200052fc  Udp_ptr_steering_encoder_reading    
20005300  Udp_ptr_steering_set_point          
200062e8  __STACK_END                         
00000fa0  __STACK_SIZE                        
20005548  __STACK_TOP                         
0000d4e8  __TI_CINIT_Base                     
0000d500  __TI_CINIT_Limit                    
0000d4c8  __TI_Handler_Table_Base             
0000d4d4  __TI_Handler_Table_Limit            
0000ca75  __TI_auto_init_nobinit_nopinit      
0000ca0d  __TI_decompress_lzss                
0000cc31  __TI_decompress_none                
ffffffff  __TI_pprof_out_hndl                 
ffffffff  __TI_prof_data_size                 
ffffffff  __TI_prof_data_start                
00000000  __TI_static_base__                  
0000cc3f  __TI_zero_init                      
00008bcb  __aeabi_idiv0                       
00008bcb  __aeabi_ldiv0                       
0000c8b1  __aeabi_memclr                      
0000c8b1  __aeabi_memclr4                     
0000c8b1  __aeabi_memclr8                     
0000c671  __aeabi_memcpy                      
0000c671  __aeabi_memcpy4                     
0000c671  __aeabi_memcpy8                     
0000c8b3  __aeabi_memset                      
0000c8b3  __aeabi_memset4                     
0000c8b3  __aeabi_memset8                     
0000cafd  __aeabi_uidiv                       
0000cafd  __aeabi_uidivmod                    
ffffffff  __binit__                           
ffffffff  __c_args__                          
UNDEFED   __mpu_init                          
20005348  __stack                             
0000cb7d  _c_int00_noargs                     
UNDEFED   _system_post_cinit                  
0000cc5d  _system_pre_init                    
0000cc61  abort                               
ffffffff  binit                               
0000c875  buttons_handler                     
0000c1d9  change                              
200068d4  connection_established              
200068f8  control_action                      
20006930  count                               
20006910  counter                             
20005304  current_header                      
20005308  current_iphdr_dest                  
2000530c  current_iphdr_src                   
20005310  current_netif                       
20006914  dec_position                        
20006908  derivative                          
0000b4bb  ecoder_init                         
0000b26d  ecoder_read                         
000061d5  enc_get_mac_addr                    
00006245  enc_init                            
000060bf  enc_phy_write                       
00005f6b  enc_read_reg                        
00005d29  enc_reset                           
000066bf  enc_send_packet                     
000054e5  etharp_cleanup_netif                
0000553f  etharp_find_addr                    
000057bd  etharp_output                       
00005945  etharp_query                        
00005be9  etharp_request                      
000050dd  etharp_tmr                          
0000d475  ethbroadcast                        
00006599  ethernet_handler                    
00005c21  ethernet_input                      
0000d47b  ethzero                             
20006934  flagg                               
20000000  g_pfnRAMVectors                     
00000000  g_pfnVectors                        
20005250  g_sNetIF                            
200068e0  g_ui32LocalTimer                    
200068d2  g_ui8ButtonStates                   
2000692c  global_flag                         
0000c4cd  gpio_comm_init                      
20006954  gw_addr                             
0000b727  icmp_dest_unreach                   
0000b541  icmp_input                          
200062e8  incomming_frame                     
0000a3c1  inet_chksum                         
0000a3d9  inet_chksum_pbuf                    
0000a167  inet_chksum_pseudo                  
0000a283  inet_chksum_pseudo_partial          
20006900  integral                            
00006223  intrupt_enable                      
0000a479  ip4_addr_isbroadcast                
0000a4e5  ip4_addr_netmask_valid              
20006958  ip_addr                             
000097d9  ip_input                            
00009bb3  ip_output                           
00009a41  ip_output_if                        
00009761  ip_route                            
0000a52f  ipaddr_addr                         
0000a547  ipaddr_aton                         
0000a74d  ipaddr_ntoa                         
0000a75d  ipaddr_ntoa_r                       
20006904  last_error                          
0000cadd  led_init                            
0000cacf  led_off                             
0000cab9  led_on                              
20006920  leds_timer                          
0000bce9  lwIPPrivateInit                     
0000bd73  lwIPServiceTimers                   
0000bdc5  lwIPTimer                           
0000c9d5  lwip_htonl                          
0000c9a1  lwip_htons                          
0000cbfd  lwip_init                           
0000ca01  lwip_ntohl                          
0000c9c5  lwip_ntohs                          
2000509c  lwip_stats                          
0000d46f  mac                                 
0000c581  main                                
20006928  main_function                       
00009713  mem_calloc                          
00009303  mem_free                            
0000929d  mem_init                            
00009565  mem_malloc                          
00009379  mem_trim                            
0000cbd9  memcmp                              
0000c671  memcpy                              
0000c0d1  memp_free                           
0000bf31  memp_init                           
0000c023  memp_malloc                         
0000c8b9  memset                              
0000c2f5  motor_init                          
0000c429  motor_stop                          
2000695c  net_mask                            
0000abff  netif_add                           
20005314  netif_default                       
0000ad01  netif_find                          
0000abfd  netif_init                          
20005318  netif_list                          
0000ac8b  netif_remove                        
0000ac61  netif_set_addr                      
0000ae43  netif_set_default                   
0000ae9d  netif_set_down                      
0000ae0b  netif_set_gw                        
0000ad63  netif_set_ipaddr                    
0000af07  netif_set_link_down                 
0000aecb  netif_set_link_up                   
0000ae27  netif_set_netmask                   
0000ae59  netif_set_up                        
20006918  old_read                            
000074e1  pbuf_alloc                          
00007991  pbuf_cat                            
000079d7  pbuf_chain                          
00007941  pbuf_clen                           
00007ceb  pbuf_coalesce                       
00007a37  pbuf_copy                           
00007b53  pbuf_copy_partial                   
000079ed  pbuf_dechain                        
00007899  pbuf_free                           
00007481  pbuf_free_ooseq                     
20005340  pbuf_free_ooseq_pending             
00007d2b  pbuf_get_at                         
000077bd  pbuf_header                         
00007d89  pbuf_memcmp                         
00007e41  pbuf_memfind                        
00007705  pbuf_realloc                        
0000796f  pbuf_ref                            
00007ebf  pbuf_strstr                         
00007c3b  pbuf_take                           
0000c20f  percentage_change                   
0000c141  pid_loop                            
2000693a  port_local_steering_encoder_reading 
20006938  port_local_steering_set_point       
2000693e  port_remote_steering_encoder_reading
2000693c  port_remote_steering_set_point      
20003088  ram_heap                            
0000bb25  raw_bind                            
0000bb43  raw_connect                         
0000ba7d  raw_input                           
0000bc9f  raw_new                             
0000bb61  raw_recv                            
0000bc4d  raw_remove                          
0000bc39  raw_send                            
0000bb7b  raw_sendto                          
00006371  recive_packet                       
00006475  recive_packet_error                 
00006861  reciving_autosar                    
200068d3  right                               
0000c963  send_udp_steering_encoder_reading   
200068f4  sensor_Reading                      
200068fc  set__point                          
0000c479  spi_init                            
0000c537  spi_send                            
000091fb  stats_init                          
20006924  steering_encoder_reading_timer      
0000cc1d  strlen                              
0000cbb7  sys_arch_protect                    
0000cbbf  sys_arch_unprotect                  
0000b9c5  sys_check_timeouts                  
0000cbb1  sys_now                             
0000ba4f  sys_restart_timeouts                
0000b879  sys_timeout                         
0000b861  sys_timeouts_init                   
0000b947  sys_untimeout                       
0000c2b5  task_set_point_change               
00002061  tcp_abandon                         
0000211d  tcp_abort                           
00002e91  tcp_accept                          
2000531c  tcp_active_pcbs                     
20005341  tcp_active_pcbs_changed             
00002d29  tcp_alloc                           
00002e45  tcp_arg                             
0000d42c  tcp_backoff                         
00002131  tcp_bind                            
20005320  tcp_bound_pcbs                      
00001fbf  tcp_close                           
00002471  tcp_connect                         
00003031  tcp_debug_state_str                 
00002fed  tcp_eff_send_mss                    
00003835  tcp_enqueue_flags                   
00002e7d  tcp_err                             
00002a55  tcp_fasttmr                         
00001d81  tcp_init                            
0000026d  tcp_input                           
20005324  tcp_input_pcb                       
00003fbd  tcp_keepalive                       
20005328  tcp_listen_pcbs                     
00002217  tcp_listen_with_backlog             
00002e3b  tcp_new                             
00002fd7  tcp_next_iss                        
00003a2d  tcp_output                          
0000d41c  tcp_pcb_lists                       
00002ec9  tcp_pcb_purge                       
00002f3d  tcp_pcb_remove                      
0000d468  tcp_persist_backoff                 
00002ea3  tcp_poll                            
00002ad5  tcp_process_refused_data            
00002e57  tcp_recv                            
00002c19  tcp_recv_null                       
00002387  tcp_recved                          
00003ead  tcp_rexmit                          
00003f29  tcp_rexmit_fast                     
00003e5d  tcp_rexmit_rto                      
00003db3  tcp_rst                             
00002bef  tcp_seg_copy                        
00002bb5  tcp_seg_free                        
00002b95  tcp_segs_free                       
000039a9  tcp_send_empty_ack                  
00003111  tcp_send_fin                        
00002e6b  tcp_sent                            
00002bd9  tcp_setprio                         
00001fe5  tcp_shutdown                        
0000261d  tcp_slowtmr                         
0000d30c  tcp_state_str                       
2000532c  tcp_ticks                           
0000b825  tcp_timer_needed                    
20005330  tcp_tmp_pcb                         
00001d83  tcp_tmr                             
20005334  tcp_tw_pcbs                         
00002311  tcp_update_rcv_ann_wnd              
000033a5  tcp_write                           
0000402d  tcp_zero_window_probe               
2000691c  test_encoder                        
0000c70d  timer_start                         
0000668d  trasmit_process                     
2000690c  turn                                
00008389  udp_bind                            
00008449  udp_connect                         
000084d1  udp_disconnect                      
00007f09  udp_init                            
00007f75  udp_input                           
0000855d  udp_new                             
20005338  udp_pcbs                            
000084f1  udp_recv                            
0000850b  udp_remove                          
000081c9  udp_send                            
000081e5  udp_sendto                          
00008239  udp_sendto_if                       


GLOBAL SYMBOLS: SORTED BY Symbol Address 

address   name                                
-------   ----                                
00000000  __TI_static_base__                  
00000000  g_pfnVectors                        
0000026d  tcp_input                           
00000fa0  __STACK_SIZE                        
00001d81  tcp_init                            
00001d83  tcp_tmr                             
00001fbf  tcp_close                           
00001fe5  tcp_shutdown                        
00002061  tcp_abandon                         
0000211d  tcp_abort                           
00002131  tcp_bind                            
00002217  tcp_listen_with_backlog             
00002311  tcp_update_rcv_ann_wnd              
00002387  tcp_recved                          
00002471  tcp_connect                         
0000261d  tcp_slowtmr                         
00002a55  tcp_fasttmr                         
00002ad5  tcp_process_refused_data            
00002b95  tcp_segs_free                       
00002bb5  tcp_seg_free                        
00002bd9  tcp_setprio                         
00002bef  tcp_seg_copy                        
00002c19  tcp_recv_null                       
00002d29  tcp_alloc                           
00002e3b  tcp_new                             
00002e45  tcp_arg                             
00002e57  tcp_recv                            
00002e6b  tcp_sent                            
00002e7d  tcp_err                             
00002e91  tcp_accept                          
00002ea3  tcp_poll                            
00002ec9  tcp_pcb_purge                       
00002f3d  tcp_pcb_remove                      
00002fd7  tcp_next_iss                        
00002fed  tcp_eff_send_mss                    
00003031  tcp_debug_state_str                 
00003111  tcp_send_fin                        
000033a5  tcp_write                           
00003835  tcp_enqueue_flags                   
000039a9  tcp_send_empty_ack                  
00003a2d  tcp_output                          
00003db3  tcp_rst                             
00003e5d  tcp_rexmit_rto                      
00003ead  tcp_rexmit                          
00003f29  tcp_rexmit_fast                     
00003fbd  tcp_keepalive                       
0000402d  tcp_zero_window_probe               
000041dd  SysCtlSRAMSizeGet                   
000041e7  SysCtlFlashSizeGet                  
00004213  SysCtlFlashSectorSizeGet            
00004239  SysCtlPeripheralPresent             
00004279  SysCtlPeripheralReady               
000042b9  SysCtlPeripheralPowerOn             
000042f5  SysCtlPeripheralPowerOff            
00004331  SysCtlPeripheralReset               
000043b9  SysCtlPeripheralEnable              
000043f5  SysCtlPeripheralDisable             
00004439  SysCtlPeripheralSleepEnable         
0000447d  SysCtlPeripheralSleepDisable        
000044b9  SysCtlPeripheralDeepSleepEnable     
00004509  SysCtlPeripheralDeepSleepDisable    
00004551  SysCtlPeripheralClockGating         
000045a5  SysCtlIntRegister                   
000045bd  SysCtlIntUnregister                 
000045cd  SysCtlIntEnable                     
000045e1  SysCtlIntDisable                    
000045f9  SysCtlIntClear                      
00004609  SysCtlIntStatus                     
00004625  SysCtlLDOSleepSet                   
00004635  SysCtlLDOSleepGet                   
0000463b  SysCtlLDODeepSleepSet               
0000464b  SysCtlLDODeepSleepGet               
00004651  SysCtlSleepPowerSet                 
00004665  SysCtlDeepSleepPowerSet             
00004675  SysCtlReset                         
0000467d  SysCtlSleep                         
00004685  SysCtlDeepSleep                     
000046a1  SysCtlResetCauseGet                 
000046a7  SysCtlResetCauseClear               
000046bb  SysCtlMOSCConfigSet                 
000046d1  SysCtlPIOSCCalibrate                
00004721  SysCtlResetBehaviorSet              
00004731  SysCtlResetBehaviorGet              
00004781  SysCtlClockFreqSet                  
00004a79  SysCtlClockSet                      
00004c49  SysCtlClockGet                      
00004def  SysCtlDeepSleepClockSet             
00004e0d  SysCtlDeepSleepClockConfigSet       
00004e97  SysCtlPWMClockSet                   
00004eb1  SysCtlPWMClockGet                   
00004ec7  SysCtlGPIOAHBEnable                 
00004ee3  SysCtlGPIOAHBDisable                
00004eff  SysCtlUSBPLLEnable                  
00004f0b  SysCtlUSBPLLDisable                 
00004f1d  SysCtlVoltageEventConfig            
00004f2d  SysCtlVoltageEventStatus            
00004f39  SysCtlVoltageEventClear             
00004f51  SysCtlVCOGet                        
0000500d  SysCtlNMIStatus                     
00005021  SysCtlNMIClear                      
0000503d  SysCtlClockOutConfig                
00005059  SysCtlAltClkConfig                  
000050dd  etharp_tmr                          
000054e5  etharp_cleanup_netif                
0000553f  etharp_find_addr                    
000057bd  etharp_output                       
00005945  etharp_query                        
00005be9  etharp_request                      
00005c21  ethernet_input                      
00005d29  enc_reset                           
00005f6b  enc_read_reg                        
000060bf  enc_phy_write                       
000061d5  enc_get_mac_addr                    
00006223  intrupt_enable                      
00006245  enc_init                            
00006371  recive_packet                       
00006475  recive_packet_error                 
00006599  ethernet_handler                    
0000668d  trasmit_process                     
000066bf  enc_send_packet                     
000067cf  TcpIp_RxIndication                  
00006861  reciving_autosar                    
0000687f  EthIf_ProvideTxBuffer               
0000694b  GPIODirModeSet                      
000069a7  GPIODirModeGet                      
000069f3  GPIOIntTypeSet                      
00006a97  GPIOIntTypeGet                      
00006b2d  GPIOPadConfigSet                    
00006d67  GPIOPadConfigGet                    
00006eb9  GPIOIntEnable                       
00006ed3  GPIOIntDisable                      
00006eed  GPIOIntStatus                       
00006f0f  GPIOIntClear                        
00006f23  GPIOIntRegister                     
00006f41  GPIOIntUnregister                   
00006f5b  GPIOIntRegisterPin                  
00006f89  GPIOIntUnregisterPin                
00006fad  GPIOPinRead                         
00006fc5  GPIOPinWrite                        
00006fe5  GPIOPinTypeADC                      
00007009  GPIOPinTypeCAN                      
0000702d  GPIOPinTypeComparator               
00007051  GPIOPinTypeComparatorOutput         
00007075  GPIOPinTypeDIVSCLK                  
00007099  GPIOPinTypeEPI                      
000070bd  GPIOPinTypeEthernetLED              
000070e1  GPIOPinTypeEthernetMII              
00007105  GPIOPinTypeGPIOInput                
00007129  GPIOPinTypeGPIOOutput               
0000714d  GPIOPinTypeGPIOOutputOD             
00007171  GPIOPinTypeHibernateRTCCLK          
00007195  GPIOPinTypeI2C                      
000071b9  GPIOPinTypeI2CSCL                   
000071dd  GPIOPinTypeLCD                      
00007201  GPIOPinTypeOneWire                  
00007225  GPIOPinTypePWM                      
00007249  GPIOPinTypeQEI                      
0000726d  GPIOPinTypeSSI                      
00007291  GPIOPinTypeTimer                    
000072b5  GPIOPinTypeTrace                    
000072d9  GPIOPinTypeUART                     
000072fd  GPIOPinTypeUSBAnalog                
00007321  GPIOPinTypeUSBDigital               
00007345  GPIOPinTypeWakeHigh                 
0000736b  GPIOPinTypeWakeLow                  
00007391  GPIOPinWakeStatus                   
000073a1  GPIOPinConfigure                    
000073ff  GPIODMATriggerEnable                
0000741d  GPIODMATriggerDisable               
0000743b  GPIOADCTriggerEnable                
00007459  GPIOADCTriggerDisable               
00007481  pbuf_free_ooseq                     
000074e1  pbuf_alloc                          
00007705  pbuf_realloc                        
000077bd  pbuf_header                         
00007899  pbuf_free                           
00007941  pbuf_clen                           
0000796f  pbuf_ref                            
00007991  pbuf_cat                            
000079d7  pbuf_chain                          
000079ed  pbuf_dechain                        
00007a37  pbuf_copy                           
00007b53  pbuf_copy_partial                   
00007c3b  pbuf_take                           
00007ceb  pbuf_coalesce                       
00007d2b  pbuf_get_at                         
00007d89  pbuf_memcmp                         
00007e41  pbuf_memfind                        
00007ebf  pbuf_strstr                         
00007f09  udp_init                            
00007f75  udp_input                           
000081c9  udp_send                            
000081e5  udp_sendto                          
00008239  udp_sendto_if                       
00008389  udp_bind                            
00008449  udp_connect                         
000084d1  udp_disconnect                      
000084f1  udp_recv                            
0000850b  udp_remove                          
0000855d  udp_new                             
000085fb  TimerEnable                         
00008619  TimerDisable                        
00008637  TimerConfigure                      
000086b3  TimerControlLevel                   
000086e9  TimerControlTrigger                 
00008757  TimerControlEvent                   
00008781  TimerControlStall                   
000087b7  TimerControlWaitOnTrigger           
00008817  TimerRTCEnable                      
0000882d  TimerRTCDisable                     
00008843  TimerClockSourceSet                 
0000886d  TimerClockSourceGet                 
0000887d  TimerPrescaleSet                    
000088a7  TimerPrescaleGet                    
000088c3  TimerPrescaleMatchSet               
000088f1  TimerPrescaleMatchGet               
0000890d  TimerLoadSet                        
00008937  TimerLoadGet                        
00008953  TimerLoadSet64                      
0000896d  TimerLoadGet64                      
0000899f  TimerValueGet                       
000089bb  TimerValueGet64                     
000089ed  TimerMatchSet                       
00008a17  TimerMatchGet                       
00008a33  TimerMatchSet64                     
00008a4d  TimerMatchGet64                     
00008a7f  TimerIntRegister                    
00008aa7  TimerIntUnregister                  
00008ac5  TimerIntEnable                      
00008add  TimerIntDisable                     
00008af5  TimerIntStatus                      
00008b13  TimerIntClear                       
00008b25  TimerSynchronize                    
00008b37  TimerADCEventSet                    
00008b49  TimerADCEventGet                    
00008b57  TimerDMAEventSet                    
00008b69  TimerDMAEventGet                    
00008b77  TimerUpdateMode                     
00008bcb  __aeabi_idiv0                       
00008bcb  __aeabi_ldiv0                       
00008c2b  UARTParityModeSet                   
00008c47  UARTParityModeGet                   
00008c59  UARTFIFOLevelSet                    
00008c71  UARTFIFOLevelGet                    
00008c99  UARTConfigSetExpClk                 
00008d0f  UARTConfigGetExpClk                 
00008d5b  UARTEnable                          
00008d7f  UARTDisable                         
00008da9  UARTFIFOEnable                      
00008dbf  UARTFIFODisable                     
00008dd5  UARTEnableSIR                       
00008e03  UARTDisableSIR                      
00008e19  UARTSmartCardEnable                 
00008e4b  UARTSmartCardDisable                
00008e61  UARTModemControlSet                 
00008e99  UARTModemControlClear               
00008ebd  UARTModemControlGet                 
00008ecf  UARTModemStatusGet                  
00008ee3  UARTFlowControlSet                  
00008eff  UARTFlowControlGet                  
00008f11  UARTTxIntModeSet                    
00008f2d  UARTTxIntModeGet                    
00008f3f  UARTCharsAvail                      
00008f5d  UARTSpaceAvail                      
00008f7b  UARTCharGetNonBlocking              
00008f97  UARTCharGet                         
00008fad  UARTCharPutNonBlocking              
00008fd1  UARTCharPut                         
00008fef  UARTBreakCtl                        
00009019  UARTBusy                            
00009037  UARTIntRegister                     
00009055  UARTIntUnregister                   
00009075  UARTIntEnable                       
0000908d  UARTIntDisable                      
000090a5  UARTIntStatus                       
000090c3  UARTIntClear                        
000090d5  UARTDMAEnable                       
000090ed  UARTDMADisable                      
00009105  UARTRxErrorGet                      
00009117  UARTRxErrorClear                    
00009127  UARTClockSourceSet                  
0000913b  UARTClockSourceGet                  
0000914b  UART9BitEnable                      
00009161  UART9BitDisable                     
00009177  UART9BitAddrSet                     
0000919d  UART9BitAddrSend                    
000091e5  UARTLoopbackEnable                  
000091fb  stats_init                          
0000929d  mem_init                            
00009303  mem_free                            
00009379  mem_trim                            
00009565  mem_malloc                          
00009713  mem_calloc                          
00009761  ip_route                            
000097d9  ip_input                            
00009a41  ip_output_if                        
00009bb3  ip_output                           
00009c19  UARTStdioConfig                     
00009c5f  UARTwrite                           
00009ca5  UARTgets                            
00009d5f  UARTgetc                            
00009d85  UARTvprintf                         
0000a07f  UARTprintf                          
0000a167  inet_chksum_pseudo                  
0000a283  inet_chksum_pseudo_partial          
0000a3c1  inet_chksum                         
0000a3d9  inet_chksum_pbuf                    
0000a479  ip4_addr_isbroadcast                
0000a4e5  ip4_addr_netmask_valid              
0000a52f  ipaddr_addr                         
0000a547  ipaddr_aton                         
0000a74d  ipaddr_ntoa                         
0000a75d  ipaddr_ntoa_r                       
0000a83f  IntMasterEnable                     
0000a84f  IntMasterDisable                    
0000a85f  IntRegister                         
0000a8b1  IntUnregister                       
0000a8c5  IntPriorityGroupingSet              
0000a8df  IntPriorityGroupingGet              
0000a917  IntPrioritySet                      
0000a967  IntPriorityGet                      
0000a98b  IntEnable                           
0000a9fd  IntDisable                          
0000aa6f  IntIsEnabled                        
0000aaf5  IntPendSet                          
0000ab65  IntPendClear                        
0000abb3  IntPriorityMaskSet                  
0000abbf  IntPriorityMaskGet                  
0000abc7  IntTrigger                          
0000abfd  netif_init                          
0000abff  netif_add                           
0000ac61  netif_set_addr                      
0000ac8b  netif_remove                        
0000ad01  netif_find                          
0000ad63  netif_set_ipaddr                    
0000ae0b  netif_set_gw                        
0000ae27  netif_set_netmask                   
0000ae43  netif_set_default                   
0000ae59  netif_set_up                        
0000ae9d  netif_set_down                      
0000aecb  netif_set_link_up                   
0000af07  netif_set_link_down                 
0000af93  SSIConfigSetExpClk                  
0000b00d  SSIEnable                           
0000b023  SSIDisable                          
0000b039  SSIIntRegister                      
0000b057  SSIIntUnregister                    
0000b071  SSIIntEnable                        
0000b089  SSIIntDisable                       
0000b0a1  SSIIntStatus                        
0000b0bf  SSIIntClear                         
0000b0d1  SSIDataPut                          
0000b0eb  SSIDataPutNonBlocking               
0000b10b  SSIDataGet                          
0000b127  SSIDataGetNonBlocking               
0000b149  SSIDMAEnable                        
0000b161  SSIDMADisable                       
0000b179  SSIBusy                             
0000b197  SSIClockSourceSet                   
0000b1ab  SSIClockSourceGet                   
0000b1bb  SSIAdvModeSet                       
0000b1ed  SSIAdvDataPutFrameEnd               
0000b213  SSIAdvDataPutFrameEndNonBlocking    
0000b23f  SSIAdvFrameHoldEnable               
0000b255  SSIAdvFrameHoldDisable              
0000b26d  ecoder_read                         
0000b4bb  ecoder_init                         
0000b541  icmp_input                          
0000b727  icmp_dest_unreach                   
0000b825  tcp_timer_needed                    
0000b861  sys_timeouts_init                   
0000b879  sys_timeout                         
0000b947  sys_untimeout                       
0000b9c5  sys_check_timeouts                  
0000ba4f  sys_restart_timeouts                
0000ba7d  raw_input                           
0000bb25  raw_bind                            
0000bb43  raw_connect                         
0000bb61  raw_recv                            
0000bb7b  raw_sendto                          
0000bc39  raw_send                            
0000bc4d  raw_remove                          
0000bc9f  raw_new                             
0000bce9  lwIPPrivateInit                     
0000bd73  lwIPServiceTimers                   
0000bdc5  lwIPTimer                           
0000bdd9  ECU_int                             
0000be73  SimpleDelay_2                       
0000be7d  LWIP_stack_int                      
0000bea3  InitConsole                         
0000bf31  memp_init                           
0000c023  memp_malloc                         
0000c0d1  memp_free                           
0000c141  pid_loop                            
0000c1d9  change                              
0000c20f  percentage_change                   
0000c255  PID_task_t                          
0000c2b5  task_set_point_change               
0000c2f5  motor_init                          
0000c399  Turn_Right                          
0000c3e1  Turn_Left                           
0000c429  motor_stop                          
0000c479  spi_init                            
0000c4cd  gpio_comm_init                      
0000c537  spi_send                            
0000c581  main                                
0000c671  __aeabi_memcpy                      
0000c671  __aeabi_memcpy4                     
0000c671  __aeabi_memcpy8                     
0000c671  memcpy                              
0000c70d  timer_start                         
0000c729  SysTickIntHandler                   
0000c7a1  SysTickEnable                       
0000c7ad  SysTickDisable                      
0000c7b9  SysTickIntRegister                  
0000c7d1  SysTickIntUnregister                
0000c7e5  SysTickIntEnable                    
0000c7f1  SysTickIntDisable                   
0000c7fd  SysTickPeriodSet                    
0000c80f  SysTickPeriodGet                    
0000c817  SysTickValueGet                     
0000c829  ButtonsInit                         
0000c875  buttons_handler                     
0000c8b1  __aeabi_memclr                      
0000c8b1  __aeabi_memclr4                     
0000c8b1  __aeabi_memclr8                     
0000c8b3  __aeabi_memset                      
0000c8b3  __aeabi_memset4                     
0000c8b3  __aeabi_memset8                     
0000c8b9  memset                              
0000c92d  UDP_recv_steering_set_point         
0000c963  send_udp_steering_encoder_reading   
0000c9a1  lwip_htons                          
0000c9c5  lwip_ntohs                          
0000c9d5  lwip_htonl                          
0000ca01  lwip_ntohl                          
0000ca0d  __TI_decompress_lzss                
0000ca75  __TI_auto_init_nobinit_nopinit      
0000cab9  led_on                              
0000cacf  led_off                             
0000cadd  led_init                            
0000cafd  __aeabi_uidiv                       
0000cafd  __aeabi_uidivmod                    
0000cb3d  CPUcpsid                            
0000cb49  CPUprimask                          
0000cb53  CPUcpsie                            
0000cb5f  CPUwfi                              
0000cb63  CPUbasepriSet                       
0000cb71  CPUbasepriGet                       
0000cb7d  _c_int00_noargs                     
0000cbb1  sys_now                             
0000cbb7  sys_arch_protect                    
0000cbbf  sys_arch_unprotect                  
0000cbd9  memcmp                              
0000cbfd  lwip_init                           
0000cc1d  strlen                              
0000cc31  __TI_decompress_none                
0000cc3f  __TI_zero_init                      
0000cc4b  ResetISR                            
0000cc57  SysCtlDelay                         
0000cc5d  _system_pre_init                    
0000cc61  C$$EXIT                             
0000cc61  abort                               
0000d30c  tcp_state_str                       
0000d41c  tcp_pcb_lists                       
0000d42c  tcp_backoff                         
0000d454  Kp                                  
0000d458  Ki                                  
0000d45c  Kd                                  
0000d468  tcp_persist_backoff                 
0000d46f  mac                                 
0000d475  ethbroadcast                        
0000d47b  ethzero                             
0000d4c8  __TI_Handler_Table_Base             
0000d4d4  __TI_Handler_Table_Limit            
0000d4e8  __TI_CINIT_Base                     
0000d500  __TI_CINIT_Limit                    
20000000  g_pfnRAMVectors                     
20003088  ram_heap                            
2000509c  lwip_stats                          
20005250  g_sNetIF                            
200052fc  Udp_ptr_steering_encoder_reading    
20005300  Udp_ptr_steering_set_point          
20005304  current_header                      
20005308  current_iphdr_dest                  
2000530c  current_iphdr_src                   
20005310  current_netif                       
20005314  netif_default                       
20005318  netif_list                          
2000531c  tcp_active_pcbs                     
20005320  tcp_bound_pcbs                      
20005324  tcp_input_pcb                       
20005328  tcp_listen_pcbs                     
2000532c  tcp_ticks                           
20005330  tcp_tmp_pcb                         
20005334  tcp_tw_pcbs                         
20005338  udp_pcbs                            
20005340  pbuf_free_ooseq_pending             
20005341  tcp_active_pcbs_changed             
20005348  __stack                             
20005548  __STACK_TOP                         
200062e8  __STACK_END                         
200062e8  incomming_frame                     
200068d2  g_ui8ButtonStates                   
200068d3  right                               
200068d4  connection_established              
200068d8  Udp_ptr_Set_point                   
200068dc  Udp_ptr_encoder_reading             
200068e0  g_ui32LocalTimer                    
200068f4  sensor_Reading                      
200068f8  control_action                      
200068fc  set__point                          
20006900  integral                            
20006904  last_error                          
20006908  derivative                          
2000690c  turn                                
20006910  counter                             
20006914  dec_position                        
20006918  old_read                            
2000691c  test_encoder                        
20006920  leds_timer                          
20006924  steering_encoder_reading_timer      
20006928  main_function                       
2000692c  global_flag                         
20006930  count                               
20006934  flagg                               
20006938  port_local_steering_set_point       
2000693a  port_local_steering_encoder_reading 
2000693c  port_remote_steering_set_point      
2000693e  port_remote_steering_encoder_reading
20006950  Remote_ip_addr                      
20006954  gw_addr                             
20006958  ip_addr                             
2000695c  net_mask                            
ffffffff  __TI_pprof_out_hndl                 
ffffffff  __TI_prof_data_size                 
ffffffff  __TI_prof_data_start                
ffffffff  __binit__                           
ffffffff  __c_args__                          
ffffffff  binit                               
UNDEFED   __mpu_init                          
UNDEFED   _system_post_cinit                  

[542 symbols]
