<?xml version="1.0" encoding="ISO-8859-1" ?>
<link_info>
   <banner>TI ARM Linker PC v18.12.1.LTS</banner>
   <copyright>Copyright (c) 1996-2018 Texas Instruments Incorporated</copyright>
   <link_time>0x60cf509f</link_time>
   <link_errors>0x0</link_errors>
   <output_file>steering.out</output_file>
   <entry_point>
      <name>_c_int00_noargs</name>
      <address>0xcb41</address>
   </entry_point>
   <input_file_list>
      <input_file id="fl-2">
         <path>.\</path>
         <kind>object</kind>
         <file>enocder.obj</file>
         <name>enocder.obj</name>
      </input_file>
      <input_file id="fl-3">
         <path>.\</path>
         <kind>object</kind>
         <file>ether.obj</file>
         <name>ether.obj</name>
      </input_file>
      <input_file id="fl-4">
         <path>.\</path>
         <kind>object</kind>
         <file>main.obj</file>
         <name>main.obj</name>
      </input_file>
      <input_file id="fl-5">
         <path>.\</path>
         <kind>object</kind>
         <file>motor.obj</file>
         <name>motor.obj</name>
      </input_file>
      <input_file id="fl-6">
         <path>.\</path>
         <kind>object</kind>
         <file>pid.obj</file>
         <name>pid.obj</name>
      </input_file>
      <input_file id="fl-7">
         <path>.\</path>
         <kind>object</kind>
         <file>pwm.obj</file>
         <name>pwm.obj</name>
      </input_file>
      <input_file id="fl-8">
         <path>.\</path>
         <kind>object</kind>
         <file>tm4c123gh6pm_startup_ccs.obj</file>
         <name>tm4c123gh6pm_startup_ccs.obj</name>
      </input_file>
      <input_file id="fl-9">
         <path>.\driverlib\</path>
         <kind>object</kind>
         <file>adc.obj</file>
         <name>adc.obj</name>
      </input_file>
      <input_file id="fl-a">
         <path>.\driverlib\</path>
         <kind>object</kind>
         <file>aes.obj</file>
         <name>aes.obj</name>
      </input_file>
      <input_file id="fl-b">
         <path>.\driverlib\</path>
         <kind>object</kind>
         <file>can.obj</file>
         <name>can.obj</name>
      </input_file>
      <input_file id="fl-c">
         <path>.\driverlib\</path>
         <kind>object</kind>
         <file>comp.obj</file>
         <name>comp.obj</name>
      </input_file>
      <input_file id="fl-d">
         <path>.\driverlib\</path>
         <kind>object</kind>
         <file>cpu.obj</file>
         <name>cpu.obj</name>
      </input_file>
      <input_file id="fl-e">
         <path>.\driverlib\</path>
         <kind>object</kind>
         <file>crc.obj</file>
         <name>crc.obj</name>
      </input_file>
      <input_file id="fl-f">
         <path>.\driverlib\</path>
         <kind>object</kind>
         <file>des.obj</file>
         <name>des.obj</name>
      </input_file>
      <input_file id="fl-10">
         <path>.\driverlib\</path>
         <kind>object</kind>
         <file>eeprom.obj</file>
         <name>eeprom.obj</name>
      </input_file>
      <input_file id="fl-11">
         <path>.\driverlib\</path>
         <kind>object</kind>
         <file>emac.obj</file>
         <name>emac.obj</name>
      </input_file>
      <input_file id="fl-12">
         <path>.\driverlib\</path>
         <kind>object</kind>
         <file>epi.obj</file>
         <name>epi.obj</name>
      </input_file>
      <input_file id="fl-13">
         <path>.\driverlib\</path>
         <kind>object</kind>
         <file>epi_workaround_ccs.obj</file>
         <name>epi_workaround_ccs.obj</name>
      </input_file>
      <input_file id="fl-14">
         <path>.\driverlib\</path>
         <kind>object</kind>
         <file>flash.obj</file>
         <name>flash.obj</name>
      </input_file>
      <input_file id="fl-15">
         <path>.\driverlib\</path>
         <kind>object</kind>
         <file>fpu.obj</file>
         <name>fpu.obj</name>
      </input_file>
      <input_file id="fl-16">
         <path>.\driverlib\</path>
         <kind>object</kind>
         <file>gpio.obj</file>
         <name>gpio.obj</name>
      </input_file>
      <input_file id="fl-17">
         <path>.\driverlib\</path>
         <kind>object</kind>
         <file>hibernate.obj</file>
         <name>hibernate.obj</name>
      </input_file>
      <input_file id="fl-18">
         <path>.\driverlib\</path>
         <kind>object</kind>
         <file>i2c.obj</file>
         <name>i2c.obj</name>
      </input_file>
      <input_file id="fl-19">
         <path>.\driverlib\</path>
         <kind>object</kind>
         <file>interrupt.obj</file>
         <name>interrupt.obj</name>
      </input_file>
      <input_file id="fl-1a">
         <path>.\driverlib\</path>
         <kind>object</kind>
         <file>lcd.obj</file>
         <name>lcd.obj</name>
      </input_file>
      <input_file id="fl-1b">
         <path>.\driverlib\</path>
         <kind>object</kind>
         <file>mpu.obj</file>
         <name>mpu.obj</name>
      </input_file>
      <input_file id="fl-1c">
         <path>.\driverlib\</path>
         <kind>object</kind>
         <file>onewire.obj</file>
         <name>onewire.obj</name>
      </input_file>
      <input_file id="fl-1d">
         <path>.\driverlib\</path>
         <kind>object</kind>
         <file>pwm.obj</file>
         <name>pwm.obj</name>
      </input_file>
      <input_file id="fl-1e">
         <path>.\driverlib\</path>
         <kind>object</kind>
         <file>qei.obj</file>
         <name>qei.obj</name>
      </input_file>
      <input_file id="fl-1f">
         <path>.\driverlib\</path>
         <kind>object</kind>
         <file>shamd5.obj</file>
         <name>shamd5.obj</name>
      </input_file>
      <input_file id="fl-20">
         <path>.\driverlib\</path>
         <kind>object</kind>
         <file>ssi.obj</file>
         <name>ssi.obj</name>
      </input_file>
      <input_file id="fl-21">
         <path>.\driverlib\</path>
         <kind>object</kind>
         <file>sw_crc.obj</file>
         <name>sw_crc.obj</name>
      </input_file>
      <input_file id="fl-22">
         <path>.\driverlib\</path>
         <kind>object</kind>
         <file>sysctl.obj</file>
         <name>sysctl.obj</name>
      </input_file>
      <input_file id="fl-23">
         <path>.\driverlib\</path>
         <kind>object</kind>
         <file>sysexc.obj</file>
         <name>sysexc.obj</name>
      </input_file>
      <input_file id="fl-24">
         <path>.\driverlib\</path>
         <kind>object</kind>
         <file>systick.obj</file>
         <name>systick.obj</name>
      </input_file>
      <input_file id="fl-25">
         <path>.\driverlib\</path>
         <kind>object</kind>
         <file>timer.obj</file>
         <name>timer.obj</name>
      </input_file>
      <input_file id="fl-26">
         <path>.\driverlib\</path>
         <kind>object</kind>
         <file>uart.obj</file>
         <name>uart.obj</name>
      </input_file>
      <input_file id="fl-27">
         <path>.\driverlib\</path>
         <kind>object</kind>
         <file>udma.obj</file>
         <name>udma.obj</name>
      </input_file>
      <input_file id="fl-28">
         <path>.\driverlib\</path>
         <kind>object</kind>
         <file>usb.obj</file>
         <name>usb.obj</name>
      </input_file>
      <input_file id="fl-29">
         <path>.\driverlib\</path>
         <kind>object</kind>
         <file>watchdog.obj</file>
         <name>watchdog.obj</name>
      </input_file>
      <input_file id="fl-2a">
         <path>.\interface\</path>
         <kind>object</kind>
         <file>interface.obj</file>
         <name>interface.obj</name>
      </input_file>
      <input_file id="fl-2b">
         <path>.\ports\</path>
         <kind>object</kind>
         <file>buttons.obj</file>
         <name>buttons.obj</name>
      </input_file>
      <input_file id="fl-2c">
         <path>.\ports\</path>
         <kind>object</kind>
         <file>config.obj</file>
         <name>config.obj</name>
      </input_file>
      <input_file id="fl-2d">
         <path>.\ports\</path>
         <kind>object</kind>
         <file>enc28j60.obj</file>
         <name>enc28j60.obj</name>
      </input_file>
      <input_file id="fl-2e">
         <path>.\ports\</path>
         <kind>object</kind>
         <file>led.obj</file>
         <name>led.obj</name>
      </input_file>
      <input_file id="fl-2f">
         <path>.\ports\</path>
         <kind>object</kind>
         <file>perf.obj</file>
         <name>perf.obj</name>
      </input_file>
      <input_file id="fl-30">
         <path>.\ports\</path>
         <kind>object</kind>
         <file>spi.obj</file>
         <name>spi.obj</name>
      </input_file>
      <input_file id="fl-31">
         <path>.\ports\</path>
         <kind>object</kind>
         <file>sys_arch.obj</file>
         <name>sys_arch.obj</name>
      </input_file>
      <input_file id="fl-32">
         <path>.\ports\</path>
         <kind>object</kind>
         <file>systick.obj</file>
         <name>systick.obj</name>
      </input_file>
      <input_file id="fl-33">
         <path>.\src\api\</path>
         <kind>object</kind>
         <file>sockets.obj</file>
         <name>sockets.obj</name>
      </input_file>
      <input_file id="fl-34">
         <path>.\src\core\</path>
         <kind>object</kind>
         <file>def.obj</file>
         <name>def.obj</name>
      </input_file>
      <input_file id="fl-35">
         <path>.\src\core\</path>
         <kind>object</kind>
         <file>dhcp.obj</file>
         <name>dhcp.obj</name>
      </input_file>
      <input_file id="fl-36">
         <path>.\src\core\</path>
         <kind>object</kind>
         <file>dns.obj</file>
         <name>dns.obj</name>
      </input_file>
      <input_file id="fl-37">
         <path>.\src\core\</path>
         <kind>object</kind>
         <file>etharp.obj</file>
         <name>etharp.obj</name>
      </input_file>
      <input_file id="fl-38">
         <path>.\src\core\</path>
         <kind>object</kind>
         <file>ethernetif.obj</file>
         <name>ethernetif.obj</name>
      </input_file>
      <input_file id="fl-39">
         <path>.\src\core\</path>
         <kind>object</kind>
         <file>init.obj</file>
         <name>init.obj</name>
      </input_file>
      <input_file id="fl-3a">
         <path>.\src\core\</path>
         <kind>object</kind>
         <file>mem.obj</file>
         <name>mem.obj</name>
      </input_file>
      <input_file id="fl-3b">
         <path>.\src\core\</path>
         <kind>object</kind>
         <file>memp.obj</file>
         <name>memp.obj</name>
      </input_file>
      <input_file id="fl-3c">
         <path>.\src\core\</path>
         <kind>object</kind>
         <file>netif.obj</file>
         <name>netif.obj</name>
      </input_file>
      <input_file id="fl-3d">
         <path>.\src\core\</path>
         <kind>object</kind>
         <file>pbuf.obj</file>
         <name>pbuf.obj</name>
      </input_file>
      <input_file id="fl-3e">
         <path>.\src\core\</path>
         <kind>object</kind>
         <file>raw.obj</file>
         <name>raw.obj</name>
      </input_file>
      <input_file id="fl-3f">
         <path>.\src\core\</path>
         <kind>object</kind>
         <file>stats.obj</file>
         <name>stats.obj</name>
      </input_file>
      <input_file id="fl-40">
         <path>.\src\core\</path>
         <kind>object</kind>
         <file>sys.obj</file>
         <name>sys.obj</name>
      </input_file>
      <input_file id="fl-41">
         <path>.\src\core\</path>
         <kind>object</kind>
         <file>tcp.obj</file>
         <name>tcp.obj</name>
      </input_file>
      <input_file id="fl-42">
         <path>.\src\core\</path>
         <kind>object</kind>
         <file>tcp_in.obj</file>
         <name>tcp_in.obj</name>
      </input_file>
      <input_file id="fl-43">
         <path>.\src\core\</path>
         <kind>object</kind>
         <file>tcp_out.obj</file>
         <name>tcp_out.obj</name>
      </input_file>
      <input_file id="fl-44">
         <path>.\src\core\</path>
         <kind>object</kind>
         <file>timers.obj</file>
         <name>timers.obj</name>
      </input_file>
      <input_file id="fl-45">
         <path>.\src\core\</path>
         <kind>object</kind>
         <file>udp.obj</file>
         <name>udp.obj</name>
      </input_file>
      <input_file id="fl-46">
         <path>.\src\core\ipv4\</path>
         <kind>object</kind>
         <file>autoip.obj</file>
         <name>autoip.obj</name>
      </input_file>
      <input_file id="fl-47">
         <path>.\src\core\ipv4\</path>
         <kind>object</kind>
         <file>icmp.obj</file>
         <name>icmp.obj</name>
      </input_file>
      <input_file id="fl-48">
         <path>.\src\core\ipv4\</path>
         <kind>object</kind>
         <file>igmp.obj</file>
         <name>igmp.obj</name>
      </input_file>
      <input_file id="fl-49">
         <path>.\src\core\ipv4\</path>
         <kind>object</kind>
         <file>inet.obj</file>
         <name>inet.obj</name>
      </input_file>
      <input_file id="fl-4a">
         <path>.\src\core\ipv4\</path>
         <kind>object</kind>
         <file>inet_chksum.obj</file>
         <name>inet_chksum.obj</name>
      </input_file>
      <input_file id="fl-4b">
         <path>.\src\core\ipv4\</path>
         <kind>object</kind>
         <file>ip.obj</file>
         <name>ip.obj</name>
      </input_file>
      <input_file id="fl-4c">
         <path>.\src\core\ipv4\</path>
         <kind>object</kind>
         <file>ip_addr.obj</file>
         <name>ip_addr.obj</name>
      </input_file>
      <input_file id="fl-4d">
         <path>.\src\core\ipv4\</path>
         <kind>object</kind>
         <file>ip_frag.obj</file>
         <name>ip_frag.obj</name>
      </input_file>
      <input_file id="fl-4e">
         <path>.\utils\</path>
         <kind>object</kind>
         <file>cmdline.obj</file>
         <name>cmdline.obj</name>
      </input_file>
      <input_file id="fl-4f">
         <path>.\utils\</path>
         <kind>object</kind>
         <file>cpu_usage.obj</file>
         <name>cpu_usage.obj</name>
      </input_file>
      <input_file id="fl-50">
         <path>.\utils\</path>
         <kind>object</kind>
         <file>eeprom_pb.obj</file>
         <name>eeprom_pb.obj</name>
      </input_file>
      <input_file id="fl-51">
         <path>.\utils\</path>
         <kind>object</kind>
         <file>flash_pb.obj</file>
         <name>flash_pb.obj</name>
      </input_file>
      <input_file id="fl-52">
         <path>.\utils\</path>
         <kind>object</kind>
         <file>isqrt.obj</file>
         <name>isqrt.obj</name>
      </input_file>
      <input_file id="fl-53">
         <path>.\utils\</path>
         <kind>object</kind>
         <file>lwiplib.obj</file>
         <name>lwiplib.obj</name>
      </input_file>
      <input_file id="fl-54">
         <path>.\utils\</path>
         <kind>object</kind>
         <file>random.obj</file>
         <name>random.obj</name>
      </input_file>
      <input_file id="fl-55">
         <path>.\utils\</path>
         <kind>object</kind>
         <file>ringbuf.obj</file>
         <name>ringbuf.obj</name>
      </input_file>
      <input_file id="fl-56">
         <path>.\utils\</path>
         <kind>object</kind>
         <file>scheduler.obj</file>
         <name>scheduler.obj</name>
      </input_file>
      <input_file id="fl-57">
         <path>.\utils\</path>
         <kind>object</kind>
         <file>sine.obj</file>
         <name>sine.obj</name>
      </input_file>
      <input_file id="fl-58">
         <path>.\utils\</path>
         <kind>object</kind>
         <file>smbus.obj</file>
         <name>smbus.obj</name>
      </input_file>
      <input_file id="fl-59">
         <path>.\utils\</path>
         <kind>object</kind>
         <file>softi2c.obj</file>
         <name>softi2c.obj</name>
      </input_file>
      <input_file id="fl-5a">
         <path>.\utils\</path>
         <kind>object</kind>
         <file>softssi.obj</file>
         <name>softssi.obj</name>
      </input_file>
      <input_file id="fl-5b">
         <path>.\utils\</path>
         <kind>object</kind>
         <file>softuart.obj</file>
         <name>softuart.obj</name>
      </input_file>
      <input_file id="fl-5c">
         <path>.\utils\</path>
         <kind>object</kind>
         <file>spi_flash.obj</file>
         <name>spi_flash.obj</name>
      </input_file>
      <input_file id="fl-5d">
         <path>.\utils\</path>
         <kind>object</kind>
         <file>uartstdio.obj</file>
         <name>uartstdio.obj</name>
      </input_file>
      <input_file id="fl-5e">
         <path>.\utils\</path>
         <kind>object</kind>
         <file>ustdlib.obj</file>
         <name>ustdlib.obj</name>
      </input_file>
      <input_file id="fl-66">
         <kind>object</kind>
         <file>&lt;internal&gt;</file>
         <name>&lt;internal&gt;</name>
      </input_file>
      <input_file id="fl-11c">
         <path>C:\ti\ccs900\ccs\tools\compiler\ti-cgt-arm_18.12.1.LTS\lib\</path>
         <kind>archive</kind>
         <file>rtsv7M4_T_le_v4SPD16_eabi.lib</file>
         <name>memcpy_t2.asm.obj</name>
      </input_file>
      <input_file id="fl-11d">
         <path>C:\ti\ccs900\ccs\tools\compiler\ti-cgt-arm_18.12.1.LTS\lib\</path>
         <kind>archive</kind>
         <file>rtsv7M4_T_le_v4SPD16_eabi.lib</file>
         <name>u_divt2.asm.obj</name>
      </input_file>
      <input_file id="fl-11e">
         <path>C:\ti\ccs900\ccs\tools\compiler\ti-cgt-arm_18.12.1.LTS\lib\</path>
         <kind>archive</kind>
         <file>rtsv7M4_T_le_v4SPD16_eabi.lib</file>
         <name>memset_t2.asm.obj</name>
      </input_file>
      <input_file id="fl-11f">
         <path>C:\ti\ccs900\ccs\tools\compiler\ti-cgt-arm_18.12.1.LTS\lib\</path>
         <kind>archive</kind>
         <file>rtsv7M4_T_le_v4SPD16_eabi.lib</file>
         <name>copy_zero_init.c.obj</name>
      </input_file>
      <input_file id="fl-120">
         <path>C:\ti\ccs900\ccs\tools\compiler\ti-cgt-arm_18.12.1.LTS\lib\</path>
         <kind>archive</kind>
         <file>rtsv7M4_T_le_v4SPD16_eabi.lib</file>
         <name>copy_decompress_none.c.obj</name>
      </input_file>
      <input_file id="fl-121">
         <path>C:\ti\ccs900\ccs\tools\compiler\ti-cgt-arm_18.12.1.LTS\lib\</path>
         <kind>archive</kind>
         <file>rtsv7M4_T_le_v4SPD16_eabi.lib</file>
         <name>copy_decompress_lzss.c.obj</name>
      </input_file>
      <input_file id="fl-122">
         <path>C:\ti\ccs900\ccs\tools\compiler\ti-cgt-arm_18.12.1.LTS\lib\</path>
         <kind>archive</kind>
         <file>rtsv7M4_T_le_v4SPD16_eabi.lib</file>
         <name>memcmp.c.obj</name>
      </input_file>
      <input_file id="fl-123">
         <path>C:\ti\ccs900\ccs\tools\compiler\ti-cgt-arm_18.12.1.LTS\lib\</path>
         <kind>archive</kind>
         <file>rtsv7M4_T_le_v4SPD16_eabi.lib</file>
         <name>strcmp.c.obj</name>
      </input_file>
      <input_file id="fl-124">
         <path>C:\ti\ccs900\ccs\tools\compiler\ti-cgt-arm_18.12.1.LTS\lib\</path>
         <kind>archive</kind>
         <file>rtsv7M4_T_le_v4SPD16_eabi.lib</file>
         <name>strlen.c.obj</name>
      </input_file>
      <input_file id="fl-125">
         <path>C:\ti\ccs900\ccs\tools\compiler\ti-cgt-arm_18.12.1.LTS\lib\</path>
         <kind>archive</kind>
         <file>rtsv7M4_T_le_v4SPD16_eabi.lib</file>
         <name>boot_cortex_m.c.obj</name>
      </input_file>
      <input_file id="fl-126">
         <path>C:\ti\ccs900\ccs\tools\compiler\ti-cgt-arm_18.12.1.LTS\lib\</path>
         <kind>archive</kind>
         <file>rtsv7M4_T_le_v4SPD16_eabi.lib</file>
         <name>div0.asm.obj</name>
      </input_file>
      <input_file id="fl-127">
         <path>C:\ti\ccs900\ccs\tools\compiler\ti-cgt-arm_18.12.1.LTS\lib\</path>
         <kind>archive</kind>
         <file>rtsv7M4_T_le_v4SPD16_eabi.lib</file>
         <name>autoinit.c.obj</name>
      </input_file>
      <input_file id="fl-128">
         <path>C:\ti\ccs900\ccs\tools\compiler\ti-cgt-arm_18.12.1.LTS\lib\</path>
         <kind>archive</kind>
         <file>rtsv7M4_T_le_v4SPD16_eabi.lib</file>
         <name>pre_init.c.obj</name>
      </input_file>
      <input_file id="fl-129">
         <path>C:\ti\ccs900\ccs\tools\compiler\ti-cgt-arm_18.12.1.LTS\lib\</path>
         <kind>archive</kind>
         <file>rtsv7M4_T_le_v4SPD16_eabi.lib</file>
         <name>cpy_tbl.c.obj</name>
      </input_file>
      <input_file id="fl-12a">
         <path>C:\ti\ccs900\ccs\tools\compiler\ti-cgt-arm_18.12.1.LTS\lib\</path>
         <kind>archive</kind>
         <file>rtsv7M4_T_le_v4SPD16_eabi.lib</file>
         <name>exit.c.obj</name>
      </input_file>
      <input_file id="fl-12b">
         <path>C:\ti\ccs900\ccs\tools\compiler\ti-cgt-arm_18.12.1.LTS\lib\</path>
         <kind>archive</kind>
         <file>rtsv7M4_T_le_v4SPD16_eabi.lib</file>
         <name>_lock.c.obj</name>
      </input_file>
      <input_file id="fl-12c">
         <path>C:\ti\ccs900\ccs\tools\compiler\ti-cgt-arm_18.12.1.LTS\lib\</path>
         <kind>archive</kind>
         <file>rtsv7M4_T_le_v4SPD16_eabi.lib</file>
         <name>args_main.c.obj</name>
      </input_file>
   </input_file_list>
   <object_component_list>
      <object_component id="oc-f">
         <name>.intvecs</name>
         <load_address>0x0</load_address>
         <run_address>0x0</run_address>
         <size>0x26c</size>
         <input_file_ref idref="fl-8"/>
      </object_component>
      <object_component id="oc-305">
         <name>.text</name>
         <load_address>0x26c</load_address>
         <run_address>0x26c</run_address>
         <size>0x1b14</size>
         <input_file_ref idref="fl-42"/>
      </object_component>
      <object_component id="oc-147">
         <name>.text</name>
         <load_address>0x1d80</load_address>
         <run_address>0x1d80</run_address>
         <size>0x12e4</size>
         <input_file_ref idref="fl-41"/>
      </object_component>
      <object_component id="oc-2a7">
         <name>.text</name>
         <load_address>0x3064</load_address>
         <run_address>0x3064</run_address>
         <size>0x10b8</size>
         <input_file_ref idref="fl-43"/>
      </object_component>
      <object_component id="oc-83">
         <name>.text</name>
         <load_address>0x411c</load_address>
         <run_address>0x411c</run_address>
         <size>0xf80</size>
         <input_file_ref idref="fl-22"/>
      </object_component>
      <object_component id="oc-b9">
         <name>.text</name>
         <load_address>0x509c</load_address>
         <run_address>0x509c</run_address>
         <size>0xc8c</size>
         <input_file_ref idref="fl-37"/>
      </object_component>
      <object_component id="oc-30">
         <name>.text</name>
         <load_address>0x5d28</load_address>
         <run_address>0x5d28</run_address>
         <size>0xbc4</size>
         <input_file_ref idref="fl-2d"/>
      </object_component>
      <object_component id="oc-9e">
         <name>.text</name>
         <load_address>0x68ec</load_address>
         <run_address>0x68ec</run_address>
         <size>0xb94</size>
         <input_file_ref idref="fl-16"/>
      </object_component>
      <object_component id="oc-b3">
         <name>.text</name>
         <load_address>0x7480</load_address>
         <run_address>0x7480</run_address>
         <size>0xa88</size>
         <input_file_ref idref="fl-3d"/>
      </object_component>
      <object_component id="oc-15f">
         <name>.text</name>
         <load_address>0x7f08</load_address>
         <run_address>0x7f08</run_address>
         <size>0x680</size>
         <input_file_ref idref="fl-45"/>
      </object_component>
      <object_component id="oc-31d">
         <name>.text</name>
         <load_address>0x8588</load_address>
         <run_address>0x8588</run_address>
         <size>0x642</size>
         <input_file_ref idref="fl-25"/>
      </object_component>
      <object_component id="oc-3bf">
         <name>.text</name>
         <load_address>0x8bca</load_address>
         <run_address>0x8bca</run_address>
         <size>0x2</size>
         <input_file_ref idref="fl-126"/>
      </object_component>
      <object_component id="oc-159">
         <name>.text</name>
         <load_address>0x8bcc</load_address>
         <run_address>0x8bcc</run_address>
         <size>0x62e</size>
         <input_file_ref idref="fl-26"/>
      </object_component>
      <object_component id="oc-290">
         <name>.text</name>
         <load_address>0x91fa</load_address>
         <run_address>0x91fa</run_address>
         <size>0x2</size>
         <input_file_ref idref="fl-3f"/>
      </object_component>
      <object_component id="oc-1b2">
         <name>.text</name>
         <load_address>0x91fc</load_address>
         <run_address>0x91fc</run_address>
         <size>0x564</size>
         <input_file_ref idref="fl-3a"/>
      </object_component>
      <object_component id="oc-168">
         <name>.text</name>
         <load_address>0x9760</load_address>
         <run_address>0x9760</run_address>
         <size>0x4b8</size>
         <input_file_ref idref="fl-4b"/>
      </object_component>
      <object_component id="oc-153">
         <name>.text</name>
         <load_address>0x9c18</load_address>
         <run_address>0x9c18</run_address>
         <size>0x49c</size>
         <input_file_ref idref="fl-5d"/>
      </object_component>
      <object_component id="oc-2e9">
         <name>.text</name>
         <load_address>0xa0b4</load_address>
         <run_address>0xa0b4</run_address>
         <size>0x3c4</size>
         <input_file_ref idref="fl-4a"/>
      </object_component>
      <object_component id="oc-1d7">
         <name>.text</name>
         <load_address>0xa478</load_address>
         <run_address>0xa478</run_address>
         <size>0x3c4</size>
         <input_file_ref idref="fl-4c"/>
      </object_component>
      <object_component id="oc-7d">
         <name>.text</name>
         <load_address>0xa83c</load_address>
         <run_address>0xa83c</run_address>
         <size>0x3c0</size>
         <input_file_ref idref="fl-19"/>
      </object_component>
      <object_component id="oc-89">
         <name>.text</name>
         <load_address>0xabfc</load_address>
         <run_address>0xabfc</run_address>
         <size>0x3bc</size>
         <input_file_ref idref="fl-2a"/>
      </object_component>
      <object_component id="oc-141">
         <name>.text</name>
         <load_address>0xafb8</load_address>
         <run_address>0xafb8</run_address>
         <size>0x338</size>
         <input_file_ref idref="fl-3c"/>
      </object_component>
      <object_component id="oc-19c">
         <name>.text</name>
         <load_address>0xb2f0</load_address>
         <run_address>0xb2f0</run_address>
         <size>0x336</size>
         <input_file_ref idref="fl-20"/>
      </object_component>
      <object_component id="oc-178">
         <name>.text</name>
         <load_address>0xb628</load_address>
         <run_address>0xb628</run_address>
         <size>0x2d4</size>
         <input_file_ref idref="fl-2"/>
      </object_component>
      <object_component id="oc-2f2">
         <name>.text</name>
         <load_address>0xb8fc</load_address>
         <run_address>0xb8fc</run_address>
         <size>0x2bc</size>
         <input_file_ref idref="fl-47"/>
      </object_component>
      <object_component id="oc-296">
         <name>.text</name>
         <load_address>0xbbb8</load_address>
         <run_address>0xbbb8</run_address>
         <size>0x280</size>
         <input_file_ref idref="fl-44"/>
      </object_component>
      <object_component id="oc-2ff">
         <name>.text</name>
         <load_address>0xbe38</load_address>
         <run_address>0xbe38</run_address>
         <size>0x26c</size>
         <input_file_ref idref="fl-3e"/>
      </object_component>
      <object_component id="oc-1ac">
         <name>.text</name>
         <load_address>0xc0a4</load_address>
         <run_address>0xc0a4</run_address>
         <size>0x210</size>
         <input_file_ref idref="fl-3b"/>
      </object_component>
      <object_component id="oc-184">
         <name>.text</name>
         <load_address>0xc2b4</load_address>
         <run_address>0xc2b4</run_address>
         <size>0x1a8</size>
         <input_file_ref idref="fl-6"/>
      </object_component>
      <object_component id="oc-17e">
         <name>.text</name>
         <load_address>0xc45c</load_address>
         <run_address>0xc45c</run_address>
         <size>0x154</size>
         <input_file_ref idref="fl-5"/>
      </object_component>
      <object_component id="oc-a4">
         <name>.text</name>
         <load_address>0xc5b0</load_address>
         <run_address>0xc5b0</run_address>
         <size>0x108</size>
         <input_file_ref idref="fl-30"/>
      </object_component>
      <object_component id="oc-8f">
         <name>.text</name>
         <load_address>0xc6b8</load_address>
         <run_address>0xc6b8</run_address>
         <size>0xc0</size>
         <input_file_ref idref="fl-4"/>
      </object_component>
      <object_component id="oc-44">
         <name>.text</name>
         <load_address>0xc778</load_address>
         <run_address>0xc778</run_address>
         <size>0x9c</size>
         <input_file_ref idref="fl-11c"/>
      </object_component>
      <object_component id="oc-2a">
         <name>.text</name>
         <load_address>0xc814</load_address>
         <run_address>0xc814</run_address>
         <size>0x90</size>
         <input_file_ref idref="fl-32"/>
      </object_component>
      <object_component id="oc-77">
         <name>.text</name>
         <load_address>0xc8a4</load_address>
         <run_address>0xc8a4</run_address>
         <size>0x88</size>
         <input_file_ref idref="fl-24"/>
      </object_component>
      <object_component id="oc-ae">
         <name>.text</name>
         <load_address>0xc92c</load_address>
         <run_address>0xc92c</run_address>
         <size>0x7a</size>
         <input_file_ref idref="fl-11e"/>
      </object_component>
      <object_component id="oc-13b">
         <name>.text</name>
         <load_address>0xc9a6</load_address>
         <run_address>0xc9a6</run_address>
         <size>0x6c</size>
         <input_file_ref idref="fl-34"/>
      </object_component>
      <object_component id="oc-12">
         <name>.text:decompress:lzss:__TI_decompress_lzss</name>
         <load_address>0xca12</load_address>
         <run_address>0xca12</run_address>
         <size>0x68</size>
         <input_file_ref idref="fl-121"/>
      </object_component>
      <object_component id="oc-23d">
         <name>.text:__TI_auto_init_nobinit_nopinit:__TI_auto_init_nobinit_nopinit</name>
         <load_address>0xca7c</load_address>
         <run_address>0xca7c</run_address>
         <size>0x44</size>
         <input_file_ref idref="fl-127"/>
      </object_component>
      <object_component id="oc-2cf">
         <name>.text</name>
         <load_address>0xcac0</load_address>
         <run_address>0xcac0</run_address>
         <size>0x40</size>
         <input_file_ref idref="fl-11d"/>
      </object_component>
      <object_component id="oc-105">
         <name>.text</name>
         <load_address>0xcb00</load_address>
         <run_address>0xcb00</run_address>
         <size>0x3e</size>
         <input_file_ref idref="fl-d"/>
      </object_component>
      <object_component id="oc-62">
         <name>.text:_c_int00_noargs:_c_int00_noargs</name>
         <load_address>0xcb40</load_address>
         <run_address>0xcb40</run_address>
         <size>0x34</size>
         <input_file_ref idref="fl-125"/>
      </object_component>
      <object_component id="oc-14d">
         <name>.text</name>
         <load_address>0xcb74</load_address>
         <run_address>0xcb74</run_address>
         <size>0x28</size>
         <input_file_ref idref="fl-2e"/>
      </object_component>
      <object_component id="oc-1a6">
         <name>.text</name>
         <load_address>0xcb9c</load_address>
         <run_address>0xcb9c</run_address>
         <size>0x28</size>
         <input_file_ref idref="fl-31"/>
      </object_component>
      <object_component id="oc-1e6">
         <name>.text:memcmp</name>
         <load_address>0xcbc4</load_address>
         <run_address>0xcbc4</run_address>
         <size>0x24</size>
         <input_file_ref idref="fl-122"/>
      </object_component>
      <object_component id="oc-135">
         <name>.text</name>
         <load_address>0xcbe8</load_address>
         <run_address>0xcbe8</run_address>
         <size>0x20</size>
         <input_file_ref idref="fl-39"/>
      </object_component>
      <object_component id="oc-1be">
         <name>.text:strlen</name>
         <load_address>0xcc08</load_address>
         <run_address>0xcc08</run_address>
         <size>0x14</size>
         <input_file_ref idref="fl-124"/>
      </object_component>
      <object_component id="oc-18">
         <name>.text:decompress:none:__TI_decompress_none</name>
         <load_address>0xcc1c</load_address>
         <run_address>0xcc1c</run_address>
         <size>0xe</size>
         <input_file_ref idref="fl-120"/>
      </object_component>
      <object_component id="oc-56">
         <name>.text:decompress:ZI:__TI_zero_init</name>
         <load_address>0xcc2a</load_address>
         <run_address>0xcc2a</run_address>
         <size>0xc</size>
         <input_file_ref idref="fl-11f"/>
      </object_component>
      <object_component id="oc-24">
         <name>.text</name>
         <load_address>0xcc36</load_address>
         <run_address>0xcc36</run_address>
         <size>0xc</size>
         <input_file_ref idref="fl-8"/>
      </object_component>
      <object_component id="oc-aa">
         <name>.text:SysCtlDelay</name>
         <load_address>0xcc42</load_address>
         <run_address>0xcc42</run_address>
         <size>0x6</size>
         <input_file_ref idref="fl-22"/>
      </object_component>
      <object_component id="oc-f1">
         <name>.text:_system_pre_init</name>
         <load_address>0xcc48</load_address>
         <run_address>0xcc48</run_address>
         <size>0x4</size>
         <input_file_ref idref="fl-128"/>
      </object_component>
      <object_component id="oc-231">
         <name>.text:abort:abort</name>
         <load_address>0xcc4c</load_address>
         <run_address>0xcc4c</run_address>
         <size>0x4</size>
         <input_file_ref idref="fl-12a"/>
      </object_component>
      <object_component id="oc-12b">
         <name>.const:g_pppui32XTALtoVCO</name>
         <load_address>0xcc50</load_address>
         <run_address>0xcc50</run_address>
         <size>0x1b0</size>
         <input_file_ref idref="fl-22"/>
      </object_component>
      <object_component id="oc-194">
         <name>.const:g_ppui32GPIOIntMapSnowflake</name>
         <load_address>0xce00</load_address>
         <run_address>0xce00</run_address>
         <size>0xd8</size>
         <input_file_ref idref="fl-16"/>
      </object_component>
      <object_component id="oc-191">
         <name>.const:g_ppui32GPIOIntMapBlizzard</name>
         <load_address>0xced8</load_address>
         <run_address>0xced8</run_address>
         <size>0xc0</size>
         <input_file_ref idref="fl-16"/>
      </object_component>
      <object_component id="oc-111">
         <name>.const:g_pui32Regs</name>
         <load_address>0xcf98</load_address>
         <run_address>0xcf98</run_address>
         <size>0x9c</size>
         <input_file_ref idref="fl-19"/>
      </object_component>
      <object_component id="oc-197">
         <name>.const:g_pui32GPIOBaseAddrs</name>
         <load_address>0xd034</load_address>
         <run_address>0xd034</run_address>
         <size>0x90</size>
         <input_file_ref idref="fl-16"/>
      </object_component>
      <object_component id="oc-3b6">
         <name>.const:.string</name>
         <load_address>0xd0c4</load_address>
         <run_address>0xd0c4</run_address>
         <size>0x76</size>
         <input_file_ref idref="fl-41"/>
      </object_component>
      <object_component id="oc-125">
         <name>.const:g_pui32Xtals</name>
         <load_address>0xd13c</load_address>
         <run_address>0xd13c</run_address>
         <size>0x6c</size>
         <input_file_ref idref="fl-22"/>
      </object_component>
      <object_component id="oc-3fd">
         <name>.const:g_ppui32TimerIntMap</name>
         <load_address>0xd1a8</load_address>
         <run_address>0xd1a8</run_address>
         <size>0x60</size>
         <input_file_ref idref="fl-25"/>
      </object_component>
      <object_component id="oc-400">
         <name>.const:g_ppui32TimerIntMapSnowflake</name>
         <load_address>0xd208</load_address>
         <run_address>0xd208</run_address>
         <size>0x40</size>
         <input_file_ref idref="fl-25"/>
      </object_component>
      <object_component id="oc-2de">
         <name>.const:g_ppui32UARTIntMap</name>
         <load_address>0xd248</load_address>
         <run_address>0xd248</run_address>
         <size>0x40</size>
         <input_file_ref idref="fl-26"/>
      </object_component>
      <object_component id="oc-2e1">
         <name>.const:g_ppui32UARTIntMapSnowflake</name>
         <load_address>0xd288</load_address>
         <run_address>0xd288</run_address>
         <size>0x40</size>
         <input_file_ref idref="fl-26"/>
      </object_component>
      <object_component id="oc-122">
         <name>.const:g_sXTALtoMEMTIM</name>
         <load_address>0xd2c8</load_address>
         <run_address>0xd2c8</run_address>
         <size>0x30</size>
         <input_file_ref idref="fl-22"/>
      </object_component>
      <object_component id="oc-2c1">
         <name>.const:tcp_state_str</name>
         <load_address>0xd2f8</load_address>
         <run_address>0xd2f8</run_address>
         <size>0x2c</size>
         <input_file_ref idref="fl-41"/>
      </object_component>
      <object_component id="oc-337">
         <name>.const:g_ppui32SSIIntMap</name>
         <load_address>0xd324</load_address>
         <run_address>0xd324</run_address>
         <size>0x20</size>
         <input_file_ref idref="fl-20"/>
      </object_component>
      <object_component id="oc-33a">
         <name>.const:g_ppui32SSIIntMapSnowflake</name>
         <load_address>0xd344</load_address>
         <run_address>0xd344</run_address>
         <size>0x20</size>
         <input_file_ref idref="fl-20"/>
      </object_component>
      <object_component id="oc-10e">
         <name>.const:g_pui32Priority</name>
         <load_address>0xd364</load_address>
         <run_address>0xd364</run_address>
         <size>0x20</size>
         <input_file_ref idref="fl-19"/>
      </object_component>
      <object_component id="oc-117">
         <name>.const:g_pui32Dii16Regs</name>
         <load_address>0xd384</load_address>
         <run_address>0xd384</run_address>
         <size>0x14</size>
         <input_file_ref idref="fl-19"/>
      </object_component>
      <object_component id="oc-114">
         <name>.const:g_pui32EnRegs</name>
         <load_address>0xd398</load_address>
         <run_address>0xd398</run_address>
         <size>0x14</size>
         <input_file_ref idref="fl-19"/>
      </object_component>
      <object_component id="oc-11a">
         <name>.const:g_pui32PendRegs</name>
         <load_address>0xd3ac</load_address>
         <run_address>0xd3ac</run_address>
         <size>0x14</size>
         <input_file_ref idref="fl-19"/>
      </object_component>
      <object_component id="oc-11d">
         <name>.const:g_pui32UnpendRegs</name>
         <load_address>0xd3c0</load_address>
         <run_address>0xd3c0</run_address>
         <size>0x14</size>
         <input_file_ref idref="fl-19"/>
      </object_component>
      <object_component id="oc-3c5">
         <name>.const:.string</name>
         <load_address>0xd3d4</load_address>
         <run_address>0xd3d4</run_address>
         <size>0x12</size>
         <input_file_ref idref="fl-5d"/>
      </object_component>
      <object_component id="oc-340">
         <name>.const:memp_num</name>
         <load_address>0xd3e6</load_address>
         <run_address>0xd3e6</run_address>
         <size>0x10</size>
         <input_file_ref idref="fl-3b"/>
      </object_component>
      <object_component id="oc-349">
         <name>.const:memp_sizes</name>
         <load_address>0xd3f6</load_address>
         <run_address>0xd3f6</run_address>
         <size>0x10</size>
         <input_file_ref idref="fl-3b"/>
      </object_component>
      <object_component id="oc-324">
         <name>.const</name>
         <load_address>0xd408</load_address>
         <run_address>0xd408</run_address>
         <size>0x10</size>
         <input_file_ref idref="fl-6"/>
      </object_component>
      <object_component id="oc-2b4">
         <name>.const:tcp_pcb_lists</name>
         <load_address>0xd418</load_address>
         <run_address>0xd418</run_address>
         <size>0x10</size>
         <input_file_ref idref="fl-41"/>
      </object_component>
      <object_component id="oc-2be">
         <name>.const:.string:tcp_backoff</name>
         <load_address>0xd428</load_address>
         <run_address>0xd428</run_address>
         <size>0xd</size>
         <input_file_ref idref="fl-41"/>
      </object_component>
      <object_component id="oc-2cc">
         <name>.const:g_ui32UARTBase</name>
         <load_address>0xd438</load_address>
         <run_address>0xd438</run_address>
         <size>0xc</size>
         <input_file_ref idref="fl-5d"/>
      </object_component>
      <object_component id="oc-2c6">
         <name>.const:g_ui32UARTPeriph</name>
         <load_address>0xd444</load_address>
         <run_address>0xd444</run_address>
         <size>0xc</size>
         <input_file_ref idref="fl-5d"/>
      </object_component>
      <object_component id="oc-128">
         <name>.const:g_pui32VCOFrequencies</name>
         <load_address>0xd450</load_address>
         <run_address>0xd450</run_address>
         <size>0x8</size>
         <input_file_ref idref="fl-22"/>
      </object_component>
      <object_component id="oc-2bb">
         <name>.const:.string:tcp_persist_backoff</name>
         <load_address>0xd458</load_address>
         <run_address>0xd458</run_address>
         <size>0x7</size>
         <input_file_ref idref="fl-41"/>
      </object_component>
      <object_component id="oc-16e">
         <name>.const:.string:mac</name>
         <load_address>0xd45f</load_address>
         <run_address>0xd45f</run_address>
         <size>0x6</size>
         <input_file_ref idref="fl-2c"/>
      </object_component>
      <object_component id="oc-1e0">
         <name>.const:ethbroadcast</name>
         <load_address>0xd465</load_address>
         <run_address>0xd465</run_address>
         <size>0x6</size>
         <input_file_ref idref="fl-37"/>
      </object_component>
      <object_component id="oc-1ec">
         <name>.const:ethzero</name>
         <load_address>0xd46b</load_address>
         <run_address>0xd46b</run_address>
         <size>0x6</size>
         <input_file_ref idref="fl-37"/>
      </object_component>
      <object_component id="oc-2d4">
         <name>.const</name>
         <load_address>0xd474</load_address>
         <run_address>0xd474</run_address>
         <size>0x4</size>
         <input_file_ref idref="fl-5d"/>
      </object_component>
      <object_component id="oc-4b0">
         <name>.cinit..data.load</name>
         <load_address>0xd478</load_address>
         <run_address>0xd478</run_address>
         <size>0x24</size>
      </object_component>
      <object_component id="oc-4ad">
         <name>__TI_handler_table</name>
         <load_address>0xd49c</load_address>
         <run_address>0xd49c</run_address>
         <size>0xc</size>
      </object_component>
      <object_component id="oc-4b1">
         <name>.cinit..bss.load</name>
         <load_address>0xd4a8</load_address>
         <run_address>0xd4a8</run_address>
         <size>0x8</size>
      </object_component>
      <object_component id="oc-4af">
         <name>.cinit..vtable.load</name>
         <load_address>0xd4b0</load_address>
         <run_address>0xd4b0</run_address>
         <size>0x8</size>
      </object_component>
      <object_component id="oc-4ae">
         <name>__TI_cinit_table</name>
         <load_address>0xd4b8</load_address>
         <run_address>0xd4b8</run_address>
         <size>0x18</size>
      </object_component>
      <object_component id="oc-10b">
         <name>.vtable</name>
         <uninitialized>true</uninitialized>
         <run_address>0x20000000</run_address>
         <size>0x26c</size>
         <input_file_ref idref="fl-19"/>
      </object_component>
      <object_component id="oc-319">
         <name>.data</name>
         <load_address>0x20006984</load_address>
         <run_address>0x20006984</run_address>
         <size>0x12</size>
         <input_file_ref idref="fl-2"/>
      </object_component>
      <object_component id="oc-174">
         <name>.data:encoder_reading_buffer</name>
         <load_address>0x200068ca</load_address>
         <run_address>0x200068ca</run_address>
         <size>0x64</size>
         <input_file_ref idref="fl-4"/>
      </object_component>
      <object_component id="oc-171">
         <name>.data:set_point_buffer</name>
         <load_address>0x200069b4</load_address>
         <run_address>0x200069b4</run_address>
         <size>0xa</size>
         <input_file_ref idref="fl-4"/>
      </object_component>
      <object_component id="oc-18a">
         <name>.data</name>
         <load_address>0x20006998</load_address>
         <run_address>0x20006998</run_address>
         <size>0x10</size>
         <input_file_ref idref="fl-4"/>
      </object_component>
      <object_component id="oc-327">
         <name>.data</name>
         <load_address>0x20006950</load_address>
         <run_address>0x20006950</run_address>
         <size>0x1c</size>
         <input_file_ref idref="fl-6"/>
      </object_component>
      <object_component id="oc-165">
         <name>.data</name>
         <load_address>0x20006930</load_address>
         <run_address>0x20006930</run_address>
         <size>0x20</size>
         <input_file_ref idref="fl-2a"/>
      </object_component>
      <object_component id="oc-bf">
         <name>.data</name>
         <load_address>0x200069a8</load_address>
         <run_address>0x200069a8</run_address>
         <size>0xc</size>
         <input_file_ref idref="fl-2d"/>
      </object_component>
      <object_component id="oc-c2">
         <name>.data:incomming_frame</name>
         <load_address>0x200062e0</load_address>
         <run_address>0x200062e0</run_address>
         <size>0x5ea</size>
         <input_file_ref idref="fl-2d"/>
      </object_component>
      <object_component id="oc-95">
         <name>.data</name>
         <load_address>0x2000696c</load_address>
         <run_address>0x2000696c</run_address>
         <size>0x18</size>
         <input_file_ref idref="fl-32"/>
      </object_component>
      <object_component id="oc-2b7">
         <name>.data</name>
         <load_address>0x200069c0</load_address>
         <run_address>0x200069c0</run_address>
         <size>0x8</size>
         <input_file_ref idref="fl-41"/>
      </object_component>
      <object_component id="oc-2e6">
         <name>.data</name>
         <load_address>0x2000692e</load_address>
         <run_address>0x2000692e</run_address>
         <size>0x2</size>
         <input_file_ref idref="fl-45"/>
      </object_component>
      <object_component id="oc-2c9">
         <name>.data</name>
         <load_address>0x200069c8</load_address>
         <run_address>0x200069c8</run_address>
         <size>0x5</size>
         <input_file_ref idref="fl-5d"/>
      </object_component>
      <object_component id="oc-ab">
         <name>.bss</name>
         <uninitialized>true</uninitialized>
         <run_address>0x200052f4</run_address>
         <size>0x4</size>
         <input_file_ref idref="fl-2d"/>
      </object_component>
      <object_component id="oc-1d4">
         <name>.bss:arp_table</name>
         <uninitialized>true</uninitialized>
         <run_address>0x20005188</run_address>
         <size>0xc8</size>
         <input_file_ref idref="fl-37"/>
      </object_component>
      <object_component id="oc-1e3">
         <name>.bss</name>
         <uninitialized>true</uninitialized>
         <run_address>0x20005336</run_address>
         <size>0x1</size>
         <input_file_ref idref="fl-37"/>
      </object_component>
      <object_component id="oc-353">
         <name>.bss</name>
         <uninitialized>true</uninitialized>
         <run_address>0x200052dc</run_address>
         <size>0xc</size>
         <input_file_ref idref="fl-3a"/>
      </object_component>
      <object_component id="oc-346">
         <name>.bss:memp_tab</name>
         <uninitialized>true</uninitialized>
         <run_address>0x20005280</run_address>
         <size>0x20</size>
         <input_file_ref idref="fl-3b"/>
      </object_component>
      <object_component id="oc-343">
         <name>.bss:memp_memory</name>
         <uninitialized>true</uninitialized>
         <run_address>0x2000026c</run_address>
         <size>0x2e1c</size>
         <input_file_ref idref="fl-3b"/>
      </object_component>
      <object_component id="oc-29e">
         <name>.bss</name>
         <uninitialized>true</uninitialized>
         <run_address>0x20005337</run_address>
         <size>0x1</size>
         <input_file_ref idref="fl-3c"/>
      </object_component>
      <object_component id="oc-3e9">
         <name>.bss</name>
         <uninitialized>true</uninitialized>
         <run_address>0x200052f8</run_address>
         <size>0x4</size>
         <input_file_ref idref="fl-3e"/>
      </object_component>
      <object_component id="oc-2ad">
         <name>.bss</name>
         <uninitialized>true</uninitialized>
         <run_address>0x20005334</run_address>
         <size>0x2</size>
         <input_file_ref idref="fl-41"/>
      </object_component>
      <object_component id="oc-3f1">
         <name>.bss:inseg</name>
         <uninitialized>true</uninitialized>
         <run_address>0x200052bc</run_address>
         <size>0x10</size>
         <input_file_ref idref="fl-42"/>
      </object_component>
      <object_component id="oc-3ee">
         <name>.bss</name>
         <uninitialized>true</uninitialized>
         <run_address>0x200052a0</run_address>
         <size>0x1c</size>
         <input_file_ref idref="fl-42"/>
      </object_component>
      <object_component id="oc-39e">
         <name>.bss</name>
         <uninitialized>true</uninitialized>
         <run_address>0x200052e8</run_address>
         <size>0xc</size>
         <input_file_ref idref="fl-44"/>
      </object_component>
      <object_component id="oc-30d">
         <name>.bss</name>
         <uninitialized>true</uninitialized>
         <run_address>0x20005186</run_address>
         <size>0x2</size>
         <input_file_ref idref="fl-4b"/>
      </object_component>
      <object_component id="oc-367">
         <name>.bss:str$1</name>
         <uninitialized>true</uninitialized>
         <run_address>0x200052cc</run_address>
         <size>0x10</size>
         <input_file_ref idref="fl-4c"/>
      </object_component>
      <object_component id="oc-c5">
         <name>.common:g_sNetIF</name>
         <uninitialized>true</uninitialized>
         <run_address>0x20005250</run_address>
         <size>0x30</size>
      </object_component>
      <object_component id="oc-356">
         <name>.common:ram_heap</name>
         <uninitialized>true</uninitialized>
         <run_address>0x20003088</run_address>
         <size>0x2014</size>
      </object_component>
      <object_component id="oc-2a1">
         <name>.common:netif_list</name>
         <uninitialized>true</uninitialized>
         <run_address>0x20005310</run_address>
         <size>0x4</size>
      </object_component>
      <object_component id="oc-2a4">
         <name>.common:netif_default</name>
         <uninitialized>true</uninitialized>
         <run_address>0x2000530c</run_address>
         <size>0x4</size>
      </object_component>
      <object_component id="oc-1b8">
         <name>.common:pbuf_free_ooseq_pending</name>
         <uninitialized>true</uninitialized>
         <run_address>0x20005338</run_address>
         <size>0x1</size>
      </object_component>
      <object_component id="oc-1dd">
         <name>.common:lwip_stats</name>
         <uninitialized>true</uninitialized>
         <run_address>0x2000509c</run_address>
         <size>0xea</size>
      </object_component>
      <object_component id="oc-2ba">
         <name>.common:tcp_ticks</name>
         <uninitialized>true</uninitialized>
         <run_address>0x20005324</run_address>
         <size>0x4</size>
      </object_component>
      <object_component id="oc-2b3">
         <name>.common:tcp_bound_pcbs</name>
         <uninitialized>true</uninitialized>
         <run_address>0x20005318</run_address>
         <size>0x4</size>
      </object_component>
      <object_component id="oc-2a5">
         <name>.common:tcp_listen_pcbs</name>
         <uninitialized>true</uninitialized>
         <run_address>0x20005320</run_address>
         <size>0x4</size>
      </object_component>
      <object_component id="oc-1bb">
         <name>.common:tcp_active_pcbs</name>
         <uninitialized>true</uninitialized>
         <run_address>0x20005314</run_address>
         <size>0x4</size>
      </object_component>
      <object_component id="oc-2b2">
         <name>.common:tcp_tw_pcbs</name>
         <uninitialized>true</uninitialized>
         <run_address>0x2000532c</run_address>
         <size>0x4</size>
      </object_component>
      <object_component id="oc-2b0">
         <name>.common:tcp_tmp_pcb</name>
         <uninitialized>true</uninitialized>
         <run_address>0x20005328</run_address>
         <size>0x4</size>
      </object_component>
      <object_component id="oc-2b1">
         <name>.common:tcp_active_pcbs_changed</name>
         <uninitialized>true</uninitialized>
         <run_address>0x20005339</run_address>
         <size>0x1</size>
      </object_component>
      <object_component id="oc-3a7">
         <name>.common:tcp_input_pcb</name>
         <uninitialized>true</uninitialized>
         <run_address>0x2000531c</run_address>
         <size>0x4</size>
      </object_component>
      <object_component id="oc-2ef">
         <name>.common:udp_pcbs</name>
         <uninitialized>true</uninitialized>
         <run_address>0x20005330</run_address>
         <size>0x4</size>
      </object_component>
      <object_component id="oc-30b">
         <name>.common:current_netif</name>
         <uninitialized>true</uninitialized>
         <run_address>0x20005308</run_address>
         <size>0x4</size>
      </object_component>
      <object_component id="oc-30c">
         <name>.common:current_header</name>
         <uninitialized>true</uninitialized>
         <run_address>0x200052fc</run_address>
         <size>0x4</size>
      </object_component>
      <object_component id="oc-2fb">
         <name>.common:current_iphdr_src</name>
         <uninitialized>true</uninitialized>
         <run_address>0x20005304</run_address>
         <size>0x4</size>
      </object_component>
      <object_component id="oc-2f8">
         <name>.common:current_iphdr_dest</name>
         <uninitialized>true</uninitialized>
         <run_address>0x20005300</run_address>
         <size>0x4</size>
      </object_component>
      <object_component id="oc-21">
         <name>.stack</name>
         <uninitialized>true</uninitialized>
         <run_address>0x20005340</run_address>
         <size>0x4</size>
         <input_file_ref idref="fl-125"/>
      </object_component>
      <object_component id="oc-4b2">
         <name>.stack</name>
         <uninitialized>true</uninitialized>
         <run_address>0x20005340</run_address>
         <size>0x0</size>
      </object_component>
      <object_component id="oc-226">
         <name>.debug_info</name>
         <load_address>0x0</load_address>
         <run_address>0x0</run_address>
         <size>0x362</size>
         <input_file_ref idref="fl-2"/>
      </object_component>
      <object_component id="oc-31a">
         <name>.debug_info</name>
         <load_address>0x362</load_address>
         <run_address>0x362</run_address>
         <size>0x150</size>
         <input_file_ref idref="fl-2"/>
      </object_component>
      <object_component id="oc-179">
         <name>.debug_info</name>
         <load_address>0x4b2</load_address>
         <run_address>0x4b2</run_address>
         <size>0x393</size>
         <input_file_ref idref="fl-2"/>
      </object_component>
      <object_component id="oc-d6">
         <name>.debug_info</name>
         <load_address>0x845</load_address>
         <run_address>0x845</run_address>
         <size>0x26b</size>
         <input_file_ref idref="fl-2"/>
      </object_component>
      <object_component id="oc-3f">
         <name>.debug_info</name>
         <load_address>0xab0</load_address>
         <run_address>0xab0</run_address>
         <size>0x84</size>
         <input_file_ref idref="fl-2"/>
      </object_component>
      <object_component id="oc-21f">
         <name>.debug_info</name>
         <load_address>0xb34</load_address>
         <run_address>0xb34</run_address>
         <size>0x297</size>
         <input_file_ref idref="fl-2"/>
      </object_component>
      <object_component id="oc-12f">
         <name>.debug_info</name>
         <load_address>0xdcb</load_address>
         <run_address>0xdcb</run_address>
         <size>0xef</size>
         <input_file_ref idref="fl-2"/>
      </object_component>
      <object_component id="oc-c9">
         <name>.debug_info</name>
         <load_address>0xeba</load_address>
         <run_address>0xeba</run_address>
         <size>0xbb</size>
         <input_file_ref idref="fl-2"/>
      </object_component>
      <object_component id="oc-316">
         <name>.debug_info</name>
         <load_address>0xf75</load_address>
         <run_address>0xf75</run_address>
         <size>0x397</size>
         <input_file_ref idref="fl-4"/>
      </object_component>
      <object_component id="oc-175">
         <name>.debug_info</name>
         <load_address>0x130c</load_address>
         <run_address>0x130c</run_address>
         <size>0xdf</size>
         <input_file_ref idref="fl-4"/>
      </object_component>
      <object_component id="oc-172">
         <name>.debug_info</name>
         <load_address>0x13eb</load_address>
         <run_address>0x13eb</run_address>
         <size>0xd3</size>
         <input_file_ref idref="fl-4"/>
      </object_component>
      <object_component id="oc-18b">
         <name>.debug_info</name>
         <load_address>0x14be</load_address>
         <run_address>0x14be</run_address>
         <size>0x121</size>
         <input_file_ref idref="fl-4"/>
      </object_component>
      <object_component id="oc-90">
         <name>.debug_info</name>
         <load_address>0x15df</load_address>
         <run_address>0x15df</run_address>
         <size>0x1d9</size>
         <input_file_ref idref="fl-4"/>
      </object_component>
      <object_component id="oc-182">
         <name>.debug_info</name>
         <load_address>0x17b8</load_address>
         <run_address>0x17b8</run_address>
         <size>0x4a0</size>
         <input_file_ref idref="fl-5"/>
      </object_component>
      <object_component id="oc-407">
         <name>.debug_info</name>
         <load_address>0x1c58</load_address>
         <run_address>0x1c58</run_address>
         <size>0x257</size>
         <input_file_ref idref="fl-6"/>
      </object_component>
      <object_component id="oc-325">
         <name>.debug_info</name>
         <load_address>0x1eaf</load_address>
         <run_address>0x1eaf</run_address>
         <size>0x103</size>
         <input_file_ref idref="fl-6"/>
      </object_component>
      <object_component id="oc-328">
         <name>.debug_info</name>
         <load_address>0x1fb2</load_address>
         <run_address>0x1fb2</run_address>
         <size>0x1ae</size>
         <input_file_ref idref="fl-6"/>
      </object_component>
      <object_component id="oc-185">
         <name>.debug_info</name>
         <load_address>0x2160</load_address>
         <run_address>0x2160</run_address>
         <size>0x2b1</size>
         <input_file_ref idref="fl-6"/>
      </object_component>
      <object_component id="oc-38">
         <name>.debug_info</name>
         <load_address>0x2411</load_address>
         <run_address>0x2411</run_address>
         <size>0x2f2</size>
         <input_file_ref idref="fl-8"/>
      </object_component>
      <object_component id="oc-10">
         <name>.debug_info</name>
         <load_address>0x2703</load_address>
         <run_address>0x2703</run_address>
         <size>0xdf</size>
         <input_file_ref idref="fl-8"/>
      </object_component>
      <object_component id="oc-25">
         <name>.debug_info</name>
         <load_address>0x27e2</load_address>
         <run_address>0x27e2</run_address>
         <size>0x25b</size>
         <input_file_ref idref="fl-8"/>
      </object_component>
      <object_component id="oc-99">
         <name>.debug_info</name>
         <load_address>0x2a3d</load_address>
         <run_address>0x2a3d</run_address>
         <size>0x8b</size>
         <input_file_ref idref="fl-9"/>
      </object_component>
      <object_component id="oc-106">
         <name>.debug_info</name>
         <load_address>0x2ac8</load_address>
         <run_address>0x2ac8</run_address>
         <size>0x32c</size>
         <input_file_ref idref="fl-d"/>
      </object_component>
      <object_component id="oc-19b">
         <name>.debug_info</name>
         <load_address>0x2df4</load_address>
         <run_address>0x2df4</run_address>
         <size>0x350</size>
         <input_file_ref idref="fl-16"/>
      </object_component>
      <object_component id="oc-192">
         <name>.debug_info</name>
         <load_address>0x3144</load_address>
         <run_address>0x3144</run_address>
         <size>0xf0</size>
         <input_file_ref idref="fl-16"/>
      </object_component>
      <object_component id="oc-195">
         <name>.debug_info</name>
         <load_address>0x3234</load_address>
         <run_address>0x3234</run_address>
         <size>0xf2</size>
         <input_file_ref idref="fl-16"/>
      </object_component>
      <object_component id="oc-198">
         <name>.debug_info</name>
         <load_address>0x3326</load_address>
         <run_address>0x3326</run_address>
         <size>0xe4</size>
         <input_file_ref idref="fl-16"/>
      </object_component>
      <object_component id="oc-a2">
         <name>.debug_info</name>
         <load_address>0x340a</load_address>
         <run_address>0x340a</run_address>
         <size>0x3113</size>
         <input_file_ref idref="fl-16"/>
      </object_component>
      <object_component id="oc-121">
         <name>.debug_info</name>
         <load_address>0x651d</load_address>
         <run_address>0x651d</run_address>
         <size>0x32d</size>
         <input_file_ref idref="fl-19"/>
      </object_component>
      <object_component id="oc-10f">
         <name>.debug_info</name>
         <load_address>0x684a</load_address>
         <run_address>0x684a</run_address>
         <size>0xdf</size>
         <input_file_ref idref="fl-19"/>
      </object_component>
      <object_component id="oc-112">
         <name>.debug_info</name>
         <load_address>0x6929</load_address>
         <run_address>0x6929</run_address>
         <size>0xd7</size>
         <input_file_ref idref="fl-19"/>
      </object_component>
      <object_component id="oc-115">
         <name>.debug_info</name>
         <load_address>0x6a00</load_address>
         <run_address>0x6a00</run_address>
         <size>0xdb</size>
         <input_file_ref idref="fl-19"/>
      </object_component>
      <object_component id="oc-118">
         <name>.debug_info</name>
         <load_address>0x6adb</load_address>
         <run_address>0x6adb</run_address>
         <size>0xe1</size>
         <input_file_ref idref="fl-19"/>
      </object_component>
      <object_component id="oc-11b">
         <name>.debug_info</name>
         <load_address>0x6bbc</load_address>
         <run_address>0x6bbc</run_address>
         <size>0xdf</size>
         <input_file_ref idref="fl-19"/>
      </object_component>
      <object_component id="oc-11e">
         <name>.debug_info</name>
         <load_address>0x6c9b</load_address>
         <run_address>0x6c9b</run_address>
         <size>0xe3</size>
         <input_file_ref idref="fl-19"/>
      </object_component>
      <object_component id="oc-10c">
         <name>.debug_info</name>
         <load_address>0x6d7e</load_address>
         <run_address>0x6d7e</run_address>
         <size>0xe0</size>
         <input_file_ref idref="fl-19"/>
      </object_component>
      <object_component id="oc-80">
         <name>.debug_info</name>
         <load_address>0x6e5e</load_address>
         <run_address>0x6e5e</run_address>
         <size>0xce0</size>
         <input_file_ref idref="fl-19"/>
      </object_component>
      <object_component id="oc-33e">
         <name>.debug_info</name>
         <load_address>0x7b3e</load_address>
         <run_address>0x7b3e</run_address>
         <size>0x331</size>
         <input_file_ref idref="fl-20"/>
      </object_component>
      <object_component id="oc-338">
         <name>.debug_info</name>
         <load_address>0x7e6f</load_address>
         <run_address>0x7e6f</run_address>
         <size>0xdd</size>
         <input_file_ref idref="fl-20"/>
      </object_component>
      <object_component id="oc-33b">
         <name>.debug_info</name>
         <load_address>0x7f4c</load_address>
         <run_address>0x7f4c</run_address>
         <size>0xef</size>
         <input_file_ref idref="fl-20"/>
      </object_component>
      <object_component id="oc-19d">
         <name>.debug_info</name>
         <load_address>0x803b</load_address>
         <run_address>0x803b</run_address>
         <size>0x151c</size>
         <input_file_ref idref="fl-20"/>
      </object_component>
      <object_component id="oc-134">
         <name>.debug_info</name>
         <load_address>0x9557</load_address>
         <run_address>0x9557</run_address>
         <size>0x3b2</size>
         <input_file_ref idref="fl-22"/>
      </object_component>
      <object_component id="oc-126">
         <name>.debug_info</name>
         <load_address>0x9909</load_address>
         <run_address>0x9909</run_address>
         <size>0xd6</size>
         <input_file_ref idref="fl-22"/>
      </object_component>
      <object_component id="oc-12c">
         <name>.debug_info</name>
         <load_address>0x99df</load_address>
         <run_address>0x99df</run_address>
         <size>0xe2</size>
         <input_file_ref idref="fl-22"/>
      </object_component>
      <object_component id="oc-123">
         <name>.debug_info</name>
         <load_address>0x9ac1</load_address>
         <run_address>0x9ac1</run_address>
         <size>0xdc</size>
         <input_file_ref idref="fl-22"/>
      </object_component>
      <object_component id="oc-129">
         <name>.debug_info</name>
         <load_address>0x9b9d</load_address>
         <run_address>0x9b9d</run_address>
         <size>0xe9</size>
         <input_file_ref idref="fl-22"/>
      </object_component>
      <object_component id="oc-85">
         <name>.debug_info</name>
         <load_address>0x9c86</load_address>
         <run_address>0x9c86</run_address>
         <size>0x2b26</size>
         <input_file_ref idref="fl-22"/>
      </object_component>
      <object_component id="oc-28c">
         <name>.debug_info</name>
         <load_address>0xc7ac</load_address>
         <run_address>0xc7ac</run_address>
         <size>0x51</size>
         <input_file_ref idref="fl-22"/>
      </object_component>
      <object_component id="oc-104">
         <name>.debug_info</name>
         <load_address>0xc7fd</load_address>
         <run_address>0xc7fd</run_address>
         <size>0x2bc</size>
         <input_file_ref idref="fl-24"/>
      </object_component>
      <object_component id="oc-79">
         <name>.debug_info</name>
         <load_address>0xcab9</load_address>
         <run_address>0xcab9</run_address>
         <size>0x535</size>
         <input_file_ref idref="fl-24"/>
      </object_component>
      <object_component id="oc-404">
         <name>.debug_info</name>
         <load_address>0xcfee</load_address>
         <run_address>0xcfee</run_address>
         <size>0x33d</size>
         <input_file_ref idref="fl-25"/>
      </object_component>
      <object_component id="oc-3fe">
         <name>.debug_info</name>
         <load_address>0xd32b</load_address>
         <run_address>0xd32b</run_address>
         <size>0xe3</size>
         <input_file_ref idref="fl-25"/>
      </object_component>
      <object_component id="oc-401">
         <name>.debug_info</name>
         <load_address>0xd40e</load_address>
         <run_address>0xd40e</run_address>
         <size>0xf5</size>
         <input_file_ref idref="fl-25"/>
      </object_component>
      <object_component id="oc-320">
         <name>.debug_info</name>
         <load_address>0xd503</load_address>
         <run_address>0xd503</run_address>
         <size>0x246b</size>
         <input_file_ref idref="fl-25"/>
      </object_component>
      <object_component id="oc-2e5">
         <name>.debug_info</name>
         <load_address>0xf96e</load_address>
         <run_address>0xf96e</run_address>
         <size>0x332</size>
         <input_file_ref idref="fl-26"/>
      </object_component>
      <object_component id="oc-2df">
         <name>.debug_info</name>
         <load_address>0xfca0</load_address>
         <run_address>0xfca0</run_address>
         <size>0xe0</size>
         <input_file_ref idref="fl-26"/>
      </object_component>
      <object_component id="oc-2e2">
         <name>.debug_info</name>
         <load_address>0xfd80</load_address>
         <run_address>0xfd80</run_address>
         <size>0xf2</size>
         <input_file_ref idref="fl-26"/>
      </object_component>
      <object_component id="oc-15c">
         <name>.debug_info</name>
         <load_address>0xfe72</load_address>
         <run_address>0xfe72</run_address>
         <size>0x26f2</size>
         <input_file_ref idref="fl-26"/>
      </object_component>
      <object_component id="oc-c6">
         <name>.debug_info</name>
         <load_address>0x12564</load_address>
         <run_address>0x12564</run_address>
         <size>0xa95</size>
         <input_file_ref idref="fl-2a"/>
      </object_component>
      <object_component id="oc-166">
         <name>.debug_info</name>
         <load_address>0x12ff9</load_address>
         <run_address>0x12ff9</run_address>
         <size>0x23f</size>
         <input_file_ref idref="fl-2a"/>
      </object_component>
      <object_component id="oc-8a">
         <name>.debug_info</name>
         <load_address>0x13238</load_address>
         <run_address>0x13238</run_address>
         <size>0xe18</size>
         <input_file_ref idref="fl-2a"/>
      </object_component>
      <object_component id="oc-1ca">
         <name>.debug_info</name>
         <load_address>0x14050</load_address>
         <run_address>0x14050</run_address>
         <size>0x138</size>
         <input_file_ref idref="fl-2a"/>
      </object_component>
      <object_component id="oc-34e">
         <name>.debug_info</name>
         <load_address>0x14188</load_address>
         <run_address>0x14188</run_address>
         <size>0x87</size>
         <input_file_ref idref="fl-2a"/>
      </object_component>
      <object_component id="oc-20b">
         <name>.debug_info</name>
         <load_address>0x1420f</load_address>
         <run_address>0x1420f</run_address>
         <size>0x8a</size>
         <input_file_ref idref="fl-2a"/>
      </object_component>
      <object_component id="oc-215">
         <name>.debug_info</name>
         <load_address>0x14299</load_address>
         <run_address>0x14299</run_address>
         <size>0x651</size>
         <input_file_ref idref="fl-2a"/>
      </object_component>
      <object_component id="oc-21a">
         <name>.debug_info</name>
         <load_address>0x148ea</load_address>
         <run_address>0x148ea</run_address>
         <size>0x188</size>
         <input_file_ref idref="fl-2a"/>
      </object_component>
      <object_component id="oc-201">
         <name>.debug_info</name>
         <load_address>0x14a72</load_address>
         <run_address>0x14a72</run_address>
         <size>0x193</size>
         <input_file_ref idref="fl-2a"/>
      </object_component>
      <object_component id="oc-1c5">
         <name>.debug_info</name>
         <load_address>0x14c05</load_address>
         <run_address>0x14c05</run_address>
         <size>0x87</size>
         <input_file_ref idref="fl-2a"/>
      </object_component>
      <object_component id="oc-cf">
         <name>.debug_info</name>
         <load_address>0x14c8c</load_address>
         <run_address>0x14c8c</run_address>
         <size>0x2c</size>
         <input_file_ref idref="fl-2a"/>
      </object_component>
      <object_component id="oc-35a">
         <name>.debug_info</name>
         <load_address>0x14cb8</load_address>
         <run_address>0x14cb8</run_address>
         <size>0x2c</size>
         <input_file_ref idref="fl-2a"/>
      </object_component>
      <object_component id="oc-1cf">
         <name>.debug_info</name>
         <load_address>0x14ce4</load_address>
         <run_address>0x14ce4</run_address>
         <size>0x2c</size>
         <input_file_ref idref="fl-2a"/>
      </object_component>
      <object_component id="oc-2d9">
         <name>.debug_info</name>
         <load_address>0x14d10</load_address>
         <run_address>0x14d10</run_address>
         <size>0x2c</size>
         <input_file_ref idref="fl-2a"/>
      </object_component>
      <object_component id="oc-1f6">
         <name>.debug_info</name>
         <load_address>0x14d3c</load_address>
         <run_address>0x14d3c</run_address>
         <size>0x14d</size>
         <input_file_ref idref="fl-2a"/>
      </object_component>
      <object_component id="oc-3db">
         <name>.debug_info</name>
         <load_address>0x14e89</load_address>
         <run_address>0x14e89</run_address>
         <size>0xd5</size>
         <input_file_ref idref="fl-2a"/>
      </object_component>
      <object_component id="oc-1f1">
         <name>.debug_info</name>
         <load_address>0x14f5e</load_address>
         <run_address>0x14f5e</run_address>
         <size>0x9f</size>
         <input_file_ref idref="fl-2a"/>
      </object_component>
      <object_component id="oc-3d6">
         <name>.debug_info</name>
         <load_address>0x14ffd</load_address>
         <run_address>0x14ffd</run_address>
         <size>0x167</size>
         <input_file_ref idref="fl-2a"/>
      </object_component>
      <object_component id="oc-206">
         <name>.debug_info</name>
         <load_address>0x15164</load_address>
         <run_address>0x15164</run_address>
         <size>0x3f9</size>
         <input_file_ref idref="fl-2a"/>
      </object_component>
      <object_component id="oc-210">
         <name>.debug_info</name>
         <load_address>0x1555d</load_address>
         <run_address>0x1555d</run_address>
         <size>0x17e</size>
         <input_file_ref idref="fl-2a"/>
      </object_component>
      <object_component id="oc-313">
         <name>.debug_info</name>
         <load_address>0x156db</load_address>
         <run_address>0x156db</run_address>
         <size>0x2cf</size>
         <input_file_ref idref="fl-2c"/>
      </object_component>
      <object_component id="oc-16f">
         <name>.debug_info</name>
         <load_address>0x159aa</load_address>
         <run_address>0x159aa</run_address>
         <size>0xc1</size>
         <input_file_ref idref="fl-2c"/>
      </object_component>
      <object_component id="oc-ce">
         <name>.debug_info</name>
         <load_address>0x15a6b</load_address>
         <run_address>0x15a6b</run_address>
         <size>0x68e</size>
         <input_file_ref idref="fl-2d"/>
      </object_component>
      <object_component id="oc-ac">
         <name>.debug_info</name>
         <load_address>0x160f9</load_address>
         <run_address>0x160f9</run_address>
         <size>0x10a</size>
         <input_file_ref idref="fl-2d"/>
      </object_component>
      <object_component id="oc-c0">
         <name>.debug_info</name>
         <load_address>0x16203</load_address>
         <run_address>0x16203</run_address>
         <size>0x109</size>
         <input_file_ref idref="fl-2d"/>
      </object_component>
      <object_component id="oc-c3">
         <name>.debug_info</name>
         <load_address>0x1630c</load_address>
         <run_address>0x1630c</run_address>
         <size>0xdb</size>
         <input_file_ref idref="fl-2d"/>
      </object_component>
      <object_component id="oc-32">
         <name>.debug_info</name>
         <load_address>0x163e7</load_address>
         <run_address>0x163e7</run_address>
         <size>0x2357</size>
         <input_file_ref idref="fl-2d"/>
      </object_component>
      <object_component id="oc-14e">
         <name>.debug_info</name>
         <load_address>0x1873e</load_address>
         <run_address>0x1873e</run_address>
         <size>0x188</size>
         <input_file_ref idref="fl-2e"/>
      </object_component>
      <object_component id="oc-a7">
         <name>.debug_info</name>
         <load_address>0x188c6</load_address>
         <run_address>0x188c6</run_address>
         <size>0x41b</size>
         <input_file_ref idref="fl-30"/>
      </object_component>
      <object_component id="oc-1aa">
         <name>.debug_info</name>
         <load_address>0x18ce1</load_address>
         <run_address>0x18ce1</run_address>
         <size>0x22f</size>
         <input_file_ref idref="fl-31"/>
      </object_component>
      <object_component id="oc-190">
         <name>.debug_info</name>
         <load_address>0x18f10</load_address>
         <run_address>0x18f10</run_address>
         <size>0x57f</size>
         <input_file_ref idref="fl-32"/>
      </object_component>
      <object_component id="oc-96">
         <name>.debug_info</name>
         <load_address>0x1948f</load_address>
         <run_address>0x1948f</run_address>
         <size>0x19d</size>
         <input_file_ref idref="fl-32"/>
      </object_component>
      <object_component id="oc-2c">
         <name>.debug_info</name>
         <load_address>0x1962c</load_address>
         <run_address>0x1962c</run_address>
         <size>0x223</size>
         <input_file_ref idref="fl-32"/>
      </object_component>
      <object_component id="oc-13f">
         <name>.debug_info</name>
         <load_address>0x1984f</load_address>
         <run_address>0x1984f</run_address>
         <size>0x29c</size>
         <input_file_ref idref="fl-34"/>
      </object_component>
      <object_component id="oc-1f0">
         <name>.debug_info</name>
         <load_address>0x19aeb</load_address>
         <run_address>0x19aeb</run_address>
[...]
      </symbol>
      <symbol id="sm-aa4">
         <name>lwip_stats</name>
         <value>0x2000509c</value>
      </symbol>
      <symbol id="sm-aa5">
         <name>stats_init</name>
         <value>0x91fb</value>
         <object_component_ref idref="oc-290"/>
      </symbol>
      <symbol id="sm-c06">
         <name>tcp_ticks</name>
         <value>0x20005324</value>
      </symbol>
      <symbol id="sm-c07">
         <name>tcp_bound_pcbs</name>
         <value>0x20005318</value>
      </symbol>
      <symbol id="sm-c08">
         <name>tcp_listen_pcbs</name>
         <value>0x20005320</value>
      </symbol>
      <symbol id="sm-c09">
         <name>tcp_active_pcbs</name>
         <value>0x20005314</value>
      </symbol>
      <symbol id="sm-c0a">
         <name>tcp_tw_pcbs</name>
         <value>0x2000532c</value>
      </symbol>
      <symbol id="sm-c0b">
         <name>tcp_tmp_pcb</name>
         <value>0x20005328</value>
      </symbol>
      <symbol id="sm-c0c">
         <name>tcp_active_pcbs_changed</name>
         <value>0x20005339</value>
      </symbol>
      <symbol id="sm-c0d">
         <name>tcp_pcb_purge</name>
         <value>0x2ec9</value>
         <object_component_ref idref="oc-147"/>
      </symbol>
      <symbol id="sm-c0e">
         <name>tcp_slowtmr</name>
         <value>0x261d</value>
         <object_component_ref idref="oc-147"/>
      </symbol>
      <symbol id="sm-c0f">
         <name>tcp_connect</name>
         <value>0x2471</value>
         <object_component_ref idref="oc-147"/>
      </symbol>
      <symbol id="sm-c10">
         <name>tcp_recv_null</name>
         <value>0x2c19</value>
         <object_component_ref idref="oc-147"/>
      </symbol>
      <symbol id="sm-c11">
         <name>tcp_fasttmr</name>
         <value>0x2a55</value>
         <object_component_ref idref="oc-147"/>
      </symbol>
      <symbol id="sm-c12">
         <name>tcp_seg_free</name>
         <value>0x2bb5</value>
         <object_component_ref idref="oc-147"/>
      </symbol>
      <symbol id="sm-c13">
         <name>tcp_abandon</name>
         <value>0x2061</value>
         <object_component_ref idref="oc-147"/>
      </symbol>
      <symbol id="sm-c14">
         <name>tcp_arg</name>
         <value>0x2e45</value>
         <object_component_ref idref="oc-147"/>
      </symbol>
      <symbol id="sm-c15">
         <name>tcp_bind</name>
         <value>0x2131</value>
         <object_component_ref idref="oc-147"/>
      </symbol>
      <symbol id="sm-c16">
         <name>tcp_recved</name>
         <value>0x2387</value>
         <object_component_ref idref="oc-147"/>
      </symbol>
      <symbol id="sm-c17">
         <name>tcp_err</name>
         <value>0x2e7d</value>
         <object_component_ref idref="oc-147"/>
      </symbol>
      <symbol id="sm-c18">
         <name>tcp_backoff</name>
         <value>0xd428</value>
         <object_component_ref idref="oc-2be"/>
      </symbol>
      <symbol id="sm-c19">
         <name>tcp_recv</name>
         <value>0x2e57</value>
         <object_component_ref idref="oc-147"/>
      </symbol>
      <symbol id="sm-c1a">
         <name>tcp_persist_backoff</name>
         <value>0xd458</value>
         <object_component_ref idref="oc-2bb"/>
      </symbol>
      <symbol id="sm-c1b">
         <name>tcp_init</name>
         <value>0x1d81</value>
         <object_component_ref idref="oc-147"/>
      </symbol>
      <symbol id="sm-c1c">
         <name>tcp_alloc</name>
         <value>0x2d29</value>
         <object_component_ref idref="oc-147"/>
      </symbol>
      <symbol id="sm-c1d">
         <name>tcp_pcb_lists</name>
         <value>0xd418</value>
         <object_component_ref idref="oc-2b4"/>
      </symbol>
      <symbol id="sm-c1e">
         <name>tcp_poll</name>
         <value>0x2ea3</value>
         <object_component_ref idref="oc-147"/>
      </symbol>
      <symbol id="sm-c1f">
         <name>tcp_next_iss</name>
         <value>0x2fd7</value>
         <object_component_ref idref="oc-147"/>
      </symbol>
      <symbol id="sm-c20">
         <name>tcp_segs_free</name>
         <value>0x2b95</value>
         <object_component_ref idref="oc-147"/>
      </symbol>
      <symbol id="sm-c21">
         <name>tcp_close</name>
         <value>0x1fbf</value>
         <object_component_ref idref="oc-147"/>
      </symbol>
      <symbol id="sm-c22">
         <name>tcp_update_rcv_ann_wnd</name>
         <value>0x2311</value>
         <object_component_ref idref="oc-147"/>
      </symbol>
      <symbol id="sm-c23">
         <name>tcp_new</name>
         <value>0x2e3b</value>
         <object_component_ref idref="oc-147"/>
      </symbol>
      <symbol id="sm-c24">
         <name>tcp_sent</name>
         <value>0x2e6b</value>
         <object_component_ref idref="oc-147"/>
      </symbol>
      <symbol id="sm-c25">
         <name>tcp_tmr</name>
         <value>0x1d83</value>
         <object_component_ref idref="oc-147"/>
      </symbol>
      <symbol id="sm-c26">
         <name>tcp_eff_send_mss</name>
         <value>0x2fed</value>
         <object_component_ref idref="oc-147"/>
      </symbol>
      <symbol id="sm-c27">
         <name>tcp_process_refused_data</name>
         <value>0x2ad5</value>
         <object_component_ref idref="oc-147"/>
      </symbol>
      <symbol id="sm-c28">
         <name>tcp_listen_with_backlog</name>
         <value>0x2217</value>
         <object_component_ref idref="oc-147"/>
      </symbol>
      <symbol id="sm-c29">
         <name>tcp_seg_copy</name>
         <value>0x2bef</value>
         <object_component_ref idref="oc-147"/>
      </symbol>
      <symbol id="sm-c2a">
         <name>tcp_accept</name>
         <value>0x2e91</value>
         <object_component_ref idref="oc-147"/>
      </symbol>
      <symbol id="sm-c2b">
         <name>tcp_pcb_remove</name>
         <value>0x2f3d</value>
         <object_component_ref idref="oc-147"/>
      </symbol>
      <symbol id="sm-c2c">
         <name>tcp_debug_state_str</name>
         <value>0x3031</value>
         <object_component_ref idref="oc-147"/>
      </symbol>
      <symbol id="sm-c2d">
         <name>tcp_state_str</name>
         <value>0xd2f8</value>
         <object_component_ref idref="oc-2c1"/>
      </symbol>
      <symbol id="sm-c2e">
         <name>tcp_abort</name>
         <value>0x211d</value>
         <object_component_ref idref="oc-147"/>
      </symbol>
      <symbol id="sm-c2f">
         <name>tcp_shutdown</name>
         <value>0x1fe5</value>
         <object_component_ref idref="oc-147"/>
      </symbol>
      <symbol id="sm-c30">
         <name>tcp_setprio</name>
         <value>0x2bd9</value>
         <object_component_ref idref="oc-147"/>
      </symbol>
      <symbol id="sm-dac">
         <name>tcp_input_pcb</name>
         <value>0x2000531c</value>
      </symbol>
      <symbol id="sm-dad">
         <name>tcp_input</name>
         <value>0x26d</value>
         <object_component_ref idref="oc-305"/>
      </symbol>
      <symbol id="sm-e6d">
         <name>tcp_write</name>
         <value>0x33a5</value>
         <object_component_ref idref="oc-2a7"/>
      </symbol>
      <symbol id="sm-e6e">
         <name>tcp_rst</name>
         <value>0x3db3</value>
         <object_component_ref idref="oc-2a7"/>
      </symbol>
      <symbol id="sm-e6f">
         <name>tcp_rexmit</name>
         <value>0x3ead</value>
         <object_component_ref idref="oc-2a7"/>
      </symbol>
      <symbol id="sm-e70">
         <name>tcp_output</name>
         <value>0x3a2d</value>
         <object_component_ref idref="oc-2a7"/>
      </symbol>
      <symbol id="sm-e71">
         <name>tcp_rexmit_fast</name>
         <value>0x3f29</value>
         <object_component_ref idref="oc-2a7"/>
      </symbol>
      <symbol id="sm-e72">
         <name>tcp_keepalive</name>
         <value>0x3fbd</value>
         <object_component_ref idref="oc-2a7"/>
      </symbol>
      <symbol id="sm-e73">
         <name>tcp_rexmit_rto</name>
         <value>0x3e5d</value>
         <object_component_ref idref="oc-2a7"/>
      </symbol>
      <symbol id="sm-e74">
         <name>tcp_send_empty_ack</name>
         <value>0x39a9</value>
         <object_component_ref idref="oc-2a7"/>
      </symbol>
      <symbol id="sm-e75">
         <name>tcp_enqueue_flags</name>
         <value>0x3835</value>
         <object_component_ref idref="oc-2a7"/>
      </symbol>
      <symbol id="sm-e76">
         <name>tcp_send_fin</name>
         <value>0x3111</value>
         <object_component_ref idref="oc-2a7"/>
      </symbol>
      <symbol id="sm-e77">
         <name>tcp_zero_window_probe</name>
         <value>0x402d</value>
         <object_component_ref idref="oc-2a7"/>
      </symbol>
      <symbol id="sm-eb5">
         <name>sys_restart_timeouts</name>
         <value>0xbe0b</value>
         <object_component_ref idref="oc-296"/>
      </symbol>
      <symbol id="sm-eb6">
         <name>tcp_timer_needed</name>
         <value>0xbbe1</value>
         <object_component_ref idref="oc-296"/>
      </symbol>
      <symbol id="sm-eb7">
         <name>sys_timeouts_init</name>
         <value>0xbc1d</value>
         <object_component_ref idref="oc-296"/>
      </symbol>
      <symbol id="sm-eb8">
         <name>sys_untimeout</name>
         <value>0xbd03</value>
         <object_component_ref idref="oc-296"/>
      </symbol>
      <symbol id="sm-eb9">
         <name>sys_check_timeouts</name>
         <value>0xbd81</value>
         <object_component_ref idref="oc-296"/>
      </symbol>
      <symbol id="sm-eba">
         <name>sys_timeout</name>
         <value>0xbc35</value>
         <object_component_ref idref="oc-296"/>
      </symbol>
      <symbol id="sm-f30">
         <name>udp_pcbs</name>
         <value>0x20005330</value>
      </symbol>
      <symbol id="sm-f31">
         <name>udp_disconnect</name>
         <value>0x84d1</value>
         <object_component_ref idref="oc-15f"/>
      </symbol>
      <symbol id="sm-f32">
         <name>udp_sendto_if</name>
         <value>0x8239</value>
         <object_component_ref idref="oc-15f"/>
      </symbol>
      <symbol id="sm-f33">
         <name>udp_bind</name>
         <value>0x8389</value>
         <object_component_ref idref="oc-15f"/>
      </symbol>
      <symbol id="sm-f34">
         <name>udp_sendto</name>
         <value>0x81e5</value>
         <object_component_ref idref="oc-15f"/>
      </symbol>
      <symbol id="sm-f35">
         <name>udp_input</name>
         <value>0x7f75</value>
         <object_component_ref idref="oc-15f"/>
      </symbol>
      <symbol id="sm-f36">
         <name>udp_new</name>
         <value>0x855d</value>
         <object_component_ref idref="oc-15f"/>
      </symbol>
      <symbol id="sm-f37">
         <name>udp_recv</name>
         <value>0x84f1</value>
         <object_component_ref idref="oc-15f"/>
      </symbol>
      <symbol id="sm-f38">
         <name>udp_init</name>
         <value>0x7f09</value>
         <object_component_ref idref="oc-15f"/>
      </symbol>
      <symbol id="sm-f39">
         <name>udp_send</name>
         <value>0x81c9</value>
         <object_component_ref idref="oc-15f"/>
      </symbol>
      <symbol id="sm-f3a">
         <name>udp_remove</name>
         <value>0x850b</value>
         <object_component_ref idref="oc-15f"/>
      </symbol>
      <symbol id="sm-f3b">
         <name>udp_connect</name>
         <value>0x8449</value>
         <object_component_ref idref="oc-15f"/>
      </symbol>
      <symbol id="sm-f66">
         <name>icmp_dest_unreach</name>
         <value>0xbae3</value>
         <object_component_ref idref="oc-2f2"/>
      </symbol>
      <symbol id="sm-f67">
         <name>icmp_input</name>
         <value>0xb8fd</value>
         <object_component_ref idref="oc-2f2"/>
      </symbol>
      <symbol id="sm-f96">
         <name>inet_chksum_pseudo_partial</name>
         <value>0xa283</value>
         <object_component_ref idref="oc-2e9"/>
      </symbol>
      <symbol id="sm-f97">
         <name>inet_chksum</name>
         <value>0xa3c1</value>
         <object_component_ref idref="oc-2e9"/>
      </symbol>
      <symbol id="sm-f98">
         <name>inet_chksum_pbuf</name>
         <value>0xa3d9</value>
         <object_component_ref idref="oc-2e9"/>
      </symbol>
      <symbol id="sm-f99">
         <name>inet_chksum_pseudo</name>
         <value>0xa167</value>
         <object_component_ref idref="oc-2e9"/>
      </symbol>
      <symbol id="sm-ff2">
         <name>current_netif</name>
         <value>0x20005308</value>
      </symbol>
      <symbol id="sm-ff3">
         <name>current_header</name>
         <value>0x200052fc</value>
      </symbol>
      <symbol id="sm-ff4">
         <name>current_iphdr_src</name>
         <value>0x20005304</value>
      </symbol>
      <symbol id="sm-ff5">
         <name>current_iphdr_dest</name>
         <value>0x20005300</value>
      </symbol>
      <symbol id="sm-ff6">
         <name>ip_output_if</name>
         <value>0x9a41</value>
         <object_component_ref idref="oc-168"/>
      </symbol>
      <symbol id="sm-ff7">
         <name>ip_input</name>
         <value>0x97d9</value>
         <object_component_ref idref="oc-168"/>
      </symbol>
      <symbol id="sm-ff8">
         <name>ip_output</name>
         <value>0x9bb3</value>
         <object_component_ref idref="oc-168"/>
      </symbol>
      <symbol id="sm-ff9">
         <name>ip_route</name>
         <value>0x9761</value>
         <object_component_ref idref="oc-168"/>
      </symbol>
      <symbol id="sm-103f">
         <name>ipaddr_addr</name>
         <value>0xa52f</value>
         <object_component_ref idref="oc-1d7"/>
      </symbol>
      <symbol id="sm-1040">
         <name>ipaddr_ntoa</name>
         <value>0xa74d</value>
         <object_component_ref idref="oc-1d7"/>
      </symbol>
      <symbol id="sm-1041">
         <name>ip4_addr_isbroadcast</name>
         <value>0xa479</value>
         <object_component_ref idref="oc-1d7"/>
      </symbol>
      <symbol id="sm-1042">
         <name>ipaddr_ntoa_r</name>
         <value>0xa75d</value>
         <object_component_ref idref="oc-1d7"/>
      </symbol>
      <symbol id="sm-1043">
         <name>ipaddr_aton</name>
         <value>0xa547</value>
         <object_component_ref idref="oc-1d7"/>
      </symbol>
      <symbol id="sm-1044">
         <name>ip4_addr_netmask_valid</name>
         <value>0xa4e5</value>
         <object_component_ref idref="oc-1d7"/>
      </symbol>
      <symbol id="sm-10c3">
         <name>UARTgetc</name>
         <value>0x9d5f</value>
         <object_component_ref idref="oc-153"/>
      </symbol>
      <symbol id="sm-10c4">
         <name>UARTgets</name>
         <value>0x9ca5</value>
         <object_component_ref idref="oc-153"/>
      </symbol>
      <symbol id="sm-10c5">
         <name>UARTStdioConfig</name>
         <value>0x9c19</value>
         <object_component_ref idref="oc-153"/>
      </symbol>
      <symbol id="sm-10c6">
         <name>UARTwrite</name>
         <value>0x9c5f</value>
         <object_component_ref idref="oc-153"/>
      </symbol>
      <symbol id="sm-10c7">
         <name>UARTprintf</name>
         <value>0xa07f</value>
         <object_component_ref idref="oc-153"/>
      </symbol>
      <symbol id="sm-10c8">
         <name>UARTvprintf</name>
         <value>0x9d85</value>
         <object_component_ref idref="oc-153"/>
      </symbol>
      <symbol id="sm-10e4">
         <name>memcpy</name>
         <value>0xc779</value>
         <object_component_ref idref="oc-44"/>
      </symbol>
      <symbol id="sm-10e5">
         <name>__aeabi_memcpy</name>
         <value>0xc779</value>
         <object_component_ref idref="oc-44"/>
      </symbol>
      <symbol id="sm-10e6">
         <name>__aeabi_memcpy8</name>
         <value>0xc779</value>
         <object_component_ref idref="oc-44"/>
      </symbol>
      <symbol id="sm-10e7">
         <name>__aeabi_memcpy4</name>
         <value>0xc779</value>
         <object_component_ref idref="oc-44"/>
      </symbol>
      <symbol id="sm-10f6">
         <name>__aeabi_uidivmod</name>
         <value>0xcac1</value>
         <object_component_ref idref="oc-2cf"/>
      </symbol>
      <symbol id="sm-10f7">
         <name>__aeabi_uidiv</name>
         <value>0xcac1</value>
         <object_component_ref idref="oc-2cf"/>
      </symbol>
      <symbol id="sm-1106">
         <name>__aeabi_memset</name>
         <value>0xc92f</value>
         <object_component_ref idref="oc-ae"/>
      </symbol>
      <symbol id="sm-1107">
         <name>memset</name>
         <value>0xc935</value>
         <object_component_ref idref="oc-ae"/>
      </symbol>
      <symbol id="sm-1108">
         <name>__aeabi_memset8</name>
         <value>0xc92f</value>
         <object_component_ref idref="oc-ae"/>
      </symbol>
      <symbol id="sm-1109">
         <name>__aeabi_memset4</name>
         <value>0xc92f</value>
         <object_component_ref idref="oc-ae"/>
      </symbol>
      <symbol id="sm-110a">
         <name>__aeabi_memclr8</name>
         <value>0xc92d</value>
         <object_component_ref idref="oc-ae"/>
      </symbol>
      <symbol id="sm-110b">
         <name>__aeabi_memclr4</name>
         <value>0xc92d</value>
         <object_component_ref idref="oc-ae"/>
      </symbol>
      <symbol id="sm-110c">
         <name>__aeabi_memclr</name>
         <value>0xc92d</value>
         <object_component_ref idref="oc-ae"/>
      </symbol>
      <symbol id="sm-111e">
         <name>__TI_zero_init</name>
         <value>0xcc2b</value>
         <object_component_ref idref="oc-56"/>
      </symbol>
      <symbol id="sm-1135">
         <name>__TI_decompress_none</name>
         <value>0xcc1d</value>
         <object_component_ref idref="oc-18"/>
      </symbol>
      <symbol id="sm-1158">
         <name>__TI_decompress_lzss</name>
         <value>0xca13</value>
         <object_component_ref idref="oc-12"/>
      </symbol>
      <symbol id="sm-1168">
         <name>memcmp</name>
         <value>0xcbc5</value>
         <object_component_ref idref="oc-1e6"/>
      </symbol>
      <symbol id="sm-1177">
         <name>strlen</name>
         <value>0xcc09</value>
         <object_component_ref idref="oc-1be"/>
      </symbol>
      <symbol id="sm-118a">
         <name>__stack</name>
         <value>0x20005340</value>
         <object_component_ref idref="oc-21"/>
      </symbol>
      <symbol id="sm-118b">
         <name>_c_int00_noargs</name>
         <value>0xcb41</value>
         <object_component_ref idref="oc-62"/>
      </symbol>
      <symbol id="sm-1195">
         <name>__aeabi_idiv0</name>
         <value>0x8bcb</value>
         <object_component_ref idref="oc-3bf"/>
      </symbol>
      <symbol id="sm-1196">
         <name>__aeabi_ldiv0</name>
         <value>0x8bcb</value>
         <object_component_ref idref="oc-3bf"/>
      </symbol>
      <symbol id="sm-11be">
         <name>__TI_auto_init_nobinit_nopinit</name>
         <value>0xca7d</value>
         <object_component_ref idref="oc-23d"/>
      </symbol>
      <symbol id="sm-11c8">
         <name>_system_pre_init</name>
         <value>0xcc49</value>
         <object_component_ref idref="oc-f1"/>
      </symbol>
      <symbol id="sm-11d4">
         <name>C$$EXIT</name>
         <value>0xcc4d</value>
         <object_component_ref idref="oc-231"/>
      </symbol>
      <symbol id="sm-11d5">
         <name>abort</name>
         <value>0xcc4d</value>
         <object_component_ref idref="oc-231"/>
      </symbol>
      <symbol id="sm-11d8">
         <name>__TI_static_base__</name>
         <value>0x0</value>
      </symbol>
      <symbol id="sm-11db">
         <name>__mpu_init</name>
         <value>0x0</value>
      </symbol>
      <symbol id="sm-11dc">
         <name>_system_post_cinit</name>
         <value>0x0</value>
      </symbol>
   </symbol_table>
   <title>Link successful</title>
</link_info>
